###############################################################################
#
# IAR ELF Linker V9.10.1.308/W64 for ARM                  14/Nov/2021  17:28:21
# Copyright 2007-2021 IAR Systems AB.
#
#    Output file  =
#        D:\GitHub\STM32F4XX_RNDIS_DEMO\EWARM\ITAT_RNDIS\Exe\ITAT_RNDIS.out
#    Map file     =
#        D:\GitHub\STM32F4XX_RNDIS_DEMO\EWARM\ITAT_RNDIS\List\ITAT_RNDIS.map
#    Command line =
#        -f
#        D:\GitHub\STM32F4XX_RNDIS_DEMO\EWARM\ITAT_RNDIS\Exe\ITAT_RNDIS.out.rsp
#        (D:\GitHub\STM32F4XX_RNDIS_DEMO\EWARM\ITAT_RNDIS\Obj\Middlewares\FreeRTOS_TCP\BufferAllocation_2.o
#        D:\GitHub\STM32F4XX_RNDIS_DEMO\EWARM\ITAT_RNDIS\Obj\Middlewares\FreeRTOS\cmsis_os2.o
#        D:\GitHub\STM32F4XX_RNDIS_DEMO\EWARM\ITAT_RNDIS\Obj\Middlewares\FreeRTOS\croutine.o
#        D:\GitHub\STM32F4XX_RNDIS_DEMO\EWARM\ITAT_RNDIS\Obj\Application\User\Core\dhcpserver.o
#        D:\GitHub\STM32F4XX_RNDIS_DEMO\EWARM\ITAT_RNDIS\Obj\Application\User\Core\dnsserver.o
#        D:\GitHub\STM32F4XX_RNDIS_DEMO\EWARM\ITAT_RNDIS\Obj\Middlewares\FreeRTOS\event_groups.o
#        D:\GitHub\STM32F4XX_RNDIS_DEMO\EWARM\ITAT_RNDIS\Obj\Application\User\Core\freertos.o
#        D:\GitHub\STM32F4XX_RNDIS_DEMO\EWARM\ITAT_RNDIS\Obj\Middlewares\FreeRTOS_TCP\FreeRTOS_ARP.o
#        D:\GitHub\STM32F4XX_RNDIS_DEMO\EWARM\ITAT_RNDIS\Obj\Middlewares\FreeRTOS_TCP\FreeRTOS_DHCP.o
#        D:\GitHub\STM32F4XX_RNDIS_DEMO\EWARM\ITAT_RNDIS\Obj\Middlewares\FreeRTOS_TCP\FreeRTOS_DNS.o
#        D:\GitHub\STM32F4XX_RNDIS_DEMO\EWARM\ITAT_RNDIS\Obj\Middlewares\FreeRTOS_TCP\FreeRTOS_IP.o
#        D:\GitHub\STM32F4XX_RNDIS_DEMO\EWARM\ITAT_RNDIS\Obj\Middlewares\FreeRTOS_TCP\FreeRTOS_Sockets.o
#        D:\GitHub\STM32F4XX_RNDIS_DEMO\EWARM\ITAT_RNDIS\Obj\Middlewares\FreeRTOS_TCP\FreeRTOS_Stream_Buffer.o
#        D:\GitHub\STM32F4XX_RNDIS_DEMO\EWARM\ITAT_RNDIS\Obj\Middlewares\FreeRTOS_TCP\FreeRTOS_TCP_IP.o
#        D:\GitHub\STM32F4XX_RNDIS_DEMO\EWARM\ITAT_RNDIS\Obj\Middlewares\FreeRTOS_TCP\FreeRTOS_TCP_WIN.o
#        D:\GitHub\STM32F4XX_RNDIS_DEMO\EWARM\ITAT_RNDIS\Obj\Middlewares\FreeRTOS_TCP\FreeRTOS_UDP_IP.o
#        D:\GitHub\STM32F4XX_RNDIS_DEMO\EWARM\ITAT_RNDIS\Obj\Middlewares\FreeRTOS\heap_4.o
#        D:\GitHub\STM32F4XX_RNDIS_DEMO\EWARM\ITAT_RNDIS\Obj\Application\User\Core\httpserver.o
#        D:\GitHub\STM32F4XX_RNDIS_DEMO\EWARM\ITAT_RNDIS\Obj\Application\User\Core\led.o
#        D:\GitHub\STM32F4XX_RNDIS_DEMO\EWARM\ITAT_RNDIS\Obj\Middlewares\FreeRTOS\list.o
#        D:\GitHub\STM32F4XX_RNDIS_DEMO\EWARM\ITAT_RNDIS\Obj\Application\User\Core\main.o
#        D:\GitHub\STM32F4XX_RNDIS_DEMO\EWARM\ITAT_RNDIS\Obj\Application\User\Core\monitor.o
#        D:\GitHub\STM32F4XX_RNDIS_DEMO\EWARM\ITAT_RNDIS\Obj\Middlewares\FreeRTOS_TCP\NetworkInterface.o
#        D:\GitHub\STM32F4XX_RNDIS_DEMO\EWARM\ITAT_RNDIS\Obj\Middlewares\FreeRTOS\port.o
#        D:\GitHub\STM32F4XX_RNDIS_DEMO\EWARM\ITAT_RNDIS\Obj\Middlewares\FreeRTOS\portasm.o
#        D:\GitHub\STM32F4XX_RNDIS_DEMO\EWARM\ITAT_RNDIS\Obj\Middlewares\PRINTF\printf.o
#        D:\GitHub\STM32F4XX_RNDIS_DEMO\EWARM\ITAT_RNDIS\Obj\Middlewares\FreeRTOS\queue.o
#        D:\GitHub\STM32F4XX_RNDIS_DEMO\EWARM\ITAT_RNDIS\Obj\Application\User\Core\queuex.o
#        D:\GitHub\STM32F4XX_RNDIS_DEMO\EWARM\ITAT_RNDIS\Obj\Application\EWARM\startup_stm32f411xe.o
#        D:\GitHub\STM32F4XX_RNDIS_DEMO\EWARM\ITAT_RNDIS\Obj\Drivers\STM32F4xx_HAL_Driver\stm32f4xx_hal.o
#        D:\GitHub\STM32F4XX_RNDIS_DEMO\EWARM\ITAT_RNDIS\Obj\Drivers\STM32F4xx_HAL_Driver\stm32f4xx_hal_adc.o
#        D:\GitHub\STM32F4XX_RNDIS_DEMO\EWARM\ITAT_RNDIS\Obj\Drivers\STM32F4xx_HAL_Driver\stm32f4xx_hal_cortex.o
#        D:\GitHub\STM32F4XX_RNDIS_DEMO\EWARM\ITAT_RNDIS\Obj\Drivers\STM32F4xx_HAL_Driver\stm32f4xx_hal_crc.o
#        D:\GitHub\STM32F4XX_RNDIS_DEMO\EWARM\ITAT_RNDIS\Obj\Drivers\STM32F4xx_HAL_Driver\stm32f4xx_hal_dma.o
#        D:\GitHub\STM32F4XX_RNDIS_DEMO\EWARM\ITAT_RNDIS\Obj\Drivers\STM32F4xx_HAL_Driver\stm32f4xx_hal_dma_ex.o
#        D:\GitHub\STM32F4XX_RNDIS_DEMO\EWARM\ITAT_RNDIS\Obj\Drivers\STM32F4xx_HAL_Driver\stm32f4xx_hal_exti.o
#        D:\GitHub\STM32F4XX_RNDIS_DEMO\EWARM\ITAT_RNDIS\Obj\Drivers\STM32F4xx_HAL_Driver\stm32f4xx_hal_flash.o
#        D:\GitHub\STM32F4XX_RNDIS_DEMO\EWARM\ITAT_RNDIS\Obj\Drivers\STM32F4xx_HAL_Driver\stm32f4xx_hal_flash_ex.o
#        D:\GitHub\STM32F4XX_RNDIS_DEMO\EWARM\ITAT_RNDIS\Obj\Drivers\STM32F4xx_HAL_Driver\stm32f4xx_hal_flash_ramfunc.o
#        D:\GitHub\STM32F4XX_RNDIS_DEMO\EWARM\ITAT_RNDIS\Obj\Drivers\STM32F4xx_HAL_Driver\stm32f4xx_hal_gpio.o
#        D:\GitHub\STM32F4XX_RNDIS_DEMO\EWARM\ITAT_RNDIS\Obj\Application\User\Core\stm32f4xx_hal_msp.o
#        D:\GitHub\STM32F4XX_RNDIS_DEMO\EWARM\ITAT_RNDIS\Obj\Drivers\STM32F4xx_HAL_Driver\stm32f4xx_hal_pcd.o
#        D:\GitHub\STM32F4XX_RNDIS_DEMO\EWARM\ITAT_RNDIS\Obj\Drivers\STM32F4xx_HAL_Driver\stm32f4xx_hal_pcd_ex.o
#        D:\GitHub\STM32F4XX_RNDIS_DEMO\EWARM\ITAT_RNDIS\Obj\Drivers\STM32F4xx_HAL_Driver\stm32f4xx_hal_pwr.o
#        D:\GitHub\STM32F4XX_RNDIS_DEMO\EWARM\ITAT_RNDIS\Obj\Drivers\STM32F4xx_HAL_Driver\stm32f4xx_hal_pwr_ex.o
#        D:\GitHub\STM32F4XX_RNDIS_DEMO\EWARM\ITAT_RNDIS\Obj\Drivers\STM32F4xx_HAL_Driver\stm32f4xx_hal_rcc.o
#        D:\GitHub\STM32F4XX_RNDIS_DEMO\EWARM\ITAT_RNDIS\Obj\Drivers\STM32F4xx_HAL_Driver\stm32f4xx_hal_rcc_ex.o
#        D:\GitHub\STM32F4XX_RNDIS_DEMO\EWARM\ITAT_RNDIS\Obj\Drivers\STM32F4xx_HAL_Driver\stm32f4xx_hal_tim.o
#        D:\GitHub\STM32F4XX_RNDIS_DEMO\EWARM\ITAT_RNDIS\Obj\Drivers\STM32F4xx_HAL_Driver\stm32f4xx_hal_tim_ex.o
#        D:\GitHub\STM32F4XX_RNDIS_DEMO\EWARM\ITAT_RNDIS\Obj\Application\User\Core\stm32f4xx_hal_timebase_tim.o
#        D:\GitHub\STM32F4XX_RNDIS_DEMO\EWARM\ITAT_RNDIS\Obj\Drivers\STM32F4xx_HAL_Driver\stm32f4xx_hal_uart.o
#        D:\GitHub\STM32F4XX_RNDIS_DEMO\EWARM\ITAT_RNDIS\Obj\Drivers\STM32F4xx_HAL_Driver\stm32f4xx_hal_usart.o
#        D:\GitHub\STM32F4XX_RNDIS_DEMO\EWARM\ITAT_RNDIS\Obj\Application\User\Core\stm32f4xx_it.o
#        D:\GitHub\STM32F4XX_RNDIS_DEMO\EWARM\ITAT_RNDIS\Obj\Drivers\STM32F4xx_HAL_Driver\stm32f4xx_ll_usb.o
#        D:\GitHub\STM32F4XX_RNDIS_DEMO\EWARM\ITAT_RNDIS\Obj\Middlewares\FreeRTOS\stream_buffer.o
#        D:\GitHub\STM32F4XX_RNDIS_DEMO\EWARM\ITAT_RNDIS\Obj\Drivers\CMSIS\system_stm32f4xx.o
#        D:\GitHub\STM32F4XX_RNDIS_DEMO\EWARM\ITAT_RNDIS\Obj\Middlewares\FreeRTOS\tasks.o
#        D:\GitHub\STM32F4XX_RNDIS_DEMO\EWARM\ITAT_RNDIS\Obj\Application\User\Core\tcpip.o
#        D:\GitHub\STM32F4XX_RNDIS_DEMO\EWARM\ITAT_RNDIS\Obj\Middlewares\FreeRTOS\timers.o
#        D:\GitHub\STM32F4XX_RNDIS_DEMO\EWARM\ITAT_RNDIS\Obj\Application\User\USB_DEVICE\App\usb_device.o
#        D:\GitHub\STM32F4XX_RNDIS_DEMO\EWARM\ITAT_RNDIS\Obj\Application\User\USB_DEVICE\Target\usbd_conf.o
#        D:\GitHub\STM32F4XX_RNDIS_DEMO\EWARM\ITAT_RNDIS\Obj\Middlewares\USB_Device_Library\usbd_core.o
#        D:\GitHub\STM32F4XX_RNDIS_DEMO\EWARM\ITAT_RNDIS\Obj\Middlewares\USB_Device_Library\usbd_ctlreq.o
#        D:\GitHub\STM32F4XX_RNDIS_DEMO\EWARM\ITAT_RNDIS\Obj\Application\User\USB_DEVICE\App\usbd_desc.o
#        D:\GitHub\STM32F4XX_RNDIS_DEMO\EWARM\ITAT_RNDIS\Obj\Middlewares\USB_Device_Library\usbd_ioreq.o
#        D:\GitHub\STM32F4XX_RNDIS_DEMO\EWARM\ITAT_RNDIS\Obj\Middlewares\RNDIS\usbd_rndis.o
#        --no_out_extension -o
#        D:\GitHub\STM32F4XX_RNDIS_DEMO\EWARM\ITAT_RNDIS\Exe\ITAT_RNDIS.out
#        --redirect _Printf=_PrintfFullNoMb --redirect _Scanf=_ScanfFullNoMb
#        --map
#        D:\GitHub\STM32F4XX_RNDIS_DEMO\EWARM\ITAT_RNDIS\List\ITAT_RNDIS.map
#        --config D:\GitHub\STM32F4XX_RNDIS_DEMO\EWARM/stm32f411xe_flash.icf
#        --semihosting --entry __iar_program_start --vfe --text_out locale)
#
###############################################################################

*******************************************************************************
*** RUNTIME MODEL ATTRIBUTES
***

CppFlavor       = *
__SystemLibrary = DLib
__dlib_version  = 6


*******************************************************************************
*** HEAP SELECTION
***

The basic heap was selected because no calls to memory allocation
functions were found in the application outside of system library
functions, and there are calls to deallocation functions in the
application.


*******************************************************************************
*** PLACEMENT SUMMARY
***

"A0":  place at address 0x800'0000 { ro section .intvec };
"P1":  place in [from 0x800'0000 to 0x805'ffff] { ro };
define block CSTACK with size = 1K, alignment = 8 { };
define block HEAP with size = 512, alignment = 8 { };
"P2":  place in [from 0x2000'0000 to 0x2001'ffff] {
          rw, block CSTACK, block HEAP };
initialize by copy { rw };

  Section            Kind         Address      Size  Object
  -------            ----         -------      ----  ------
"A0":                                         0x198
  .intvec            ro code   0x800'0000     0x198  startup_stm32f411xe.o [1]
                             - 0x800'0198     0x198

"P1":                                      0x1'08e9
  .text              ro code   0x800'0198    0x240c  FreeRTOS_TCP_IP.o [8]
  .text              ro code   0x800'25a4     0x15c  BufferAllocation_2.o [8]
  .text              ro code   0x800'2700    0x1074  FreeRTOS_Sockets.o [8]
  .text              ro code   0x800'3774      0xa6  ABImemcpy.o [14]
  .text              ro code   0x800'381a      0x76  lz77_init_single.o [14]
  .text              ro code   0x800'3890     0x7c2  FreeRTOS_TCP_WIN.o [8]
  .rodata            const     0x800'4052       0x2  xlocale_c.o [12]
  .text              ro code   0x800'4054     0xd54  FreeRTOS_IP.o [8]
  .text              ro code   0x800'4da8      0x24  NetworkInterface.o [8]
  .text              ro code   0x800'4dcc     0x134  FreeRTOS_Stream_Buffer.o [8]
  .text              ro code   0x800'4f00    0x1240  tasks.o [7]
  .text              ro code   0x800'6140     0x42c  FreeRTOS_ARP.o [8]
  .text              ro code   0x800'656c     0x1a0  tcpip.o [2]
  .text              ro code   0x800'670c       0x6  ABImemclr.o [14]
  .text              ro code   0x800'6714     0x838  queue.o [7]
  .text              ro code   0x800'6f4c      0xba  list.o [7]
  .text              ro code   0x800'7008     0x1e8  port.o [7]
  .text              ro code   0x800'71f0     0x230  heap_4.o [7]
  .text              ro code   0x800'7420     0x248  event_groups.o [7]
  .text              ro code   0x800'7668       0x6  ABImemclr4.o [14]
  .text              ro code   0x800'7670      0x96  ABImemmove.o [14]
  .text              ro code   0x800'7708     0x158  FreeRTOS_UDP_IP.o [8]
  .text              ro code   0x800'7860      0x68  memcmp.o [14]
  .text              ro code   0x800'78c8      0x3a  ABImemset48.o [14]
  .text              ro code   0x800'7904      0x14  cmsis_os2.o [7]
  .text              ro code   0x800'7918     0x3c4  timers.o [7]
  .text              ro code   0x800'7cdc     0x148  main.o [2]
  .text              ro code   0x800'7e24      0xac  rand.o [12]
  .text              ro code   0x800'7ed0     0x11c  cmsis_os2.o [7]
  .text              ro code   0x800'7fec     0x7e0  httpserver.o [2]
  .text              ro code   0x800'87cc     0x3fc  dhcpserver.o [2]
  .text              ro code   0x800'8bc8     0x1b4  dnsserver.o [2]
  .text              ro code   0x800'8d7c     0x310  queuex.o [2]
  .text              ro code   0x800'908c      0x66  ABImemset.o [14]
  .text              ro code   0x800'90f4      0x2c  port.o [7]
  CODE               ro code   0x800'9120      0xb0  portasm.o [7]
  .text              ro code   0x800'91d0      0x18  cmsis_os2.o [7]
  .text              ro code   0x800'91e8      0x38  stm32f4xx_hal.o [6]
  .text              ro code   0x800'9220     0x198  monitor.o [2]
  .text              ro code   0x800'93b8     0x1b8  led.o [2]
  .text              ro code   0x800'9570     0x104  usb_device.o [3]
  .text              ro code   0x800'9674     0x370  stm32f4xx_hal_rcc.o [6]
  .text              ro code   0x800'99e4     0x18c  stm32f4xx_hal_rcc.o [6]
  .text              ro code   0x800'9b70      0x10  stm32f4xx_hal.o [6]
  .text              ro code   0x800'9b80      0x28  strncmp.o [12]
  .text              ro code   0x800'9ba8      0x58  memchr.o [14]
  .text              ro code   0x800'9c00     0xec0  printf.o [9]
  .text              ro code   0x800'aac0      0x48  FltToDbl.o [13]
  .text              ro code   0x800'ab08      0x90  iar_Stolx.o [12]
  .text              ro code   0x800'ab98      0x36  strlen.o [14]
  .text              ro code   0x800'abd0      0xa0  stm32f4xx_hal_cortex.o [6]
  .text              ro code   0x800'ac70      0x80  stm32f4xx_hal_timebase_tim.o [2]
  .text              ro code   0x800'acf0      0x40  stm32f4xx_hal_msp.o [2]
  .text              ro code   0x800'ad30     0x4f4  stm32f4xx_hal_adc.o [6]
  .text              ro code   0x800'b224      0x14  memset.o [14]
  .text              ro code   0x800'b238     0x1d8  stm32f4xx_hal_gpio.o [6]
  .text              ro code   0x800'b410     0x5b8  stm32f4xx_hal_tim.o [6]
  .text              ro code   0x800'b9c8     0x32a  usbd_core.o [11]
  .text              ro code   0x800'bcf4     0x5e8  usbd_rndis.o [10]
  .text              ro code   0x800'c2dc       0xc  stm32f4xx_hal.o [6]
  .text              ro code   0x800'c2e8      0x60  stm32f4xx_hal_rcc.o [6]
  .text              ro code   0x800'c348     0x230  I64DivMod.o [14]
  .text              ro code   0x800'c578      0x20  DblCmpEq.o [13]
  .text              ro code   0x800'c598      0x34  DblCmpLe.o [13]
  .text              ro code   0x800'c5cc      0x34  DblCmpGe.o [13]
  .text              ro code   0x800'c600      0x36  DblToS32.o [13]
  .text              ro code   0x800'c638      0x22  S32ToDbl.o [13]
  .text              ro code   0x800'c65c     0x25e  DblAddSub.o [13]
  .text              ro code   0x800'c8bc     0x1aa  DblMul.o [13]
  .text              ro code   0x800'ca68      0x22  DblToU32.o [13]
  .text              ro code   0x800'ca8c      0x1c  U32ToDbl.o [13]
  .text              ro code   0x800'caa8     0x246  DblDiv.o [13]
  .text              ro code   0x800'ccee      0x14  isspace.o [12]
  .text              ro code   0x800'cd04     0x140  iar_Stoulx.o [12]
  .text              ro code   0x800'ce44       0x2  stm32f4xx_hal_adc.o [6]
  .text              ro code   0x800'ce46       0x2  stm32f4xx_hal_tim.o [6]
  .text              ro code   0x800'ce48       0x2  stm32f4xx_hal_tim.o [6]
  .text              ro code   0x800'ce4a       0x2  stm32f4xx_hal_tim.o [6]
  .text              ro code   0x800'ce4c       0x2  stm32f4xx_hal_tim.o [6]
  .text              ro code   0x800'ce4e       0x2  stm32f4xx_hal_tim_ex.o [6]
  .text              ro code   0x800'ce50       0x2  stm32f4xx_hal_tim.o [6]
  .text              ro code   0x800'ce52       0x2  stm32f4xx_hal_tim_ex.o [6]
  .text              ro code   0x800'ce54     0x2d4  usbd_conf.o [4]
  .text              ro code   0x800'd128     0x5ac  usbd_ctlreq.o [11]
  .text              ro code   0x800'd6d4      0x9c  usbd_ioreq.o [11]
  .text              ro code   0x800'd770       0x2  I64DivZer.o [14]
  .text              ro code   0x800'd774      0x34  xlocale_c.o [12]
  .text              ro code   0x800'd7a8      0x14  tolower.o [12]
  .text              ro code   0x800'd7bc     0x996  stm32f4xx_hal_pcd.o [6]
  .text              ro code   0x800'e154      0x96  stm32f4xx_hal_pcd_ex.o [6]
  .text              ro code   0x800'e1ec     0xa74  stm32f4xx_ll_usb.o [6]
  .text              ro code   0x800'ec60       0x2  stm32f4xx_hal_pcd_ex.o [6]
  .text              ro code   0x800'ec64      0x2c  stm32f4xx_hal.o [6]
  .rodata            const     0x800'ec90    0x14d8  httpserver.o [2]
  .rodata            const     0x801'0168     0x1a0  httpserver.o [2]
  .text              ro code   0x801'0308     0x11c  usbd_desc.o [3]
  .rodata            const     0x801'0424      0x58  usbd_rndis.o [10]
  .rodata            const     0x801'047c      0x24  dhcpserver.o [2]
  .rodata            const     0x801'04a0      0x50  printf.o [9]
  .rodata            const     0x801'04f0      0x50  iar_Stoulx.o [12]
  .text              ro code   0x801'0540      0x38  zero_init3.o [14]
  .rodata            const     0x801'0578      0x30  httpserver.o [2]
  .rodata            const     0x801'05a8      0x30  httpserver.o [2]
  .text              ro code   0x801'05d8      0x2c  stm32f4xx_it.o [2]
  .rodata            const     0x801'0604      0x28  FreeRTOS_ARP.o [8]
  .text              ro code   0x801'062c      0x28  data_init.o [14]
  .rodata            const     0x801'0654      0x24  dnsserver.o [2]
  .rodata            const     0x801'0678      0x24  httpserver.o [2]
  .rodata            const     0x801'069c      0x24  httpserver.o [2]
  .rodata            const     0x801'06c0      0x24  led.o [2]
  .rodata            const     0x801'06e4      0x24  monitor.o [2]
  .rodata            const     0x801'0708      0x24  tcpip.o [2]
  .text              ro code   0x801'072c      0x22  fpinit_M.o [13]
  .iar.init_table    const     0x801'0750      0x20  - Linker created -
  .text              ro code   0x801'0770      0x20  system_stm32f4xx.o [5]
  .text              ro code   0x801'0790      0x1e  cmain.o [14]
  .text              ro code   0x801'07ae       0x4  low_level_init.o [12]
  .text              ro code   0x801'07b2       0x4  exit.o [12]
  .text              ro code   0x801'07b8       0xa  cexit.o [14]
  .text              ro code   0x801'07c4      0x14  exit.o [15]
  .text              ro code   0x801'07d8      0x1c  cstartup_M.o [14]
  .rodata            const     0x801'07f4      0x10  httpserver.o [2]
  .rodata            const     0x801'0804      0x10  monitor.o [2]
  .text              ro code   0x801'0814      0x10  startup_stm32f411xe.o [1]
  .rodata            const     0x801'0824       0xc  dhcpserver.o [2]
  .rodata            const     0x801'0830       0xc  dnsserver.o [2]
  .rodata            const     0x801'083c       0xc  httpserver.o [2]
  .rodata            const     0x801'0848       0xc  led.o [2]
  .rodata            const     0x801'0854       0xc  tcpip.o [2]
  .rodata            const     0x801'0860       0x8  system_stm32f4xx.o [5]
  .rodata            const     0x801'0868       0x4  BufferAllocation_2.o [8]
  .rodata            const     0x801'086c       0x4  tcpip.o [2]
  .text              ro code   0x801'0870       0x4  startup_stm32f411xe.o [1]
  .text              ro code   0x801'0874       0x4  startup_stm32f411xe.o [1]
  .text              ro code   0x801'0878       0x4  startup_stm32f411xe.o [1]
  .text              ro code   0x801'087c       0x4  startup_stm32f411xe.o [1]
  .text              ro code   0x801'0880       0x4  startup_stm32f411xe.o [1]
  .text              ro code   0x801'0884       0x4  startup_stm32f411xe.o [1]
  .text              ro code   0x801'0888       0x4  startup_stm32f411xe.o [1]
  .text              ro code   0x801'088c       0x4  startup_stm32f411xe.o [1]
  .text              ro code   0x801'0890       0x4  startup_stm32f411xe.o [1]
  .text              ro code   0x801'0894       0x4  startup_stm32f411xe.o [1]
  .text              ro code   0x801'0898       0x4  startup_stm32f411xe.o [1]
  .text              ro code   0x801'089c       0x4  startup_stm32f411xe.o [1]
  .text              ro code   0x801'08a0       0x4  startup_stm32f411xe.o [1]
  .text              ro code   0x801'08a4       0x4  startup_stm32f411xe.o [1]
  .text              ro code   0x801'08a8       0x4  startup_stm32f411xe.o [1]
  .text              ro code   0x801'08ac       0x4  startup_stm32f411xe.o [1]
  .text              ro code   0x801'08b0       0x4  startup_stm32f411xe.o [1]
  .text              ro code   0x801'08b4       0x4  startup_stm32f411xe.o [1]
  .text              ro code   0x801'08b8       0x4  startup_stm32f411xe.o [1]
  .text              ro code   0x801'08bc       0x4  startup_stm32f411xe.o [1]
  .text              ro code   0x801'08c0       0x4  startup_stm32f411xe.o [1]
  .text              ro code   0x801'08c4       0x4  startup_stm32f411xe.o [1]
  .text              ro code   0x801'08c8       0x4  startup_stm32f411xe.o [1]
  .text              ro code   0x801'08cc       0x4  startup_stm32f411xe.o [1]
  .text              ro code   0x801'08d0       0x4  startup_stm32f411xe.o [1]
  .text              ro code   0x801'08d4       0x4  startup_stm32f411xe.o [1]
  .text              ro code   0x801'08d8       0x4  startup_stm32f411xe.o [1]
  .text              ro code   0x801'08dc       0x4  startup_stm32f411xe.o [1]
  .text              ro code   0x801'08e0       0x4  startup_stm32f411xe.o [1]
  .text              ro code   0x801'08e4       0x4  startup_stm32f411xe.o [1]
  .text              ro code   0x801'08e8       0x4  startup_stm32f411xe.o [1]
  .text              ro code   0x801'08ec       0x4  startup_stm32f411xe.o [1]
  .text              ro code   0x801'08f0       0x4  startup_stm32f411xe.o [1]
  .text              ro code   0x801'08f4       0x4  startup_stm32f411xe.o [1]
  .text              ro code   0x801'08f8       0x4  startup_stm32f411xe.o [1]
  .text              ro code   0x801'08fc       0x4  startup_stm32f411xe.o [1]
  .text              ro code   0x801'0900       0x4  startup_stm32f411xe.o [1]
  .text              ro code   0x801'0904       0x4  startup_stm32f411xe.o [1]
  .text              ro code   0x801'0908       0x4  startup_stm32f411xe.o [1]
  .text              ro code   0x801'090c       0x4  startup_stm32f411xe.o [1]
  .text              ro code   0x801'0910       0x4  startup_stm32f411xe.o [1]
  .text              ro code   0x801'0914       0x4  startup_stm32f411xe.o [1]
  .text              ro code   0x801'0918       0x4  startup_stm32f411xe.o [1]
  .text              ro code   0x801'091c       0x4  startup_stm32f411xe.o [1]
  .text              ro code   0x801'0920       0x4  startup_stm32f411xe.o [1]
  .text              ro code   0x801'0924       0x4  startup_stm32f411xe.o [1]
  .text              ro code   0x801'0928       0x4  startup_stm32f411xe.o [1]
  .text              ro code   0x801'092c       0x4  startup_stm32f411xe.o [1]
  .text              ro code   0x801'0930       0x4  startup_stm32f411xe.o [1]
  .text              ro code   0x801'0934       0x4  startup_stm32f411xe.o [1]
  .text              ro code   0x801'0938       0x4  startup_stm32f411xe.o [1]
  .text              ro code   0x801'093c       0x4  startup_stm32f411xe.o [1]
  .text              ro code   0x801'0940       0x4  startup_stm32f411xe.o [1]
  .text              ro code   0x801'0944       0x4  startup_stm32f411xe.o [1]
  .rodata            const     0x801'0948       0x0  zero_init3.o [14]
  .rodata            const     0x801'0948       0x0  lz77_init_single.o [14]
  Initializer bytes  const     0x801'0948     0x139  <for P2-1>
                             - 0x801'0a81  0x1'08e9

"P2", part 1 of 3:                            0x3e4
  P2-1                        0x2000'0000     0x3e4  <Init block>
    .data            inited   0x2000'0000      0x10  dhcpserver.o [2]
    .data            inited   0x2000'0010      0x18  FreeRTOS_UDP_IP.o [8]
    .data            inited   0x2000'0028      0x14  httpserver.o [2]
    .data            inited   0x2000'003c      0x66  led.o [2]
    .data            inited   0x2000'00a4      0x58  monitor.o [2]
    .data            inited   0x2000'00fc       0xc  port.o [7]
    .data            inited   0x2000'0108       0xc  stm32f4xx_hal.o [6]
    .data            inited   0x2000'0114       0x4  system_stm32f4xx.o [5]
    .data            inited   0x2000'0118      0x10  tcpip.o [2]
    .data            inited   0x2000'0128      0x50  tcpip.o [2]
    .data            inited   0x2000'0178      0x1c  tcpip.o [2]
    .data            inited   0x2000'0194      0x1c  usbd_desc.o [3]
    .data            inited   0x2000'01b0      0x14  usbd_desc.o [3]
    .data            inited   0x2000'01c4       0x4  usbd_desc.o [3]
    .data            inited   0x2000'01c8      0x1c  usbd_desc.o [3]
    .data            inited   0x2000'01e4      0x9c  usbd_rndis.o [10]
    .data            inited   0x2000'0280       0xc  usbd_rndis.o [10]
    .data            inited   0x2000'028c      0x4c  usbd_rndis.o [10]
    .data            inited   0x2000'02d8      0x38  usbd_rndis.o [10]
    .data            inited   0x2000'0310      0x8c  rand.o [12]
    .data            inited   0x2000'039c      0x48  xlocale_c.o [12]
                            - 0x2000'03e4     0x3e4

"P2", part 2 of 3:                         0x1'f010
  .bss               zero     0x2000'03e4  0x1'8020  heap_4.o [7]
  .bss               zero     0x2001'8404    0x5670  main.o [2]
  .bss               zero     0x2001'da74     0x4fc  tasks.o [7]
  .bss               zero     0x2001'df70     0x45c  cmsis_os2.o [7]
  .bss               zero     0x2001'e3cc     0x408  usbd_conf.o [4]
  .bss               zero     0x2001'e7d4     0x2d0  usb_device.o [3]
  .bss               zero     0x2001'eaa4     0x25c  cmsis_os2.o [7]
  .bss               zero     0x2001'ed00     0x200  usbd_desc.o [3]
  .bss               zero     0x2001'ef00     0x1fc  BufferAllocation_2.o [8]
  .bss               zero     0x2001'f0fc     0x12c  timers.o [7]
  .bss               zero     0x2001'f228      0x6c  FreeRTOS_IP.o [8]
  .bss               zero     0x2001'f294      0x4c  FreeRTOS_ARP.o [8]
  .bss               zero     0x2001'f2e0      0x48  stm32f4xx_hal_timebase_tim.o [2]
  .bss               zero     0x2001'f328      0x40  queue.o [7]
  .bss               zero     0x2001'f368      0x2c  FreeRTOS_Sockets.o [8]
  .bss               zero     0x2001'f394      0x18  FreeRTOS_TCP_WIN.o [8]
  .bss               zero     0x2001'f3ac       0xc  dnsserver.o [2]
  .bss               zero     0x2001'f3b8       0xc  tcpip.o [2]
  .bss               zero     0x2001'f3c4       0x8  usb_device.o [3]
  .bss               zero     0x2001'f3cc       0x4  cmsis_os2.o [7]
  .bss               zero     0x2001'f3d0       0x4  dnsserver.o [2]
  .bss               zero     0x2001'f3d4       0x4  httpserver.o [2]
  .bss               zero     0x2001'f3d8       0x4  httpserver.o [2]
  .bss               zero     0x2001'f3dc       0x4  stm32f4xx_hal_pcd.o [6]
  .bss               zero     0x2001'f3e0       0x4  usb_device.o [3]
  .bss               zero     0x2001'f3e4       0x4  usbd_conf.o [4]
  .bss               zero     0x2001'f3e8       0x4  usbd_conf.o [4]
  .bss               zero     0x2001'f3ec       0x4  usbd_core.o [11]
  .bss               zero     0x2001'f3f0       0x2  FreeRTOS_IP.o [8]
                            - 0x2001'f3f2  0x1'f00e

"P2", part 3 of 3:                            0x400
  CSTACK                      0x2001'f3f8     0x400  <Block>
    CSTACK           uninit   0x2001'f3f8     0x400  <Block tail>
                            - 0x2001'f7f8     0x400

Unused ranges:

         From           To      Size
         ----           --      ----
   0x801'0a81   0x805'ffff  0x4'f57f
  0x2001'f3f4  0x2001'f3f7       0x4
  0x2001'f7f8  0x2001'ffff     0x808


*******************************************************************************
*** INIT TABLE
***

          Address      Size
          -------      ----
Zero (__iar_zero_init3)
    1 destination range, total size 0x1'f00e:
          0x2000'03e4  0x1'f00e

Copy/lz77 (__iar_lz77_init_single3)
    1 source range, total size 0x139 (31% of destination):
           0x801'0948     0x139
    1 destination range, total size 0x3e4:
          0x2000'0000     0x3e4



*******************************************************************************
*** MODULE SUMMARY
***

    Module                        ro code  ro data  rw data
    ------                        -------  -------  -------
command line/config:
    -------------------------------------------------------
    Total:

D:\GitHub\STM32F4XX_RNDIS_DEMO\EWARM\ITAT_RNDIS\Obj\Application\EWARM: [1]
    startup_stm32f411xe.o             640
    -------------------------------------------------------
    Total:                            640

D:\GitHub\STM32F4XX_RNDIS_DEMO\EWARM\ITAT_RNDIS\Obj\Application\User\Core: [2]
    dhcpserver.o                    1'020       53       16
    dnsserver.o                       436       48       16
    httpserver.o                    2'016    5'954       28
    led.o                             440       80      102
    main.o                            328            22'128
    monitor.o                         408       81       88
    queuex.o                          784
    stm32f4xx_hal_msp.o                64
    stm32f4xx_hal_timebase_tim.o      128                72
    stm32f4xx_it.o                     44
    tcpip.o                           416       91      136
    -------------------------------------------------------
    Total:                          6'084    6'307   22'586

D:\GitHub\STM32F4XX_RNDIS_DEMO\EWARM\ITAT_RNDIS\Obj\Application\User\USB_DEVICE\App: [3]
    usb_device.o                      260               732
    usbd_desc.o                       284       26      592
    -------------------------------------------------------
    Total:                            544       26    1'324

D:\GitHub\STM32F4XX_RNDIS_DEMO\EWARM\ITAT_RNDIS\Obj\Application\User\USB_DEVICE\Target: [4]
    usbd_conf.o                       724             1'040
    -------------------------------------------------------
    Total:                            724             1'040

D:\GitHub\STM32F4XX_RNDIS_DEMO\EWARM\ITAT_RNDIS\Obj\Drivers\CMSIS: [5]
    system_stm32f4xx.o                 32        9        4
    -------------------------------------------------------
    Total:                             32        9        4

D:\GitHub\STM32F4XX_RNDIS_DEMO\EWARM\ITAT_RNDIS\Obj\Drivers\STM32F4xx_HAL_Driver: [6]
    stm32f4xx_hal.o                   128        4       12
    stm32f4xx_hal_adc.o             1'270
    stm32f4xx_hal_cortex.o            160
    stm32f4xx_hal_gpio.o              472
    stm32f4xx_hal_pcd.o             2'454                 4
    stm32f4xx_hal_pcd_ex.o            152
    stm32f4xx_hal_rcc.o             1'372
    stm32f4xx_hal_tim.o             1'474
    stm32f4xx_hal_tim_ex.o              4
    stm32f4xx_ll_usb.o              2'676
    -------------------------------------------------------
    Total:                         10'162        4       16

D:\GitHub\STM32F4XX_RNDIS_DEMO\EWARM\ITAT_RNDIS\Obj\Middlewares\FreeRTOS: [7]
    cmsis_os2.o                       328             1'724
    event_groups.o                    584
    heap_4.o                          560            98'336
    list.o                            186
    port.o                            532        3       12
    portasm.o                         176
    queue.o                         2'104                64
    tasks.o                         4'672             1'276
    timers.o                          964               300
    -------------------------------------------------------
    Total:                         10'106        3  101'712

D:\GitHub\STM32F4XX_RNDIS_DEMO\EWARM\ITAT_RNDIS\Obj\Middlewares\FreeRTOS_TCP: [8]
    BufferAllocation_2.o              348        4      508
    FreeRTOS_ARP.o                  1'068       40       76
    FreeRTOS_IP.o                   3'412               110
    FreeRTOS_Sockets.o              4'212                44
    FreeRTOS_Stream_Buffer.o          308
    FreeRTOS_TCP_IP.o               9'228
    FreeRTOS_TCP_WIN.o              1'986                24
    FreeRTOS_UDP_IP.o                 344        7       24
    NetworkInterface.o                 36
    -------------------------------------------------------
    Total:                         20'942       51      786

D:\GitHub\STM32F4XX_RNDIS_DEMO\EWARM\ITAT_RNDIS\Obj\Middlewares\PRINTF: [9]
    printf.o                        3'776       80
    -------------------------------------------------------
    Total:                          3'776       80

D:\GitHub\STM32F4XX_RNDIS_DEMO\EWARM\ITAT_RNDIS\Obj\Middlewares\RNDIS: [10]
    usbd_rndis.o                    1'512      182      300
    -------------------------------------------------------
    Total:                          1'512      182      300

D:\GitHub\STM32F4XX_RNDIS_DEMO\EWARM\ITAT_RNDIS\Obj\Middlewares\USB_Device_Library: [11]
    usbd_core.o                       810                 4
    usbd_ctlreq.o                   1'452
    usbd_ioreq.o                      156
    -------------------------------------------------------
    Total:                          2'418                 4

dl7M_tlf.a: [12]
    exit.o                              4
    iar_Stolx.o                       144
    iar_Stoulx.o                      320       80
    isspace.o                          20
    low_level_init.o                    4
    rand.o                            172       44      140
    strncmp.o                          40
    tolower.o                          20
    xlocale_c.o                        52       25       72
    -------------------------------------------------------
    Total:                            776      149      212

m7M_tls.a: [13]
    DblAddSub.o                       606
    DblCmpEq.o                         32
    DblCmpGe.o                         52
    DblCmpLe.o                         52
    DblDiv.o                          582
    DblMul.o                          426
    DblToS32.o                         54
    DblToU32.o                         34
    FltToDbl.o                         72
    S32ToDbl.o                         34
    U32ToDbl.o                         28
    fpinit_M.o                         34
    -------------------------------------------------------
    Total:                          2'006

rt7M_tl.a: [14]
    ABImemclr.o                         6
    ABImemclr4.o                        6
    ABImemcpy.o                       166
    ABImemmove.o                      150
    ABImemset.o                       102
    ABImemset48.o                      58
    I64DivMod.o                       560
    I64DivZer.o                         2
    cexit.o                            10
    cmain.o                            30
    cstartup_M.o                       28
    data_init.o                        40
    lz77_init_single.o                118
    memchr.o                           88
    memcmp.o                          104
    memset.o                           20
    strlen.o                           54
    zero_init3.o                       56
    -------------------------------------------------------
    Total:                          1'598

shb_l.a: [15]
    exit.o                             20
    -------------------------------------------------------
    Total:                             20

    Gaps                               40        2        2
    Linker created                              32    1'024
-----------------------------------------------------------
    Grand Total:                   61'380    6'845  129'010


*******************************************************************************
*** ENTRY LIST
***

Entry                       Address      Size  Type      Object
-----                       -------      ----  ----      ------
.iar.init_table$$Base    0x801'0750             --   Gb  - Linker created -
.iar.init_table$$Limit   0x801'0770             --   Gb  - Linker created -
?main                    0x801'0791            Code  Gb  cmain.o [14]
ADC_Handle              0x2000'00a4      0x48  Data  Gb  monitor.o [2]
AHBPrescTable            0x801'0780      0x10  Data  Gb  system_stm32f4xx.o [5]
APBPrescTable            0x801'0860       0x8  Data  Gb  system_stm32f4xx.o [5]
BusFault_Handler         0x801'05df       0x2  Code  Gb  stm32f4xx_it.o [2]
CSTACK$$Base            0x2001'f3f8             --   Gb  - Linker created -
CSTACK$$Limit           0x2001'f7f8             --   Gb  - Linker created -
DebugMon_Handler         0x801'05e3       0x2  Code  Gb  stm32f4xx_it.o [2]
Error_Handler            0x800'7e21       0x4  Code  Gb  main.o [2]
FS_Desc                 0x2000'0194      0x1c  Data  Gb  usbd_desc.o [3]
FreeRTOS_ClearARP        0x800'6551       0x8  Code  Gb  FreeRTOS_ARP.o [8]
FreeRTOS_GetAddressConfiguration
                         0x800'48fd      0x28  Code  Gb  FreeRTOS_IP.o [8]
FreeRTOS_GetMACAddress   0x800'4d79       0x4  Code  Gb  FreeRTOS_IP.o [8]
FreeRTOS_IPInit          0x800'4797     0x166  Code  Gb  FreeRTOS_IP.o [8]
FreeRTOS_NetworkDown::xNetworkDownEvent
                         0x800'477c       0x8  Data  Lc  FreeRTOS_IP.o [8]
FreeRTOS_OutputARPRequest
                         0x800'64a1      0x48  Code  Gb  FreeRTOS_ARP.o [8]
FreeRTOS_accept          0x800'2f95     0x104  Code  Gb  FreeRTOS_Sockets.o [8]
FreeRTOS_bind            0x800'2a25      0x78  Code  Gb  FreeRTOS_Sockets.o [8]
FreeRTOS_closesocket     0x800'2bf3      0x2e  Code  Gb  FreeRTOS_Sockets.o [8]
FreeRTOS_listen          0x800'336f      0x90  Code  Gb  FreeRTOS_Sockets.o [8]
FreeRTOS_recv            0x800'3099     0x144  Code  Gb  FreeRTOS_Sockets.o [8]
FreeRTOS_recvfrom        0x800'2869      0xde  Code  Gb  FreeRTOS_Sockets.o [8]
FreeRTOS_send            0x800'31dd     0x192  Code  Gb  FreeRTOS_Sockets.o [8]
FreeRTOS_sendto          0x800'2949      0xd4  Code  Gb  FreeRTOS_Sockets.o [8]
FreeRTOS_setsockopt      0x800'2d01     0x1d6  Code  Gb  FreeRTOS_Sockets.o [8]
FreeRTOS_shutdown        0x800'33ff      0x44  Code  Gb  FreeRTOS_Sockets.o [8]
FreeRTOS_socket          0x800'272b     0x13e  Code  Gb  FreeRTOS_Sockets.o [8]
FreeRTOS_tx_size         0x800'35f1      0x24  Code  Gb  FreeRTOS_Sockets.o [8]
HAL_ADC_ConfigChannel    0x800'b08b     0x178  Code  Gb  stm32f4xx_hal_adc.o [6]
HAL_ADC_Init             0x800'ad31     0x170  Code  Gb  stm32f4xx_hal_adc.o [6]
HAL_ADC_MspInit          0x800'ce45       0x2  Code  Gb  stm32f4xx_hal_adc.o [6]
HAL_ADC_PollForConversion
                         0x800'afe5      0xa6  Code  Gb  stm32f4xx_hal_adc.o [6]
HAL_ADC_Start            0x800'aea1     0x10a  Code  Gb  stm32f4xx_hal_adc.o [6]
HAL_ADC_Stop             0x800'afab      0x3a  Code  Gb  stm32f4xx_hal_adc.o [6]
HAL_Delay                0x800'ec65      0x2c  Code  Gb  stm32f4xx_hal.o [6]
HAL_GPIO_Init            0x800'b239     0x19e  Code  Gb  stm32f4xx_hal_gpio.o [6]
HAL_GPIO_TogglePin       0x800'b3e1      0x10  Code  Gb  stm32f4xx_hal_gpio.o [6]
HAL_GPIO_WritePin        0x800'b3d9       0x8  Code  Gb  stm32f4xx_hal_gpio.o [6]
HAL_GetTick              0x800'c2dd       0xc  Code  Gb  stm32f4xx_hal.o [6]
HAL_IncTick              0x800'9b71      0x10  Code  Gb  stm32f4xx_hal.o [6]
HAL_Init                 0x800'91e9      0x34  Code  Gb  stm32f4xx_hal.o [6]
HAL_InitTick             0x800'ac71      0x6e  Code  Gb  stm32f4xx_hal_timebase_tim.o [2]
HAL_MspInit              0x800'acf1      0x40  Code  Gb  stm32f4xx_hal_msp.o [2]
HAL_NVIC_EnableIRQ       0x800'ac45      0x16  Code  Gb  stm32f4xx_hal_cortex.o [6]
HAL_NVIC_SetPriority     0x800'abeb      0x5a  Code  Gb  stm32f4xx_hal_cortex.o [6]
HAL_NVIC_SetPriorityGrouping
                         0x800'abd1      0x1a  Code  Gb  stm32f4xx_hal_cortex.o [6]
HAL_PCDEx_LPM_Callback   0x800'ec61       0x2  Code  Gb  stm32f4xx_hal_pcd_ex.o [6]
HAL_PCDEx_SetRxFiFo      0x800'e1e3       0x8  Code  Gb  stm32f4xx_hal_pcd_ex.o [6]
HAL_PCDEx_SetTxFiFo      0x800'e155      0x8e  Code  Gb  stm32f4xx_hal_pcd_ex.o [6]
HAL_PCD_ConnectCallback
                         0x800'cf91       0x8  Code  Gb  usbd_conf.o [4]
HAL_PCD_DataInStageCallback
                         0x800'cf01      0x22  Code  Gb  usbd_conf.o [4]
HAL_PCD_DataInStageCallback::llCbDataIn
                        0x2001'f3e8       0x4  Data  Lc  usbd_conf.o [4]
HAL_PCD_DataOutStageCallback
                         0x800'cedd      0x24  Code  Gb  usbd_conf.o [4]
HAL_PCD_DataOutStageCallback::llCbDataOut
                        0x2001'f3e4       0x4  Data  Lc  usbd_conf.o [4]
HAL_PCD_DisconnectCallback
                         0x800'cf99       0x8  Code  Gb  usbd_conf.o [4]
HAL_PCD_EP_Close         0x800'df9f      0x48  Code  Gb  stm32f4xx_hal_pcd.o [6]
HAL_PCD_EP_ClrStall      0x800'e0fd      0x56  Code  Gb  stm32f4xx_hal_pcd.o [6]
HAL_PCD_EP_Open          0x800'df41      0x5e  Code  Gb  stm32f4xx_hal_pcd.o [6]
HAL_PCD_EP_Receive       0x800'dfe7      0x50  Code  Gb  stm32f4xx_hal_pcd.o [6]
HAL_PCD_EP_SetStall      0x800'e085      0x78  Code  Gb  stm32f4xx_hal_pcd.o [6]
HAL_PCD_EP_Transmit      0x800'e037      0x4e  Code  Gb  stm32f4xx_hal_pcd.o [6]
HAL_PCD_IRQHandler       0x800'd9a9     0x562  Code  Gb  stm32f4xx_hal_pcd.o [6]
HAL_PCD_IRQHandler{1}{2}{18}{19}{20}{21}{22}{23}{24}{25}::lldataIn
                        0x2001'f3dc       0x4  Data  Lc  stm32f4xx_hal_pcd.o [6]
HAL_PCD_ISOINIncompleteCallback
                         0x800'cf89       0x8  Code  Gb  usbd_conf.o [4]
HAL_PCD_ISOOUTIncompleteCallback
                         0x800'cf81       0x8  Code  Gb  usbd_conf.o [4]
HAL_PCD_Init             0x800'd7bd     0x1ac  Code  Gb  stm32f4xx_hal_pcd.o [6]
HAL_PCD_MspInit          0x800'ce55      0x7c  Code  Gb  usbd_conf.o [4]
HAL_PCD_ResetCallback    0x800'cf2b      0x24  Code  Gb  usbd_conf.o [4]
HAL_PCD_ResumeCallback   0x800'cf79       0x8  Code  Gb  usbd_conf.o [4]
HAL_PCD_SOFCallback      0x800'cf23       0x8  Code  Gb  usbd_conf.o [4]
HAL_PCD_SetAddress       0x800'df19      0x28  Code  Gb  stm32f4xx_hal_pcd.o [6]
HAL_PCD_SetupStageCallback
                         0x800'ced1       0xc  Code  Gb  usbd_conf.o [4]
HAL_PCD_Start            0x800'd969      0x3e  Code  Gb  stm32f4xx_hal_pcd.o [6]
HAL_PCD_SuspendCallback
                         0x800'cf4f      0x2a  Code  Gb  usbd_conf.o [4]
HAL_RCC_ClockConfig      0x800'99e5     0x11c  Code  Gb  stm32f4xx_hal_rcc.o [6]
HAL_RCC_GetClockConfig   0x800'9b1b      0x3e  Code  Gb  stm32f4xx_hal_rcc.o [6]
HAL_RCC_GetHCLKFreq      0x800'9b01       0x6  Code  Gb  stm32f4xx_hal_rcc.o [6]
HAL_RCC_GetPCLK2Freq     0x800'9b07      0x14  Code  Gb  stm32f4xx_hal_rcc.o [6]
HAL_RCC_GetSysClockFreq
                         0x800'c2e9      0x60  Code  Gb  stm32f4xx_hal_rcc.o [6]
HAL_RCC_OscConfig        0x800'9675     0x370  Code  Gb  stm32f4xx_hal_rcc.o [6]
HAL_TIMEx_BreakCallback
                         0x800'ce4f       0x2  Code  Gb  stm32f4xx_hal_tim_ex.o [6]
HAL_TIMEx_CommutCallback
                         0x800'ce53       0x2  Code  Gb  stm32f4xx_hal_tim_ex.o [6]
HAL_TIM_Base_Init        0x800'b411      0x58  Code  Gb  stm32f4xx_hal_tim.o [6]
HAL_TIM_Base_MspInit     0x800'ce47       0x2  Code  Gb  stm32f4xx_hal_tim.o [6]
HAL_TIM_Base_Start_IT    0x800'b469      0x64  Code  Gb  stm32f4xx_hal_tim.o [6]
HAL_TIM_IC_CaptureCallback
                         0x800'ce4b       0x2  Code  Gb  stm32f4xx_hal_tim.o [6]
HAL_TIM_IRQHandler       0x800'b649     0x14a  Code  Gb  stm32f4xx_hal_tim.o [6]
HAL_TIM_OC_ConfigChannel
                         0x800'b795      0x5e  Code  Gb  stm32f4xx_hal_tim.o [6]
HAL_TIM_OC_DelayElapsedCallback
                         0x800'9483      0x14  Code  Gb  led.o [2]
HAL_TIM_OC_Init          0x800'b4cd      0x58  Code  Gb  stm32f4xx_hal_tim.o [6]
HAL_TIM_OC_MspInit       0x800'ce49       0x2  Code  Gb  stm32f4xx_hal_tim.o [6]
HAL_TIM_OC_Start_IT      0x800'b525     0x10a  Code  Gb  stm32f4xx_hal_tim.o [6]
HAL_TIM_PWM_PulseFinishedCallback
                         0x800'ce4d       0x2  Code  Gb  stm32f4xx_hal_tim.o [6]
HAL_TIM_PeriodElapsedCallback
                         0x800'7de5      0x22  Code  Gb  main.o [2]
HAL_TIM_TriggerCallback
                         0x800'ce51       0x2  Code  Gb  stm32f4xx_hal_tim.o [6]
HardFault_Handler        0x801'05db       0x2  Code  Gb  stm32f4xx_it.o [2]
KernelState             0x2001'f3cc       0x4  Data  Lc  cmsis_os2.o [7]
MemManage_Handler        0x801'05dd       0x2  Code  Gb  stm32f4xx_it.o [2]
NMI_Handler              0x801'05d9       0x2  Code  Gb  stm32f4xx_it.o [2]
OIDSupportedList         0x801'0424      0x58  Data  Gb  usbd_rndis.o [10]
OTG_FS_IRQHandler        0x801'05f1       0x6  Code  Gb  stm32f4xx_it.o [2]
PendSV_Handler           0x800'9121            Code  Gb  portasm.o [7]
Region$$Table$$Base      0x801'0750             --   Gb  - Linker created -
Region$$Table$$Limit     0x801'0770             --   Gb  - Linker created -
SVC_Handler              0x800'9179            Code  Gb  portasm.o [7]
SysTick_Handler          0x800'7ed1      0x20  Code  Gb  cmsis_os2.o [7]
SystemClock_Config       0x800'7d4b      0x9a  Code  Gb  main.o [2]
SystemCoreClock         0x2000'0114       0x4  Data  Gb  system_stm32f4xx.o [5]
SystemInit               0x801'0771       0xc  Code  Gb  system_stm32f4xx.o [5]
TIM1_UP_TIM10_IRQHandler
                         0x801'05e5       0x6  Code  Gb  stm32f4xx_it.o [2]
TIM2_IRQHandler          0x801'05eb       0x6  Code  Gb  stm32f4xx_it.o [2]
TIM_Base_SetConfig       0x800'b7f3      0x82  Code  Gb  stm32f4xx_hal_tim.o [6]
TIM_OC1Struct           0x2000'0084      0x1c  Data  Lc  led.o [2]
TIM_OC1_SetConfig        0x800'b875      0x4c  Code  Lc  stm32f4xx_hal_tim.o [6]
TIM_OC2_SetConfig        0x800'b8c1      0x54  Code  Gb  stm32f4xx_hal_tim.o [6]
TIM_OC3_SetConfig        0x800'b915      0x52  Code  Lc  stm32f4xx_hal_tim.o [6]
TIM_OC4_SetConfig        0x800'b967      0x42  Code  Lc  stm32f4xx_hal_tim.o [6]
USBD_ClrClassConfig      0x800'ba35      0x14  Code  Gb  usbd_core.o [11]
USBD_CtlContinueRx       0x800'd729      0x14  Code  Gb  usbd_ioreq.o [11]
USBD_CtlContinueSendData
                         0x800'd6f3      0x14  Code  Gb  usbd_ioreq.o [11]
USBD_CtlPrepareRx        0x800'd707      0x22  Code  Gb  usbd_ioreq.o [11]
USBD_CtlReceiveStatus    0x800'd757      0x1a  Code  Gb  usbd_ioreq.o [11]
USBD_CtlSendData         0x800'd6d5      0x1e  Code  Gb  usbd_ioreq.o [11]
USBD_CtlSendStatus       0x800'd73d      0x1a  Code  Gb  usbd_ioreq.o [11]
USBD_FS_ConfigStrDescriptor
                         0x801'03b5      0x14  Code  Gb  usbd_desc.o [3]
USBD_FS_DeviceDesc      0x2000'01b0      0x14  Data  Gb  usbd_desc.o [3]
USBD_FS_DeviceDescriptor
                         0x801'0309       0x8  Code  Gb  usbd_desc.o [3]
USBD_FS_InterfaceStrDescriptor
                         0x801'03c9      0x14  Code  Gb  usbd_desc.o [3]
USBD_FS_LangIDStrDescriptor
                         0x801'0311       0x8  Code  Gb  usbd_desc.o [3]
USBD_FS_ManufacturerStrDescriptor
                         0x801'032d      0x12  Code  Gb  usbd_desc.o [3]
USBD_FS_ProductStrDescriptor
                         0x801'0319      0x14  Code  Gb  usbd_desc.o [3]
USBD_FS_SerialStrDescriptor
                         0x801'033f      0x74  Code  Gb  usbd_desc.o [3]
USBD_GetString           0x800'd63d      0x98  Code  Gb  usbd_ctlreq.o [11]
USBD_Init                0x800'b9c9      0x26  Code  Gb  usbd_core.o [11]
USBD_LL_ClearStallEP     0x800'd091      0x1e  Code  Gb  usbd_conf.o [4]
USBD_LL_CloseEP          0x800'd055      0x1e  Code  Gb  usbd_conf.o [4]
USBD_LL_DataInStage      0x800'bb1d      0xb4  Code  Gb  usbd_core.o [11]
USBD_LL_DataInStage::usbcoreDataIn
                        0x2001'f3ec       0x4  Data  Lc  usbd_core.o [11]
USBD_LL_DataOutStage     0x800'baad      0x70  Code  Gb  usbd_core.o [11]
USBD_LL_DevConnected     0x800'bcd1       0x4  Code  Gb  usbd_core.o [11]
USBD_LL_DevDisconnected
                         0x800'bcd5      0x1e  Code  Gb  usbd_core.o [11]
USBD_LL_Init             0x800'cfa1      0x64  Code  Gb  usbd_conf.o [4]
USBD_LL_IsStallEP        0x800'd0af      0x20  Code  Gb  usbd_conf.o [4]
USBD_LL_IsoINIncomplete
                         0x800'bc89      0x24  Code  Gb  usbd_core.o [11]
USBD_LL_IsoOUTIncomplete
                         0x800'bcad      0x24  Code  Gb  usbd_core.o [11]
USBD_LL_OpenEP           0x800'd03f      0x16  Code  Gb  usbd_conf.o [4]
USBD_LL_PrepareReceive   0x800'd10b      0x1e  Code  Gb  usbd_conf.o [4]
USBD_LL_Reset            0x800'bbd5      0x64  Code  Gb  usbd_core.o [11]
USBD_LL_Resume           0x800'bc51      0x14  Code  Gb  usbd_core.o [11]
USBD_LL_SOF              0x800'bc65      0x24  Code  Gb  usbd_core.o [11]
USBD_LL_SetSpeed         0x800'bc39       0x6  Code  Gb  usbd_core.o [11]
USBD_LL_SetUSBAddress    0x800'd0cf      0x1e  Code  Gb  usbd_conf.o [4]
USBD_LL_SetupStage       0x800'ba49      0x64  Code  Gb  usbd_core.o [11]
USBD_LL_StallEP          0x800'd073      0x1e  Code  Gb  usbd_conf.o [4]
USBD_LL_Start            0x800'd021      0x1e  Code  Gb  usbd_conf.o [4]
USBD_LL_Suspend          0x800'bc3f      0x12  Code  Gb  usbd_core.o [11]
USBD_LL_Transmit         0x800'd0ed      0x1e  Code  Gb  usbd_conf.o [4]
USBD_LangIDDesc         0x2000'01c4       0x4  Data  Gb  usbd_desc.o [3]
USBD_ParseSetupRequest   0x800'd615      0x28  Code  Gb  usbd_ctlreq.o [11]
USBD_RDNIS              0x2000'02d8      0x38  Data  Gb  usbd_rndis.o [10]
USBD_RNDIS_CfgDesc      0x2000'028c      0x4c  Data  Lc  usbd_rndis.o [10]
USBD_RNDIS_DataIn        0x800'c117      0x42  Code  Lc  usbd_rndis.o [10]
USBD_RNDIS_DataOut       0x800'c159      0x6c  Code  Lc  usbd_rndis.o [10]
USBD_RNDIS_DeInit        0x800'bd55      0x28  Code  Lc  usbd_rndis.o [10]
USBD_RNDIS_DeviceQualifierDesc
                        0x2000'0280       0xc  Data  Lc  usbd_rndis.o [10]
USBD_RNDIS_EP0_RxReady   0x800'bdad     0x36a  Code  Lc  usbd_rndis.o [10]
USBD_RNDIS_GetDeviceQualifierDescriptor
                         0x800'c25d       0x8  Code  Lc  usbd_rndis.o [10]
USBD_RNDIS_GetFSCfgDesc
                         0x800'c247       0xe  Code  Lc  usbd_rndis.o [10]
USBD_RNDIS_GetHSCfgDesc
                         0x800'c255       0x4  Code  Lc  usbd_rndis.o [10]
USBD_RNDIS_GetOtherSpeedCfgDesc
                         0x800'c259       0x4  Code  Lc  usbd_rndis.o [10]
USBD_RNDIS_Init          0x800'bcfb      0x5a  Code  Lc  usbd_rndis.o [10]
USBD_RNDIS_Setup         0x800'bd7d      0x30  Code  Lc  usbd_rndis.o [10]
USBD_RNDIS_getClass      0x800'bcf5       0x6  Code  Gb  usbd_rndis.o [10]
USBD_RNDIS_send          0x800'c1c5      0x7a  Code  Gb  usbd_rndis.o [10]
USBD_RNDIS_setBuffer     0x800'c23f       0x8  Code  Gb  usbd_rndis.o [10]
USBD_RegisterClass       0x800'b9ef      0x2a  Code  Gb  usbd_core.o [11]
USBD_SetClassConfig      0x800'ba1d      0x18  Code  Gb  usbd_core.o [11]
USBD_Start               0x800'ba19       0x4  Code  Gb  usbd_core.o [11]
USBD_StdDevReq           0x800'd129     0x320  Code  Gb  usbd_ctlreq.o [11]
USBD_StdEPReq            0x800'd4a1     0x174  Code  Gb  usbd_ctlreq.o [11]
USBD_StdItfReq           0x800'd449      0x58  Code  Gb  usbd_ctlreq.o [11]
USBD_StrDesc            0x2001'ed00     0x200  Data  Gb  usbd_desc.o [3]
USBD_StringSerial       0x2000'01c8      0x1c  Data  Gb  usbd_desc.o [3]
USB_ActivateEndpoint     0x800'e695      0x78  Code  Gb  stm32f4xx_ll_usb.o [6]
USB_CoreInit             0x800'e1ed      0xd8  Code  Gb  stm32f4xx_ll_usb.o [6]
USB_DeactivateEndpoint   0x800'e70d      0xb4  Code  Gb  stm32f4xx_ll_usb.o [6]
USB_DevConnect           0x800'eb11      0x1c  Code  Gb  stm32f4xx_ll_usb.o [6]
USB_DevDisconnect        0x800'eb2d      0x1c  Code  Gb  stm32f4xx_ll_usb.o [6]
USB_DevInit              0x800'e40d     0x23e  Code  Gb  stm32f4xx_ll_usb.o [6]
USB_DisableGlobalInt     0x800'e39d       0xc  Code  Gb  stm32f4xx_ll_usb.o [6]
USB_EP0StartXfer         0x800'e94b      0xd6  Code  Gb  stm32f4xx_ll_usb.o [6]
USB_EP0_OutStart         0x800'ebb3      0x46  Code  Gb  stm32f4xx_ll_usb.o [6]
USB_EPClearStall         0x800'eac1      0x32  Code  Gb  stm32f4xx_ll_usb.o [6]
USB_EPSetStall           0x800'ea91      0x30  Code  Gb  stm32f4xx_ll_usb.o [6]
USB_EPStartXfer          0x800'e7c1     0x18a  Code  Gb  stm32f4xx_ll_usb.o [6]
USB_EnableGlobalInt      0x800'e391       0xc  Code  Gb  stm32f4xx_ll_usb.o [6]
USB_FlushTxFifo          0x800'e64b      0x2e  Code  Gb  stm32f4xx_ll_usb.o [6]
USB_GetDevSpeed          0x800'e679      0x1c  Code  Gb  stm32f4xx_ll_usb.o [6]
USB_GetMode              0x800'ebab       0x8  Code  Gb  stm32f4xx_ll_usb.o [6]
USB_ReadDevAllInEpInterrupt
                         0x800'eb61       0xe  Code  Gb  stm32f4xx_ll_usb.o [6]
USB_ReadDevAllOutEpInterrupt
                         0x800'eb53       0xe  Code  Gb  stm32f4xx_ll_usb.o [6]
USB_ReadDevInEPInterrupt
                         0x800'eb85      0x26  Code  Gb  stm32f4xx_ll_usb.o [6]
USB_ReadDevOutEPInterrupt
                         0x800'eb6f      0x16  Code  Gb  stm32f4xx_ll_usb.o [6]
USB_ReadInterrupts       0x800'eb49       0xa  Code  Gb  stm32f4xx_ll_usb.o [6]
USB_ReadPacket           0x800'ea4d      0x44  Code  Gb  stm32f4xx_ll_usb.o [6]
USB_SetCurrentMode       0x800'e3a9      0x62  Code  Gb  stm32f4xx_ll_usb.o [6]
USB_SetDevAddress        0x800'eaf5      0x1c  Code  Gb  stm32f4xx_ll_usb.o [6]
USB_SetTurnaroundTime    0x800'e2c5      0xcc  Code  Gb  stm32f4xx_ll_usb.o [6]
USB_WritePacket          0x800'ea21      0x2c  Code  Gb  stm32f4xx_ll_usb.o [6]
UsageFault_Handler       0x801'05e1       0x2  Code  Gb  stm32f4xx_it.o [2]
_LocaleC_isspace         0x800'd781      0x14  Code  Gb  xlocale_c.o [12]
_LocaleC_isupper         0x800'd775       0x2  Code  Gb  xlocale_c.o [12]
_LocaleC_tolower         0x800'd795       0xc  Code  Gb  xlocale_c.o [12]
_Rand_idx               0x2000'0398       0x4  Data  Lc  rand.o [12]
_Rand_rv                0x2000'0310      0x80  Data  Lc  rand.o [12]
_Randinit               0x2000'0390       0x1  Data  Gb  rand.o [12]
_Randseed               0x2000'0394       0x4  Data  Gb  rand.o [12]
__aeabi_cdcmpeq          0x800'c579            Code  Gb  DblCmpEq.o [13]
__aeabi_cdcmple          0x800'c599            Code  Gb  DblCmpLe.o [13]
__aeabi_cdrcmple         0x800'c5cd            Code  Gb  DblCmpGe.o [13]
__aeabi_d2iz             0x800'c601            Code  Gb  DblToS32.o [13]
__aeabi_d2uiz            0x800'ca69            Code  Gb  DblToU32.o [13]
__aeabi_dadd             0x800'c65d            Code  Gb  DblAddSub.o [13]
__aeabi_ddiv             0x800'caa9            Code  Gb  DblDiv.o [13]
__aeabi_dmul             0x800'c8bd            Code  Gb  DblMul.o [13]
__aeabi_dsub             0x800'c7d9            Code  Gb  DblAddSub.o [13]
__aeabi_f2d              0x800'aac1            Code  Gb  FltToDbl.o [13]
__aeabi_i2d              0x800'c639            Code  Gb  S32ToDbl.o [13]
__aeabi_ldiv0            0x800'd771            Code  Gb  I64DivZer.o [14]
__aeabi_memclr           0x800'670d            Code  Gb  ABImemclr.o [14]
__aeabi_memclr4          0x800'7669            Code  Gb  ABImemclr4.o [14]
__aeabi_memcpy           0x800'3775            Code  Gb  ABImemcpy.o [14]
__aeabi_memcpy4          0x800'3795            Code  Gb  ABImemcpy.o [14]
__aeabi_memcpy8          0x800'3795            Code  Gb  ABImemcpy.o [14]
__aeabi_memmove          0x800'7671            Code  Gb  ABImemmove.o [14]
__aeabi_memmove4         0x800'7671            Code  Gb  ABImemmove.o [14]
__aeabi_memmove8         0x800'7671            Code  Gb  ABImemmove.o [14]
__aeabi_memset           0x800'908d            Code  Gb  ABImemset.o [14]
__aeabi_memset4          0x800'78c9            Code  Gb  ABImemset48.o [14]
__aeabi_memset8          0x800'78c9            Code  Gb  ABImemset48.o [14]
__aeabi_ui2d             0x800'ca8d            Code  Gb  U32ToDbl.o [13]
__aeabi_uldivmod         0x800'c349            Code  Gb  I64DivMod.o [14]
__cmain                  0x801'0791            Code  Gb  cmain.o [14]
__exit                   0x801'07c5      0x14  Code  Gb  exit.o [15]
__iar_Memchr             0x800'9ba9            Code  Gb  memchr.o [14]
__iar_Memset             0x800'908d            Code  Gb  ABImemset.o [14]
__iar_Memset4_word       0x800'78d1            Code  Gb  ABImemset48.o [14]
__iar_Memset8_word       0x800'78d1            Code  Gb  ABImemset48.o [14]
__iar_Memset_word        0x800'9095            Code  Gb  ABImemset.o [14]
__iar_Stolx              0x800'ab09      0x8c  Code  Gb  iar_Stolx.o [12]
__iar_Stoulx             0x800'cd05     0x13a  Code  Gb  iar_Stoulx.o [12]
__iar_data_init3         0x801'062d      0x28  Code  Gb  data_init.o [14]
__iar_globLocale        0x2000'039c      0x48  Data  Lc  xlocale_c.o [12]
__iar_global_Locale      0x800'd7a1       0x4  Code  Gb  xlocale_c.o [12]
__iar_init_vfp           0x801'072d            Code  Gb  fpinit_M.o [13]
__iar_lz77_init_single3
                         0x800'381b      0x76  Code  Gb  lz77_init_single.o [14]
__iar_program_start      0x801'07d9            Code  Gb  cstartup_M.o [14]
__iar_zero_init3         0x801'0541      0x38  Code  Gb  zero_init3.o [14]
__low_level_init         0x801'07af       0x4  Code  Gb  low_level_init.o [12]
__vector_table           0x800'0000            Data  Gb  startup_stm32f411xe.o [1]
_call_main               0x801'079d            Code  Gb  cmain.o [14]
_etoa                    0x800'a171     0x318  Code  Lc  printf.o [9]
_exit                    0x801'07b9            Code  Gb  cexit.o [14]
_ftoa                    0x800'9ea9     0x2be  Code  Lc  printf.o [9]
_ftoa::pow10             0x801'04a0      0x50  Data  Lc  printf.o [9]
_ntoa_format             0x800'9c91     0x108  Code  Lc  printf.o [9]
_ntoa_long               0x800'9d99      0x74  Code  Lc  printf.o [9]
_ntoa_long_long          0x800'9e0d      0x9c  Code  Lc  printf.o [9]
_out_buffer              0x800'9c01       0x8  Code  Lc  printf.o [9]
_out_null                0x800'9c09       0x2  Code  Lc  printf.o [9]
_out_rev                 0x800'9c0b      0x86  Code  Lc  printf.o [9]
_vsnprintf               0x800'a489     0x592  Code  Lc  printf.o [9]
currentFrame            0x2000'0118       0x8  Data  Lc  tcpip.o [2]
dhcpMsg                 0x2000'0008       0x4  Data  Lc  dhcpserver.o [2]
dhcpconf                0x2000'0004       0x4  Data  Lc  dhcpserver.o [2]
dhcpconf                0x2000'017c      0x18  Data  Lc  tcpip.o [2]
dhcpserverHandleTaskToNotify
                        0x2000'0000       0x4  Data  Gb  dhcpserver.o [2]
dhcpserverHandleTask_attributes
                         0x801'047c      0x24  Data  Gb  dhcpserver.o [2]
dhcpserver_handle        0x800'87e9     0x382  Code  Lc  dhcpserver.o [2]
dhcpserver_init          0x800'87cd      0x1a  Code  Gb  dhcpserver.o [2]
dhcpserver_lookupFree::empty
                         0x800'8bb8       0x8  Data  Lc  dhcpserver.o [2]
dhcpserver_lookupFreeObj::empty
                         0x800'8bc0       0x8  Data  Lc  dhcpserver.o [2]
dhcpserver_lookupMac     0x800'8b6b      0x46  Code  Lc  dhcpserver.o [2]
digits                   0x801'0518      0x28  Data  Lc  iar_Stoulx.o [12]
dnsserverHandleTaskToNotify
                        0x2001'f3d0       0x4  Data  Gb  dnsserver.o [2]
dnsserverHandleTask_attributes
                         0x801'0654      0x24  Data  Gb  dnsserver.o [2]
dnsserver_handle         0x800'8be1     0x180  Code  Lc  dnsserver.o [2]
dnsserver_handle::eelse
                        0x2001'f3b6       0x2  Data  Lc  dnsserver.o [2]
dnsserver_handle::eintr
                        0x2001'f3b2       0x2  Data  Lc  dnsserver.o [2]
dnsserver_handle::einval
                        0x2001'f3b4       0x2  Data  Lc  dnsserver.o [2]
dnsserver_handle::enomem
                        0x2001'f3ae       0x2  Data  Lc  dnsserver.o [2]
dnsserver_handle::enotconn
                        0x2001'f3b0       0x2  Data  Lc  dnsserver.o [2]
dnsserver_handle::etimeout
                        0x2001'f3ac       0x2  Data  Lc  dnsserver.o [2]
dnsserver_init           0x800'8bc9      0x18  Code  Gb  dnsserver.o [2]
duty                    0x2000'00a0       0x1  Data  Lc  led.o [2]
eARPGetCacheEntry        0x800'62e3      0xb6  Code  Gb  FreeRTOS_ARP.o [8]
eARPProcessPacket        0x800'6141      0xa6  Code  Gb  FreeRTOS_ARP.o [8]
eConsiderFrameForProcessing
                         0x800'49bd      0x38  Code  Gb  FreeRTOS_IP.o [8]
encapsulated_buffer     0x2000'01e4      0x78  Data  Lc  usbd_rndis.o [10]
exit                     0x801'07b3       0x4  Code  Gb  exit.o [12]
guestCounter            0x2000'0038       0x4  Data  Lc  httpserver.o [2]
hUsbDeviceFS            0x2001'e7d4     0x2d0  Data  Gb  usb_device.o [3]
hpcd_USB_OTG_FS         0x2001'e3cc     0x408  Data  Gb  usbd_conf.o [4]
htim1                   0x2001'f2e0      0x48  Data  Gb  stm32f4xx_hal_timebase_tim.o [2]
htim2                   0x2000'003c      0x48  Data  Gb  led.o [2]
httpserver_204           0x800'8669      0x5e  Code  Lc  httpserver.o [2]
httpserver_400           0x800'86c7      0x5e  Code  Lc  httpserver.o [2]
httpserver_handle        0x800'80a1     0x482  Code  Lc  httpserver.o [2]
httpserver_handle::eelse
                        0x2000'002e       0x2  Data  Lc  httpserver.o [2]
httpserver_handle::eintr
                        0x2000'002c       0x2  Data  Lc  httpserver.o [2]
httpserver_handle::etimeout
                        0x2000'002a       0x2  Data  Lc  httpserver.o [2]
httpserver_handle::serverInstanceMallocError
                        0x2000'0028       0x1  Data  Lc  httpserver.o [2]
httpserver_handle::uriTooLongError
                        0x2000'0030       0x2  Data  Lc  httpserver.o [2]
httpserver_homepageFetch
                         0x800'8525     0x144  Code  Lc  httpserver.o [2]
httpserver_init          0x800'7fed      0x1c  Code  Gb  httpserver.o [2]
httpserver_listen        0x800'8009      0x98  Code  Lc  httpserver.o [2]
isspace                  0x800'ccef      0x14  Code  Gb  isspace.o [12]
lTCPAddRxdata            0x800'3509      0xe0  Code  Gb  FreeRTOS_Sockets.o [8]
lTCPWindowRxCheck        0x800'3aa9     0x18a  Code  Gb  FreeRTOS_TCP_WIN.o [8]
lTCPWindowTxAdd          0x800'3c35     0x110  Code  Gb  FreeRTOS_TCP_WIN.o [8]
leasetable              0x2000'0128      0x50  Data  Lc  tcpip.o [2]
ledTask                  0x800'94d5      0x70  Code  Lc  led.o [2]
ledTask_attributes       0x801'06c0      0x24  Data  Gb  led.o [2]
led_getDuty              0x800'94c1      0x14  Code  Gb  led.o [2]
led_init                 0x800'93b9      0xca  Code  Gb  led.o [2]
led_set                  0x800'94a1       0xc  Code  Gb  led.o [2]
led_setDim               0x800'954f       0xa  Code  Gb  led.o [2]
led_setDuty              0x800'94ad      0x14  Code  Gb  led.o [2]
led_setPulse             0x800'9545       0xa  Code  Gb  led.o [2]
led_toggle               0x800'9497       0xa  Code  Gb  led.o [2]
macReceiveTask_attributes
                         0x801'0708      0x24  Data  Gb  tcpip.o [2]
mac_statistic           0x2001'f3b8       0xc  Data  Lc  tcpip.o [2]
magic_cookie            0x2000'000c       0x4  Data  Lc  dhcpserver.o [2]
main                     0x800'7cdd      0x56  Code  Gb  main.o [2]
memchr                   0x800'9ba9            Code  Gb  memchr.o [14]
memcmp                   0x800'7861            Code  Gb  memcmp.o [14]
memset                   0x800'b225      0x14  Code  Gb  memset.o [14]
monitorTask_attributes   0x801'06e4      0x24  Data  Gb  monitor.o [2]
monitor_getTemperature   0x800'937b       0x8  Code  Gb  monitor.o [2]
monitor_getVoltage       0x800'9383       0x8  Code  Gb  monitor.o [2]
monitor_init             0x800'9221      0x62  Code  Gb  monitor.o [2]
ndigs                    0x801'04f0      0x28  Data  Lc  iar_Stoulx.o [12]
oid_packet_filter       0x2000'0278       0x4  Data  Lc  usbd_rndis.o [10]
on_usbInTxCplt           0x800'95cf       0xe  Code  Gb  usb_device.o [3]
on_usbOutRxPacket        0x800'95ad      0x22  Code  Gb  usb_device.o [3]
osKernelInitialize       0x800'7ef1      0x20  Code  Gb  cmsis_os2.o [7]
osKernelStart            0x800'7f11      0x3a  Code  Gb  cmsis_os2.o [7]
osThreadNew              0x800'7f4b      0x94  Code  Gb  cmsis_os2.o [7]
permanent_hwaddr         0x800'c2d4       0x8  Data  Lc  usbd_rndis.o [10]
processingIdle          0x2000'0120       0x1  Data  Lc  tcpip.o [2]
prvAddNewTaskToReadyList
                         0x800'50e5      0xe2  Code  Lc  tasks.o [7]
prvCheckForValidListAndQueue
                         0x800'7c71      0x54  Code  Lc  timers.o [7]
prvCheckForValidListAndQueue{1}{2}{3}{4}::ucStaticTimerQueueStorage
                        0x2001'f188      0xa0  Data  Lc  timers.o [7]
prvCheckForValidListAndQueue{1}{2}{3}{4}::xStaticTimerQueue
                        0x2001'f138      0x50  Data  Lc  timers.o [7]
prvCopyDataFromQueue     0x800'6da9      0x2a  Code  Lc  queue.o [7]
prvCopyDataToQueue       0x800'6d2d      0x7c  Code  Lc  queue.o [7]
prvDeleteTCB             0x800'5d71      0x34  Code  Lc  tasks.o [7]
prvIPTask                0x800'4055     0x6a4  Code  Lc  FreeRTOS_IP.o [8]
prvIPTimerCheck          0x800'473f      0x3c  Code  Lc  FreeRTOS_IP.o [8]
prvIPTimerStart          0x800'4713      0x2c  Code  Lc  FreeRTOS_IP.o [8]
prvIdleTask              0x800'5ce1      0x5e  Code  Lc  tasks.o [7]
prvInitialiseNewQueue    0x800'67d9      0x6a  Code  Lc  queue.o [7]
prvInsertBlockIntoFreeList
                         0x800'73b7      0x64  Code  Lc  heap_4.o [7]
prvInsertTimerInActiveList
                         0x800'7c39      0x38  Code  Lc  timers.o [7]
prvProcessNetworkDownEvent{1}::xCallEventHook
                        0x2001'f27c       0x4  Data  Lc  FreeRTOS_IP.o [8]
prvSampleTimeNow         0x800'7b85      0xb4  Code  Lc  timers.o [7]
prvSampleTimeNow::xLastTime
                        0x2001'f10c       0x4  Data  Lc  timers.o [7]
prvSetSynAckOptions      0x800'0b8d      0x72  Code  Lc  FreeRTOS_TCP_IP.o [8]
prvSocketSetMSS          0x800'0fe9      0x3c  Code  Lc  FreeRTOS_TCP_IP.o [8]
prvSockopt_so_buffer     0x800'2cc1      0x3e  Code  Lc  FreeRTOS_Sockets.o [8]
prvTCPAddTxData          0x800'0da9      0x5a  Code  Lc  FreeRTOS_TCP_IP.o [8]
prvTCPCreateWindow       0x800'0b5f      0x2e  Code  Lc  FreeRTOS_TCP_IP.o [8]
prvTCPHandleFin          0x800'0e05     0x1c2  Code  Lc  FreeRTOS_TCP_IP.o [8]
prvTCPNextTimeout        0x800'0d21      0x82  Code  Lc  FreeRTOS_TCP_IP.o [8]
prvTCPReturnPacket       0x800'0961     0x1fe  Code  Lc  FreeRTOS_TCP_IP.o [8]
prvTCPSendSpecialPacketHelper
                         0x800'0fc7      0x22  Code  Lc  FreeRTOS_TCP_IP.o [8]
prvTCPTouchSocket        0x800'0bff      0x20  Code  Lc  FreeRTOS_TCP_IP.o [8]
prvTCPWindowTxCheckAck   0x800'3f0d      0xc2  Code  Lc  FreeRTOS_TCP_WIN.o [8]
prvTCPWindowTxHasSpace   0x800'3d59      0x42  Code  Lc  FreeRTOS_TCP_WIN.o [8]
prvTaskCheckFreeStackSpace
                         0x800'5d3f      0x32  Code  Lc  tasks.o [7]
prvTaskExitError         0x800'7031      0x1c  Code  Lc  port.o [7]
prvTestWaitCondition     0x800'7651      0x14  Code  Lc  event_groups.o [7]
prvTimerTask             0x800'7971     0x214  Code  Lc  timers.o [7]
prvUnlockQueue           0x800'6dd3      0x60  Code  Lc  queue.o [7]
pulse                   0x2000'00a1       0x1  Data  Lc  led.o [2]
pvPortMalloc             0x800'71f1     0x154  Code  Gb  heap_4.o [7]
pvTaskIncrementMutexHeldCount
                         0x800'5f87      0x1a  Code  Gb  tasks.o [7]
pxCurrentTCB            0x2001'df10       0x4  Data  Gb  tasks.o [7]
pxCurrentTimerList      0x2001'f0fc       0x4  Data  Lc  timers.o [7]
pxDelayedTaskList       0x2001'df14       0x4  Data  Lc  tasks.o [7]
pxEnd                   0x2000'03ec       0x4  Data  Lc  heap_4.o [7]
pxGetNetworkBufferWithDescriptor
                         0x800'260b      0x9a  Code  Gb  BufferAllocation_2.o [8]
pxListFindListItemWithValue
                         0x800'2ed7      0x52  Code  Lc  FreeRTOS_Sockets.o [8]
pxOverflowDelayedTaskList
                        0x2001'df18       0x4  Data  Lc  tasks.o [7]
pxOverflowTimerList     0x2001'f100       0x4  Data  Lc  timers.o [7]
pxPortInitialiseStack    0x800'7009      0x28  Code  Gb  port.o [7]
pxReadyTasksLists       0x2001'da9c     0x460  Data  Lc  tasks.o [7]
pxTCPSocketLookup        0x800'34c5      0x44  Code  Gb  FreeRTOS_Sockets.o [8]
pxUDPPayloadBuffer_to_NetworkBuffer
                         0x800'4785      0x12  Code  Gb  FreeRTOS_IP.o [8]
pxUDPSocketLookup        0x800'2f29      0x28  Code  Gb  FreeRTOS_Sockets.o [8]
queue_dequeue            0x800'8ee3      0xb4  Code  Gb  queuex.o [2]
queue_enqueue            0x800'8f97      0xb8  Code  Gb  queuex.o [2]
queue_getHeadBuffer      0x800'904f      0x24  Code  Gb  queuex.o [2]
queue_init               0x800'8d7d      0xde  Code  Gb  queuex.o [2]
queue_isFull             0x800'9079      0x14  Code  Gb  queuex.o [2]
queue_manager            0x800'8e5b      0x88  Code  Gb  queuex.o [2]
rand                     0x800'7e25      0x90  Code  Gb  rand.o [12]
rndis_rx_buffer         0x2000'027c       0x4  Data  Lc  usbd_rndis.o [10]
rndis_statistic         0x2001'f3c4       0x8  Data  Lc  usb_device.o [3]
snprintf_                0x800'aa1b      0x1c  Code  Gb  printf.o [9]
srand                    0x800'7eb5       0xe  Code  Gb  rand.o [12]
station_hwaddr           0x800'c2cc       0x8  Data  Lc  usbd_rndis.o [10]
statusMonitorTask        0x800'9285      0xf6  Code  Lc  monitor.o [2]
statusMonitorTask::ADC_Value
                        0x2000'00f4       0x4  Data  Lc  monitor.o [2]
statusMonitorTask::mvSensing
                        0x2000'00f8       0x4  Data  Lc  monitor.o [2]
strlen                   0x800'ab99            Code  Gb  strlen.o [14]
strncmp                  0x800'9b81      0x28  Code  Gb  strncmp.o [12]
strtol                   0x800'ab95       0x4  Code  Gb  iar_Stolx.o [12]
tcpQueue                0x2001'8404    0x2b38  Data  Gb  main.o [2]
tcpip_enqueue            0x800'6693      0x44  Code  Gb  tcpip.o [2]
tcpip_init               0x800'656d      0x36  Code  Gb  tcpip.o [2]
tcpip_macTask            0x800'6631      0x60  Code  Lc  tcpip.o [2]
tcpip_macTaskToNotify   0x2000'0124       0x4  Data  Gb  tcpip.o [2]
tcpip_output             0x800'65f3      0x3a  Code  Gb  tcpip.o [2]
temperature             0x2000'00ec       0x4  Data  Lc  monitor.o [2]
tolower                  0x800'd7a9      0x14  Code  Gb  tolower.o [12]
tx                      0x2000'026c       0xc  Data  Lc  usbd_rndis.o [10]
ucDNSServerAddressFLASH
                         0x800'6708       0x4  Data  Gb  tcpip.o [2]
ucGatewayAddressFLASH    0x800'6704       0x4  Data  Gb  tcpip.o [2]
ucHeap                  0x2000'0404  0x1'8000  Data  Lc  heap_4.o [7]
ucIPAddressFLASH         0x800'66f4       0x4  Data  Gb  tcpip.o [2]
ucMACAddressFLASH        0x800'66f8       0x8  Data  Gb  tcpip.o [2]
ucMaxSysCallPriority    0x2000'00fc       0x1  Data  Lc  port.o [7]
ucNetMaskFLASH           0x800'6700       0x4  Data  Gb  tcpip.o [2]
ulApplicationGetNextSequenceNumber
                         0x800'65dd      0x16  Code  Gb  tcpip.o [2]
ulMaxPRIGROUPValue      0x2000'0104       0x4  Data  Lc  port.o [7]
ulTCPWindowTxAck         0x800'3fcf      0x10  Code  Gb  FreeRTOS_TCP_WIN.o [8]
ulTCPWindowTxGet         0x800'3e03     0x10a  Code  Gb  FreeRTOS_TCP_WIN.o [8]
ulTCPWindowTxSack        0x800'3fe1      0x72  Code  Gb  FreeRTOS_TCP_WIN.o [8]
ulTaskNotifyTake         0x800'5fa1      0xc0  Code  Gb  tasks.o [7]
usGenerateChecksum       0x800'4c59     0x11a  Code  Gb  FreeRTOS_IP.o [8]
usGenerateProtocolChecksum
                         0x800'4a55     0x204  Code  Gb  FreeRTOS_IP.o [8]
usPacketIdentifier      0x2001'f3f0       0x2  Data  Gb  FreeRTOS_IP.o [8]
usbQueue                0x2001'af3c    0x2b38  Data  Gb  main.o [2]
usb_eth_stat            0x2000'025c      0x10  Data  Lc  usbd_rndis.o [10]
usb_forceHostEnum        0x800'95f1      0x60  Code  Gb  usb_device.o [3]
usb_forceHostEnum::i    0x2001'f3e0       0x4  Data  Lc  usb_device.o [3]
usb_init                 0x800'9571      0x3c  Code  Gb  usb_device.o [3]
usb_output               0x800'95dd      0x14  Code  Gb  usb_device.o [3]
uwTick                  0x2000'010c       0x4  Data  Gb  stm32f4xx_hal.o [6]
uwTickFreq              0x2000'0108       0x1  Data  Gb  stm32f4xx_hal.o [6]
uwTickPrio              0x2000'0110       0x4  Data  Gb  stm32f4xx_hal.o [6]
uxCriticalNesting       0x2000'0100       0x4  Data  Lc  port.o [7]
uxCurrentNumberOfTasks  0x2001'df20       0x4  Data  Lc  tasks.o [7]
uxDeletedTasksWaitingCleanUp
                        0x2001'df1c       0x4  Data  Lc  tasks.o [7]
uxListRemove             0x800'6fe1      0x26  Code  Gb  list.o [7]
uxMinimumFreeNetworkBuffers
                        0x2001'f0f4       0x4  Data  Lc  BufferAllocation_2.o [8]
uxQueueMessagesWaiting   0x800'6cdd      0x24  Code  Gb  queue.o [7]
uxSchedulerSuspended    0x2001'df44       0x4  Data  Lc  tasks.o [7]
uxStreamBufferAdd        0x800'4dcd      0xa8  Code  Gb  FreeRTOS_Stream_Buffer.o [8]
uxStreamBufferGet        0x800'4e75      0x8c  Code  Gb  FreeRTOS_Stream_Buffer.o [8]
uxStreamBufferGetSize    0x800'2701      0x12  Code  Lc  FreeRTOS_Sockets.o [8]
uxTaskGetNumberOfTasks   0x800'5485       0xa  Code  Gb  tasks.o [7]
uxTaskGetSystemState     0x800'5491     0x35e  Code  Gb  tasks.o [7]
uxTaskNumber            0x2001'df3c       0x4  Data  Lc  tasks.o [7]
uxTaskResetEventItemValue
                         0x800'5f6b      0x1c  Code  Gb  tasks.o [7]
uxTopReadyPriority      0x2001'df28       0x4  Data  Lc  tasks.o [7]
vARPAgeCache             0x800'6399     0x108  Code  Gb  FreeRTOS_ARP.o [8]
vARPGenerateRequestPacket
                         0x800'64e9      0x68  Code  Gb  FreeRTOS_ARP.o [8]
vARPGenerateRequestPacket::xDefaultPartARPPacketHeader
                         0x801'0604      0x28  Data  Lc  FreeRTOS_ARP.o [8]
vARPRefreshCacheEntry    0x800'61e9      0xfa  Code  Gb  FreeRTOS_ARP.o [8]
vApplicationGetIdleTaskMemory
                         0x800'7905      0x14  Code  Gb  cmsis_os2.o [7]
vApplicationGetIdleTaskMemory::Idle_Stack
                        0x2001'eb00     0x200  Data  Lc  cmsis_os2.o [7]
vApplicationGetIdleTaskMemory::Idle_TCB
                        0x2001'eaa4      0x5c  Data  Lc  cmsis_os2.o [7]
vApplicationGetTimerTaskMemory
                         0x800'91d1      0x18  Code  Gb  cmsis_os2.o [7]
vApplicationGetTimerTaskMemory::Timer_Stack
                        0x2001'dfcc     0x400  Data  Lc  cmsis_os2.o [7]
vApplicationGetTimerTaskMemory::Timer_TCB
                        0x2001'df70      0x5c  Data  Lc  cmsis_os2.o [7]
vApplicationIPNetworkEventHook
                         0x800'65a3      0x22  Code  Gb  tcpip.o [2]
vApplicationIPNetworkEventHook::xTasksAlreadyCreated
                        0x2000'0178       0x4  Data  Lc  tcpip.o [2]
vApplicationIdleHook     0x800'7d33      0x18  Code  Gb  main.o [2]
vApplicationPingReplyHook
                         0x800'6691       0x2  Code  Gb  tcpip.o [2]
vEventGroupDelete        0x800'760d      0x44  Code  Gb  event_groups.o [7]
vListInitialise          0x800'6f4d      0x1a  Code  Gb  list.o [7]
vListInitialiseItem      0x800'6f67       0x6  Code  Gb  list.o [7]
vListInsert              0x800'6f89      0x58  Code  Gb  list.o [7]
vListInsertEnd           0x800'6f6d      0x1c  Code  Gb  list.o [7]
vListInsertFifo          0x800'3891      0x1a  Code  Lc  FreeRTOS_TCP_WIN.o [8]
vNetworkSocketsInit      0x800'2713      0x18  Code  Gb  FreeRTOS_Sockets.o [8]
vPortEnableVFP           0x800'91b5            Code  Gb  portasm.o [7]
vPortEnterCritical       0x800'715d      0x32  Code  Gb  port.o [7]
vPortExitCritical        0x800'718f      0x22  Code  Gb  port.o [7]
vPortFree                0x800'7345      0x6c  Code  Gb  heap_4.o [7]
vPortSetupTimerInterrupt
                         0x800'90f5      0x2c  Code  Gb  port.o [7]
vPortStartFirstTask      0x800'9195            Code  Gb  portasm.o [7]
vProcessGeneratedUDPPacket
                         0x800'7709      0xcc  Code  Gb  FreeRTOS_UDP_IP.o [8]
vQueueAddToRegistry      0x800'6e33      0x68  Code  Gb  queue.o [7]
vQueueDelete             0x800'6d01      0x2c  Code  Gb  queue.o [7]
vQueueUnregisterQueue    0x800'6e9b      0x64  Code  Gb  queue.o [7]
vQueueWaitForMessageRestricted
                         0x800'6f05      0x48  Code  Gb  queue.o [7]
vReleaseNetworkBufferAndDescriptor
                         0x800'26a5      0x4c  Code  Gb  BufferAllocation_2.o [8]
vSetMultiCastIPv4MacAddress
                         0x800'4a21      0x32  Code  Gb  FreeRTOS_IP.o [8]
vSocketBind              0x800'2a9d     0x156  Code  Gb  FreeRTOS_Sockets.o [8]
vSocketClose             0x800'2c21      0xa0  Code  Gb  FreeRTOS_Sockets.o [8]
vSocketSelect            0x800'3615     0x156  Code  Gb  FreeRTOS_Sockets.o [8]
vSocketWakeUpUser        0x800'2f59      0x3a  Code  Gb  FreeRTOS_Sockets.o [8]
vTCPStateChange          0x800'0c21     0x100  Code  Gb  FreeRTOS_TCP_IP.o [8]
vTCPWindowCreate         0x800'3999      0xc6  Code  Gb  FreeRTOS_TCP_WIN.o [8]
vTCPWindowDestroy        0x800'3935      0x62  Code  Gb  FreeRTOS_TCP_WIN.o [8]
vTCPWindowFree           0x800'3901      0x32  Code  Lc  FreeRTOS_TCP_WIN.o [8]
vTCPWindowInit           0x800'3a5f      0x48  Code  Gb  FreeRTOS_TCP_WIN.o [8]
vTaskDelay               0x800'527f      0x84  Code  Gb  tasks.o [7]
vTaskDelete              0x800'51c7      0xb8  Code  Gb  tasks.o [7]
vTaskInternalSetTimeOutState
                         0x800'5c47      0x12  Code  Gb  tasks.o [7]
vTaskMissedYield         0x800'5cd5       0xc  Code  Gb  tasks.o [7]
vTaskPlaceOnEventList    0x800'5971      0x82  Code  Gb  tasks.o [7]
vTaskPlaceOnEventListRestricted
                         0x800'5a9b      0x94  Code  Gb  tasks.o [7]
vTaskPlaceOnUnorderedEventList
                         0x800'59f9      0xa2  Code  Gb  tasks.o [7]
vTaskPriorityDisinheritAfterTimeout
                         0x800'5ed1      0x9a  Code  Gb  tasks.o [7]
vTaskRemoveFromUnorderedEventList
                         0x800'5b9f      0x76  Code  Gb  tasks.o [7]
vTaskSetTimeOutState     0x800'5c15      0x32  Code  Gb  tasks.o [7]
vTaskStartScheduler      0x800'5305      0x7c  Code  Gb  tasks.o [7]
vTaskSuspendAll          0x800'5389      0x10  Code  Gb  tasks.o [7]
vTaskSwitchContext       0x800'5905      0x6c  Code  Gb  tasks.o [7]
voltage                 0x2000'00f0       0x4  Data  Lc  monitor.o [2]
webserverHandleTaskToNotify
                        0x2001'f3d8       0x4  Data  Gb  httpserver.o [2]
webserverHandleTask_attributes
                         0x801'069c      0x24  Data  Gb  httpserver.o [2]
webserverListenTaskToNotify
                        0x2001'f3d4       0x4  Data  Gb  httpserver.o [2]
webserverListenTask_attributes
                         0x801'0678      0x24  Data  Gb  httpserver.o [2]
xARPCache               0x2001'f294      0x48  Data  Lc  FreeRTOS_ARP.o [8]
xARPTimer               0x2001'f23c      0x14  Data  Lc  FreeRTOS_IP.o [8]
xActiveTimerList1       0x2001'f110      0x14  Data  Lc  timers.o [7]
xActiveTimerList2       0x2001'f124      0x14  Data  Lc  timers.o [7]
xApplicationGetRandomNumber
                         0x800'65c5      0x18  Code  Gb  tcpip.o [2]
xBlockAllocatedBit      0x2000'0400       0x4  Data  Lc  heap_4.o [7]
xBoundTCPSocketsList    0x2001'f368      0x14  Data  Gb  FreeRTOS_Sockets.o [8]
xBoundUDPSocketsList    0x2001'f37c      0x14  Data  Gb  FreeRTOS_Sockets.o [8]
xBroadcastMACAddress     0x800'4da0       0x8  Data  Gb  FreeRTOS_IP.o [8]
xBufferAllocFixedSize    0x801'0868       0x4  Data  Gb  BufferAllocation_2.o [8]
xDefaultAddressing      0x2001'f280      0x14  Data  Gb  FreeRTOS_IP.o [8]
xDefaultPartUDPPacketHeader
                        0x2000'0010      0x18  Data  Gb  FreeRTOS_UDP_IP.o [8]
xDelayedTaskList1       0x2001'df48      0x14  Data  Lc  tasks.o [7]
xDelayedTaskList2       0x2001'df5c      0x14  Data  Lc  tasks.o [7]
xEventGroupClearBits     0x800'7539      0x42  Code  Gb  event_groups.o [7]
xEventGroupCreate        0x800'7421      0x1e  Code  Gb  event_groups.o [7]
xEventGroupSetBits       0x800'757b      0x8e  Code  Gb  event_groups.o [7]
xEventGroupWaitBits      0x800'743f      0xfa  Code  Gb  event_groups.o [7]
xFreeBuffersList        0x2001'f0e0      0x14  Data  Lc  BufferAllocation_2.o [8]
xFreeBytesRemaining     0x2000'03f0       0x4  Data  Lc  heap_4.o [7]
xIPIsNetworkTaskReady    0x800'4d7d       0x6  Code  Gb  FreeRTOS_IP.o [8]
xIPTaskHandle           0x2001'f26c       0x4  Data  Lc  FreeRTOS_IP.o [8]
xIPTaskInitialised      0x2001'f278       0x4  Data  Lc  FreeRTOS_IP.o [8]
xIsCallingFromIPTask     0x800'46f9      0x1a  Code  Gb  FreeRTOS_IP.o [8]
xIsIPv4Multicast         0x800'49fd      0x24  Code  Gb  FreeRTOS_IP.o [8]
xLastGratuitousARPTime  0x2001'f2dc       0x4  Data  Lc  FreeRTOS_ARP.o [8]
xMinimumEverFreeBytesRemaining
                        0x2000'03f4       0x4  Data  Lc  heap_4.o [7]
xNetworkAddressing      0x2001'f228      0x14  Data  Gb  FreeRTOS_IP.o [8]
xNetworkBufferDescriptors
                        0x2001'ef00     0x1e0  Data  Lc  BufferAllocation_2.o [8]
xNetworkBufferSemaphore
                        0x2001'f0f8       0x4  Data  Lc  BufferAllocation_2.o [8]
xNetworkBuffersInitialise
                         0x800'25a5      0x66  Code  Gb  BufferAllocation_2.o [8]
xNetworkDownEventPending
                        0x2001'f268       0x4  Data  Lc  FreeRTOS_IP.o [8]
xNetworkEventQueue      0x2001'f264       0x4  Data  Gb  FreeRTOS_IP.o [8]
xNetworkInterfaceInitialise
                         0x800'4da9       0x4  Code  Gb  NetworkInterface.o [8]
xNetworkInterfaceOutput
                         0x800'4dad      0x20  Code  Gb  NetworkInterface.o [8]
xNetworkUp              0x2001'f274       0x4  Data  Lc  FreeRTOS_IP.o [8]
xNextTaskUnblockTime    0x2001'df40       0x4  Data  Lc  tasks.o [7]
xNumOfOverflows         0x2001'df38       0x4  Data  Lc  tasks.o [7]
xNumberOfSuccessfulAllocations
                        0x2000'03f8       0x4  Data  Lc  heap_4.o [7]
xNumberOfSuccessfulFrees
                        0x2000'03fc       0x4  Data  Lc  heap_4.o [7]
xPendedTicks            0x2001'df30       0x4  Data  Lc  tasks.o [7]
xPendingReadyList       0x2001'da74      0x14  Data  Lc  tasks.o [7]
xPortGetFreeHeapSize     0x800'73b1       0x6  Code  Gb  heap_4.o [7]
xPortStartScheduler      0x800'704d     0x110  Code  Gb  port.o [7]
xPortSysTickHandler      0x800'71b1      0x2a  Code  Gb  port.o [7]
xProcessReceivedTCPPacket
                         0x800'103d    0x1516  Code  Gb  FreeRTOS_TCP_IP.o [8]
xProcessReceivedUDPPacket
                         0x800'77d9      0x88  Code  Gb  FreeRTOS_UDP_IP.o [8]
xProcessedTCPMessage    0x2001'f270       0x4  Data  Lc  FreeRTOS_IP.o [8]
xQueueCreateCountingSemaphore
                         0x800'6843      0x38  Code  Gb  queue.o [7]
xQueueGenericCreate      0x800'6793      0x46  Code  Gb  queue.o [7]
xQueueGenericCreateStatic
                         0x800'6715      0x7e  Code  Gb  queue.o [7]
xQueueGenericSend        0x800'687d     0x174  Code  Gb  queue.o [7]
xQueueReceive            0x800'69f1     0x152  Code  Gb  queue.o [7]
xQueueRegistry          0x2001'f328      0x40  Data  Gb  queue.o [7]
xQueueSemaphoreTake      0x800'6b45     0x192  Code  Gb  queue.o [7]
xSchedulerRunning       0x2001'df2c       0x4  Data  Lc  tasks.o [7]
xSegmentList            0x2001'f394      0x14  Data  Lc  FreeRTOS_TCP_WIN.o [8]
xSendEventStructToIPTask
                         0x800'4973      0x4a  Code  Gb  FreeRTOS_IP.o [8]
xSendEventToIPTask       0x800'4925      0x4e  Code  Gb  FreeRTOS_IP.o [8]
xStart                  0x2000'03e4       0x8  Data  Lc  heap_4.o [7]
xSuspendedTaskList      0x2001'defc      0x14  Data  Lc  tasks.o [7]
xTCPCheckNewClient       0x800'2553      0x42  Code  Gb  FreeRTOS_TCP_IP.o [8]
xTCPSegments            0x2001'f3a8       0x4  Data  Lc  FreeRTOS_TCP_WIN.o [8]
xTCPSocketCheck          0x800'0199     0x7c8  Code  Gb  FreeRTOS_TCP_IP.o [8]
xTCPTimer               0x2001'f250      0x14  Data  Lc  FreeRTOS_IP.o [8]
xTCPTimerCheck           0x800'3445      0x80  Code  Gb  FreeRTOS_Sockets.o [8]
xTCPTimerCheck::xLastTime
                        0x2001'f390       0x4  Data  Lc  FreeRTOS_Sockets.o [8]
xTCPWindowGetHead        0x800'38eb      0x16  Code  Lc  FreeRTOS_TCP_WIN.o [8]
xTCPWindowRxEmpty        0x800'38cf      0x1c  Code  Gb  FreeRTOS_TCP_WIN.o [8]
xTCPWindowRxFind         0x800'38ab      0x24  Code  Lc  FreeRTOS_TCP_WIN.o [8]
xTCPWindowTxDone         0x800'3d4d       0xc  Code  Gb  FreeRTOS_TCP_WIN.o [8]
xTCPWindowTxHasData      0x800'3d9b      0x68  Code  Gb  FreeRTOS_TCP_WIN.o [8]
xTaskCheckForTimeOut     0x800'5c59      0x7c  Code  Gb  tasks.o [7]
xTaskCreate              0x800'4fff      0xe6  Code  Gb  tasks.o [7]
xTaskCreateStatic        0x800'4f01      0xfe  Code  Gb  tasks.o [7]
xTaskGenericNotify       0x800'6061      0xd6  Code  Gb  tasks.o [7]
xTaskGetCurrentTaskHandle
                         0x800'5da5       0xa  Code  Gb  tasks.o [7]
xTaskGetSchedulerState   0x800'5daf      0x1c  Code  Gb  tasks.o [7]
xTaskGetTickCount        0x800'547b       0xa  Code  Gb  tasks.o [7]
xTaskIncrementTick       0x800'57f1     0x110  Code  Gb  tasks.o [7]
xTaskPriorityDisinherit
                         0x800'5e55      0x7c  Code  Gb  tasks.o [7]
xTaskPriorityInherit     0x800'5dcb      0x8a  Code  Gb  tasks.o [7]
xTaskRemoveFromEventList
                         0x800'5b2f      0x70  Code  Gb  tasks.o [7]
xTaskResumeAll           0x800'5399      0xe2  Code  Gb  tasks.o [7]
xTasksWaitingTermination
                        0x2001'da88      0x14  Data  Lc  tasks.o [7]
xTickCount              0x2001'df24       0x4  Data  Lc  tasks.o [7]
xTimerCreateTimerTask    0x800'7919      0x58  Code  Gb  timers.o [7]
xTimerQueue             0x2001'f104       0x4  Data  Lc  timers.o [7]
xTimerTaskHandle        0x2001'f108       0x4  Data  Lc  timers.o [7]
xTrueValue              0x2000'0034       0x4  Data  Lc  httpserver.o [2]
xYieldPending           0x2001'df34       0x4  Data  Lc  tasks.o [7]


[1] = D:\GitHub\STM32F4XX_RNDIS_DEMO\EWARM\ITAT_RNDIS\Obj\Application\EWARM
[2] = D:\GitHub\STM32F4XX_RNDIS_DEMO\EWARM\ITAT_RNDIS\Obj\Application\User\Core
[3] = D:\GitHub\STM32F4XX_RNDIS_DEMO\EWARM\ITAT_RNDIS\Obj\Application\User\USB_DEVICE\App
[4] = D:\GitHub\STM32F4XX_RNDIS_DEMO\EWARM\ITAT_RNDIS\Obj\Application\User\USB_DEVICE\Target
[5] = D:\GitHub\STM32F4XX_RNDIS_DEMO\EWARM\ITAT_RNDIS\Obj\Drivers\CMSIS
[6] = D:\GitHub\STM32F4XX_RNDIS_DEMO\EWARM\ITAT_RNDIS\Obj\Drivers\STM32F4xx_HAL_Driver
[7] = D:\GitHub\STM32F4XX_RNDIS_DEMO\EWARM\ITAT_RNDIS\Obj\Middlewares\FreeRTOS
[8] = D:\GitHub\STM32F4XX_RNDIS_DEMO\EWARM\ITAT_RNDIS\Obj\Middlewares\FreeRTOS_TCP
[9] = D:\GitHub\STM32F4XX_RNDIS_DEMO\EWARM\ITAT_RNDIS\Obj\Middlewares\PRINTF
[10] = D:\GitHub\STM32F4XX_RNDIS_DEMO\EWARM\ITAT_RNDIS\Obj\Middlewares\RNDIS
[11] = D:\GitHub\STM32F4XX_RNDIS_DEMO\EWARM\ITAT_RNDIS\Obj\Middlewares\USB_Device_Library
[12] = dl7M_tlf.a
[13] = m7M_tls.a
[14] = rt7M_tl.a
[15] = shb_l.a

   61'380 bytes of readonly  code memory
    6'845 bytes of readonly  data memory
  129'010 bytes of readwrite data memory

Errors: none
Warnings: none
