###############################################################################
#
# IAR ELF Linker V9.10.1.308/W64 for ARM                  07/Nov/2021  15:57:53
# Copyright 2007-2021 IAR Systems AB.
#
#    Output file  =
#        D:\GitHub\STM32_HAL_RNDIS\EWARM\ITAT_RNDIS\Exe\ITAT_RNDIS.out
#    Map file     =
#        D:\GitHub\STM32_HAL_RNDIS\EWARM\ITAT_RNDIS\List\ITAT_RNDIS.map
#    Command line =
#        -f D:\GitHub\STM32_HAL_RNDIS\EWARM\ITAT_RNDIS\Exe\ITAT_RNDIS.out.rsp
#        (D:\GitHub\STM32_HAL_RNDIS\EWARM\ITAT_RNDIS\Obj\Middlewares\FreeRTOS_TCP\BufferAllocation_2.o
#        D:\GitHub\STM32_HAL_RNDIS\EWARM\ITAT_RNDIS\Obj\Middlewares\FreeRTOS\cmsis_os2.o
#        D:\GitHub\STM32_HAL_RNDIS\EWARM\ITAT_RNDIS\Obj\Application\User\Core\crc32.o
#        D:\GitHub\STM32_HAL_RNDIS\EWARM\ITAT_RNDIS\Obj\Middlewares\FreeRTOS\croutine.o
#        D:\GitHub\STM32_HAL_RNDIS\EWARM\ITAT_RNDIS\Obj\Application\User\Core\dhcpserver.o
#        D:\GitHub\STM32_HAL_RNDIS\EWARM\ITAT_RNDIS\Obj\Application\User\Core\dnsserver.o
#        D:\GitHub\STM32_HAL_RNDIS\EWARM\ITAT_RNDIS\Obj\Middlewares\FreeRTOS\event_groups.o
#        D:\GitHub\STM32_HAL_RNDIS\EWARM\ITAT_RNDIS\Obj\Application\User\Core\freertos.o
#        D:\GitHub\STM32_HAL_RNDIS\EWARM\ITAT_RNDIS\Obj\Middlewares\FreeRTOS_TCP\FreeRTOS_ARP.o
#        D:\GitHub\STM32_HAL_RNDIS\EWARM\ITAT_RNDIS\Obj\Middlewares\FreeRTOS_TCP\FreeRTOS_DHCP.o
#        D:\GitHub\STM32_HAL_RNDIS\EWARM\ITAT_RNDIS\Obj\Middlewares\FreeRTOS_TCP\FreeRTOS_DNS.o
#        D:\GitHub\STM32_HAL_RNDIS\EWARM\ITAT_RNDIS\Obj\Middlewares\FreeRTOS_TCP\FreeRTOS_IP.o
#        D:\GitHub\STM32_HAL_RNDIS\EWARM\ITAT_RNDIS\Obj\Middlewares\FreeRTOS_TCP\FreeRTOS_Sockets.o
#        D:\GitHub\STM32_HAL_RNDIS\EWARM\ITAT_RNDIS\Obj\Middlewares\FreeRTOS_TCP\FreeRTOS_Stream_Buffer.o
#        D:\GitHub\STM32_HAL_RNDIS\EWARM\ITAT_RNDIS\Obj\Middlewares\FreeRTOS_TCP\FreeRTOS_TCP_IP.o
#        D:\GitHub\STM32_HAL_RNDIS\EWARM\ITAT_RNDIS\Obj\Middlewares\FreeRTOS_TCP\FreeRTOS_TCP_WIN.o
#        D:\GitHub\STM32_HAL_RNDIS\EWARM\ITAT_RNDIS\Obj\Middlewares\FreeRTOS_TCP\FreeRTOS_UDP_IP.o
#        D:\GitHub\STM32_HAL_RNDIS\EWARM\ITAT_RNDIS\Obj\Middlewares\FreeRTOS\heap_4.o
#        D:\GitHub\STM32_HAL_RNDIS\EWARM\ITAT_RNDIS\Obj\Application\User\Core\led.o
#        D:\GitHub\STM32_HAL_RNDIS\EWARM\ITAT_RNDIS\Obj\Middlewares\FreeRTOS\list.o
#        D:\GitHub\STM32_HAL_RNDIS\EWARM\ITAT_RNDIS\Obj\Application\User\Core\main.o
#        D:\GitHub\STM32_HAL_RNDIS\EWARM\ITAT_RNDIS\Obj\Application\User\Core\monitor.o
#        D:\GitHub\STM32_HAL_RNDIS\EWARM\ITAT_RNDIS\Obj\Middlewares\FreeRTOS_TCP\NetworkInterface.o
#        D:\GitHub\STM32_HAL_RNDIS\EWARM\ITAT_RNDIS\Obj\Middlewares\FreeRTOS\port.o
#        D:\GitHub\STM32_HAL_RNDIS\EWARM\ITAT_RNDIS\Obj\Middlewares\FreeRTOS\portasm.o
#        D:\GitHub\STM32_HAL_RNDIS\EWARM\ITAT_RNDIS\Obj\Middlewares\PRINTF\printf.o
#        D:\GitHub\STM32_HAL_RNDIS\EWARM\ITAT_RNDIS\Obj\Middlewares\FreeRTOS\queue.o
#        D:\GitHub\STM32_HAL_RNDIS\EWARM\ITAT_RNDIS\Obj\Application\User\Core\queuex.o
#        D:\GitHub\STM32_HAL_RNDIS\EWARM\ITAT_RNDIS\Obj\Application\EWARM\startup_stm32f411xe.o
#        D:\GitHub\STM32_HAL_RNDIS\EWARM\ITAT_RNDIS\Obj\Drivers\STM32F4xx_HAL_Driver\stm32f4xx_hal.o
#        D:\GitHub\STM32_HAL_RNDIS\EWARM\ITAT_RNDIS\Obj\Drivers\STM32F4xx_HAL_Driver\stm32f4xx_hal_adc.o
#        D:\GitHub\STM32_HAL_RNDIS\EWARM\ITAT_RNDIS\Obj\Drivers\STM32F4xx_HAL_Driver\stm32f4xx_hal_cortex.o
#        D:\GitHub\STM32_HAL_RNDIS\EWARM\ITAT_RNDIS\Obj\Drivers\STM32F4xx_HAL_Driver\stm32f4xx_hal_crc.o
#        D:\GitHub\STM32_HAL_RNDIS\EWARM\ITAT_RNDIS\Obj\Drivers\STM32F4xx_HAL_Driver\stm32f4xx_hal_dma.o
#        D:\GitHub\STM32_HAL_RNDIS\EWARM\ITAT_RNDIS\Obj\Drivers\STM32F4xx_HAL_Driver\stm32f4xx_hal_dma_ex.o
#        D:\GitHub\STM32_HAL_RNDIS\EWARM\ITAT_RNDIS\Obj\Drivers\STM32F4xx_HAL_Driver\stm32f4xx_hal_exti.o
#        D:\GitHub\STM32_HAL_RNDIS\EWARM\ITAT_RNDIS\Obj\Drivers\STM32F4xx_HAL_Driver\stm32f4xx_hal_flash.o
#        D:\GitHub\STM32_HAL_RNDIS\EWARM\ITAT_RNDIS\Obj\Drivers\STM32F4xx_HAL_Driver\stm32f4xx_hal_flash_ex.o
#        D:\GitHub\STM32_HAL_RNDIS\EWARM\ITAT_RNDIS\Obj\Drivers\STM32F4xx_HAL_Driver\stm32f4xx_hal_flash_ramfunc.o
#        D:\GitHub\STM32_HAL_RNDIS\EWARM\ITAT_RNDIS\Obj\Drivers\STM32F4xx_HAL_Driver\stm32f4xx_hal_gpio.o
#        D:\GitHub\STM32_HAL_RNDIS\EWARM\ITAT_RNDIS\Obj\Application\User\Core\stm32f4xx_hal_msp.o
#        D:\GitHub\STM32_HAL_RNDIS\EWARM\ITAT_RNDIS\Obj\Drivers\STM32F4xx_HAL_Driver\stm32f4xx_hal_pcd.o
#        D:\GitHub\STM32_HAL_RNDIS\EWARM\ITAT_RNDIS\Obj\Drivers\STM32F4xx_HAL_Driver\stm32f4xx_hal_pcd_ex.o
#        D:\GitHub\STM32_HAL_RNDIS\EWARM\ITAT_RNDIS\Obj\Drivers\STM32F4xx_HAL_Driver\stm32f4xx_hal_pwr.o
#        D:\GitHub\STM32_HAL_RNDIS\EWARM\ITAT_RNDIS\Obj\Drivers\STM32F4xx_HAL_Driver\stm32f4xx_hal_pwr_ex.o
#        D:\GitHub\STM32_HAL_RNDIS\EWARM\ITAT_RNDIS\Obj\Drivers\STM32F4xx_HAL_Driver\stm32f4xx_hal_rcc.o
#        D:\GitHub\STM32_HAL_RNDIS\EWARM\ITAT_RNDIS\Obj\Drivers\STM32F4xx_HAL_Driver\stm32f4xx_hal_rcc_ex.o
#        D:\GitHub\STM32_HAL_RNDIS\EWARM\ITAT_RNDIS\Obj\Drivers\STM32F4xx_HAL_Driver\stm32f4xx_hal_tim.o
#        D:\GitHub\STM32_HAL_RNDIS\EWARM\ITAT_RNDIS\Obj\Drivers\STM32F4xx_HAL_Driver\stm32f4xx_hal_tim_ex.o
#        D:\GitHub\STM32_HAL_RNDIS\EWARM\ITAT_RNDIS\Obj\Application\User\Core\stm32f4xx_hal_timebase_tim.o
#        D:\GitHub\STM32_HAL_RNDIS\EWARM\ITAT_RNDIS\Obj\Drivers\STM32F4xx_HAL_Driver\stm32f4xx_hal_uart.o
#        D:\GitHub\STM32_HAL_RNDIS\EWARM\ITAT_RNDIS\Obj\Drivers\STM32F4xx_HAL_Driver\stm32f4xx_hal_usart.o
#        D:\GitHub\STM32_HAL_RNDIS\EWARM\ITAT_RNDIS\Obj\Application\User\Core\stm32f4xx_it.o
#        D:\GitHub\STM32_HAL_RNDIS\EWARM\ITAT_RNDIS\Obj\Drivers\STM32F4xx_HAL_Driver\stm32f4xx_ll_usb.o
#        D:\GitHub\STM32_HAL_RNDIS\EWARM\ITAT_RNDIS\Obj\Middlewares\FreeRTOS\stream_buffer.o
#        D:\GitHub\STM32_HAL_RNDIS\EWARM\ITAT_RNDIS\Obj\Drivers\CMSIS\system_stm32f4xx.o
#        D:\GitHub\STM32_HAL_RNDIS\EWARM\ITAT_RNDIS\Obj\Middlewares\FreeRTOS\tasks.o
#        D:\GitHub\STM32_HAL_RNDIS\EWARM\ITAT_RNDIS\Obj\Application\User\Core\tcp.o
#        D:\GitHub\STM32_HAL_RNDIS\EWARM\ITAT_RNDIS\Obj\Middlewares\FreeRTOS\timers.o
#        D:\GitHub\STM32_HAL_RNDIS\EWARM\ITAT_RNDIS\Obj\Application\User\USB_DEVICE\App\usb_device.o
#        D:\GitHub\STM32_HAL_RNDIS\EWARM\ITAT_RNDIS\Obj\Application\User\USB_DEVICE\Target\usbd_conf.o
#        D:\GitHub\STM32_HAL_RNDIS\EWARM\ITAT_RNDIS\Obj\Middlewares\USB_Device_Library\usbd_core.o
#        D:\GitHub\STM32_HAL_RNDIS\EWARM\ITAT_RNDIS\Obj\Middlewares\USB_Device_Library\usbd_ctlreq.o
#        D:\GitHub\STM32_HAL_RNDIS\EWARM\ITAT_RNDIS\Obj\Application\User\USB_DEVICE\App\usbd_desc.o
#        D:\GitHub\STM32_HAL_RNDIS\EWARM\ITAT_RNDIS\Obj\Middlewares\USB_Device_Library\usbd_ioreq.o
#        D:\GitHub\STM32_HAL_RNDIS\EWARM\ITAT_RNDIS\Obj\Middlewares\RNDIS\usbd_rndis.o
#        D:\GitHub\STM32_HAL_RNDIS\EWARM\ITAT_RNDIS\Obj\Application\User\Core\webserver.o
#        --no_out_extension -o
#        D:\GitHub\STM32_HAL_RNDIS\EWARM\ITAT_RNDIS\Exe\ITAT_RNDIS.out
#        --redirect _Printf=_PrintfFullNoMb --redirect _Scanf=_ScanfFullNoMb
#        --map D:\GitHub\STM32_HAL_RNDIS\EWARM\ITAT_RNDIS\List\ITAT_RNDIS.map
#        --config D:\GitHub\STM32_HAL_RNDIS\EWARM/stm32f411xe_flash.icf
#        --semihosting --entry __iar_program_start --vfe --text_out locale)
#
###############################################################################

*******************************************************************************
*** RUNTIME MODEL ATTRIBUTES
***

CppFlavor       = *
__SystemLibrary = DLib
__dlib_version  = 6


*******************************************************************************
*** HEAP SELECTION
***

The basic heap was selected because no calls to memory allocation
functions were found in the application outside of system library
functions, and there are calls to deallocation functions in the
application.


*******************************************************************************
*** PLACEMENT SUMMARY
***

"A0":  place at address 0x800'0000 { ro section .intvec };
"P1":  place in [from 0x800'0000 to 0x805'ffff] { ro };
define block CSTACK with size = 1K, alignment = 8 { };
define block HEAP with size = 512, alignment = 8 { };
"P2":  place in [from 0x2000'0000 to 0x2001'ffff] {
          rw, block CSTACK, block HEAP };
initialize by copy { rw };

  Section            Kind         Address      Size  Object
  -------            ----         -------      ----  ------
"A0":                                         0x198
  .intvec            ro code   0x800'0000     0x198  startup_stm32f411xe.o [1]
                             - 0x800'0198     0x198

"P1":                                        0xffb1
  .text              ro code   0x800'0198    0x240c  FreeRTOS_TCP_IP.o [8]
  .text              ro code   0x800'25a4     0x15c  BufferAllocation_2.o [8]
  .text              ro code   0x800'2700    0x1074  FreeRTOS_Sockets.o [8]
  .text              ro code   0x800'3774      0xa6  ABImemcpy.o [14]
  .text              ro code   0x800'381a      0x76  lz77_init_single.o [14]
  .text              ro code   0x800'3890     0x7c2  FreeRTOS_TCP_WIN.o [8]
  .rodata            const     0x800'4052       0x2  xlocale_c.o [12]
  .text              ro code   0x800'4054     0xd54  FreeRTOS_IP.o [8]
  .text              ro code   0x800'4da8      0x24  NetworkInterface.o [8]
  .text              ro code   0x800'4dcc     0x134  FreeRTOS_Stream_Buffer.o [8]
  .text              ro code   0x800'4f00    0x1240  tasks.o [7]
  .text              ro code   0x800'6140     0x42c  FreeRTOS_ARP.o [8]
  .text              ro code   0x800'656c     0x1a0  tcp.o [2]
  .text              ro code   0x800'670c       0x6  ABImemclr.o [14]
  .text              ro code   0x800'6714     0x838  queue.o [7]
  .text              ro code   0x800'6f4c      0xba  list.o [7]
  .text              ro code   0x800'7008     0x1e8  port.o [7]
  .text              ro code   0x800'71f0     0x230  heap_4.o [7]
  .text              ro code   0x800'7420     0x248  event_groups.o [7]
  .text              ro code   0x800'7668       0x6  ABImemclr4.o [14]
  .text              ro code   0x800'7670      0x96  ABImemmove.o [14]
  .text              ro code   0x800'7708     0x158  FreeRTOS_UDP_IP.o [8]
  .text              ro code   0x800'7860      0x68  memcmp.o [14]
  .text              ro code   0x800'78c8      0x3a  ABImemset48.o [14]
  .text              ro code   0x800'7904      0x14  cmsis_os2.o [7]
  .text              ro code   0x800'7918     0x3c4  timers.o [7]
  .text              ro code   0x800'7cdc     0x148  main.o [2]
  .text              ro code   0x800'7e24      0xac  rand.o [12]
  .text              ro code   0x800'7ed0     0x11c  cmsis_os2.o [7]
  .text              ro code   0x800'7fec     0x6bc  webserver.o [2]
  .text              ro code   0x800'86a8     0x408  dhcpserver.o [2]
  .text              ro code   0x800'8ab0     0x1c8  dnsserver.o [2]
  .text              ro code   0x800'8c78     0x2c0  queuex.o [2]
  .text              ro code   0x800'8f38      0x66  ABImemset.o [14]
  .text              ro code   0x800'8fa0      0x2c  port.o [7]
  CODE               ro code   0x800'8fcc      0xb0  portasm.o [7]
  .text              ro code   0x800'907c      0x18  cmsis_os2.o [7]
  .text              ro code   0x800'9094      0x38  stm32f4xx_hal.o [6]
  .text              ro code   0x800'90cc     0x19c  monitor.o [2]
  .text              ro code   0x800'9268     0x1b8  led.o [2]
  .text              ro code   0x800'9420     0x104  usb_device.o [3]
  .text              ro code   0x800'9524     0x370  stm32f4xx_hal_rcc.o [6]
  .text              ro code   0x800'9894     0x18c  stm32f4xx_hal_rcc.o [6]
  .text              ro code   0x800'9a20      0x10  stm32f4xx_hal.o [6]
  .text              ro code   0x800'9a30      0x58  memchr.o [14]
  .text              ro code   0x800'9a88      0x28  strncmp.o [12]
  .text              ro code   0x800'9ab0      0x90  iar_Stolx.o [12]
  .text              ro code   0x800'9b40     0xec0  printf.o [9]
  .text              ro code   0x800'aa00      0x48  FltToDbl.o [13]
  .text              ro code   0x800'aa48      0x36  strlen.o [14]
  .text              ro code   0x800'aa80      0xa0  stm32f4xx_hal_cortex.o [6]
  .text              ro code   0x800'ab20      0x80  stm32f4xx_hal_timebase_tim.o [2]
  .text              ro code   0x800'aba0      0x40  stm32f4xx_hal_msp.o [2]
  .text              ro code   0x800'abe0     0x4f4  stm32f4xx_hal_adc.o [6]
  .text              ro code   0x800'b0d4      0x14  memset.o [14]
  .text              ro code   0x800'b0e8     0x1d8  stm32f4xx_hal_gpio.o [6]
  .text              ro code   0x800'b2c0     0x5b8  stm32f4xx_hal_tim.o [6]
  .text              ro code   0x800'b878     0x32a  usbd_core.o [11]
  .text              ro code   0x800'bba4     0x5e8  usbd_rndis.o [10]
  .text              ro code   0x800'c18c       0xc  stm32f4xx_hal.o [6]
  .text              ro code   0x800'c198      0x60  stm32f4xx_hal_rcc.o [6]
  .text              ro code   0x800'c1f8      0x14  isspace.o [12]
  .text              ro code   0x800'c20c     0x140  iar_Stoulx.o [12]
  .text              ro code   0x800'c34c     0x230  I64DivMod.o [14]
  .text              ro code   0x800'c57c      0x20  DblCmpEq.o [13]
  .text              ro code   0x800'c59c      0x34  DblCmpLe.o [13]
  .text              ro code   0x800'c5d0      0x34  DblCmpGe.o [13]
  .text              ro code   0x800'c604      0x36  DblToS32.o [13]
  .text              ro code   0x800'c63c      0x22  S32ToDbl.o [13]
  .text              ro code   0x800'c660     0x25e  DblAddSub.o [13]
  .text              ro code   0x800'c8c0     0x1aa  DblMul.o [13]
  .text              ro code   0x800'ca6c      0x22  DblToU32.o [13]
  .text              ro code   0x800'ca90      0x1c  U32ToDbl.o [13]
  .text              ro code   0x800'caac     0x246  DblDiv.o [13]
  .text              ro code   0x800'ccf2       0x2  stm32f4xx_hal_adc.o [6]
  .text              ro code   0x800'ccf4       0x2  stm32f4xx_hal_tim.o [6]
  .text              ro code   0x800'ccf6       0x2  stm32f4xx_hal_tim.o [6]
  .text              ro code   0x800'ccf8       0x2  stm32f4xx_hal_tim.o [6]
  .text              ro code   0x800'ccfa       0x2  stm32f4xx_hal_tim.o [6]
  .text              ro code   0x800'ccfc       0x2  stm32f4xx_hal_tim_ex.o [6]
  .text              ro code   0x800'ccfe       0x2  stm32f4xx_hal_tim.o [6]
  .text              ro code   0x800'cd00       0x2  stm32f4xx_hal_tim_ex.o [6]
  .text              ro code   0x800'cd04     0x2d4  usbd_conf.o [4]
  .text              ro code   0x800'cfd8     0x5ac  usbd_ctlreq.o [11]
  .text              ro code   0x800'd584      0x9c  usbd_ioreq.o [11]
  .text              ro code   0x800'd620      0x34  xlocale_c.o [12]
  .text              ro code   0x800'd654      0x14  tolower.o [12]
  .text              ro code   0x800'd668       0x2  I64DivZer.o [14]
  .text              ro code   0x800'd66c     0x996  stm32f4xx_hal_pcd.o [6]
  .text              ro code   0x800'e004      0x96  stm32f4xx_hal_pcd_ex.o [6]
  .text              ro code   0x800'e09c     0xa74  stm32f4xx_ll_usb.o [6]
  .text              ro code   0x800'eb10       0x2  stm32f4xx_hal_pcd_ex.o [6]
  .text              ro code   0x800'eb14      0x2c  stm32f4xx_hal.o [6]
  .rodata            const     0x800'eb40     0xe94  webserver.o [2]
  .text              ro code   0x800'f9d4     0x11c  usbd_desc.o [3]
  .rodata            const     0x800'faf0      0x58  usbd_rndis.o [10]
  .rodata            const     0x800'fb48      0x50  printf.o [9]
  .rodata            const     0x800'fb98      0x50  iar_Stoulx.o [12]
  .text              ro code   0x800'fbe8      0x38  zero_init3.o [14]
  .rodata            const     0x800'fc20      0x30  webserver.o [2]
  .rodata            const     0x800'fc50      0x30  webserver.o [2]
  .text              ro code   0x800'fc80      0x2c  stm32f4xx_it.o [2]
  .rodata            const     0x800'fcac      0x28  FreeRTOS_ARP.o [8]
  .text              ro code   0x800'fcd4      0x28  data_init.o [14]
  .rodata            const     0x800'fcfc      0x24  dhcpserver.o [2]
  .rodata            const     0x800'fd20      0x24  dnsserver.o [2]
  .rodata            const     0x800'fd44      0x24  led.o [2]
  .rodata            const     0x800'fd68      0x24  monitor.o [2]
  .rodata            const     0x800'fd8c      0x24  tcp.o [2]
  .rodata            const     0x800'fdb0      0x24  webserver.o [2]
  .rodata            const     0x800'fdd4      0x24  webserver.o [2]
  .text              ro code   0x800'fdf8      0x22  fpinit_M.o [13]
  .iar.init_table    const     0x800'fe1c      0x20  - Linker created -
  .text              ro code   0x800'fe3c      0x20  system_stm32f4xx.o [5]
  .text              ro code   0x800'fe5c      0x1e  cmain.o [14]
  .text              ro code   0x800'fe7a       0x4  low_level_init.o [12]
  .text              ro code   0x800'fe7e       0x4  exit.o [12]
  .text              ro code   0x800'fe84       0xa  cexit.o [14]
  .text              ro code   0x800'fe90      0x14  exit.o [15]
  .text              ro code   0x800'fea4      0x1c  cstartup_M.o [14]
  .rodata            const     0x800'fec0      0x10  monitor.o [2]
  .rodata            const     0x800'fed0      0x10  webserver.o [2]
  .text              ro code   0x800'fee0      0x10  startup_stm32f411xe.o [1]
  .rodata            const     0x800'fef0       0xc  dhcpserver.o [2]
  .rodata            const     0x800'fefc       0xc  dnsserver.o [2]
  .rodata            const     0x800'ff08       0xc  led.o [2]
  .rodata            const     0x800'ff14       0xc  tcp.o [2]
  .rodata            const     0x800'ff20       0xc  webserver.o [2]
  .rodata            const     0x800'ff2c       0x8  system_stm32f4xx.o [5]
  .rodata            const     0x800'ff34       0x4  BufferAllocation_2.o [8]
  .rodata            const     0x800'ff38       0x4  tcp.o [2]
  .text              ro code   0x800'ff3c       0x4  startup_stm32f411xe.o [1]
  .text              ro code   0x800'ff40       0x4  startup_stm32f411xe.o [1]
  .text              ro code   0x800'ff44       0x4  startup_stm32f411xe.o [1]
  .text              ro code   0x800'ff48       0x4  startup_stm32f411xe.o [1]
  .text              ro code   0x800'ff4c       0x4  startup_stm32f411xe.o [1]
  .text              ro code   0x800'ff50       0x4  startup_stm32f411xe.o [1]
  .text              ro code   0x800'ff54       0x4  startup_stm32f411xe.o [1]
  .text              ro code   0x800'ff58       0x4  startup_stm32f411xe.o [1]
  .text              ro code   0x800'ff5c       0x4  startup_stm32f411xe.o [1]
  .text              ro code   0x800'ff60       0x4  startup_stm32f411xe.o [1]
  .text              ro code   0x800'ff64       0x4  startup_stm32f411xe.o [1]
  .text              ro code   0x800'ff68       0x4  startup_stm32f411xe.o [1]
  .text              ro code   0x800'ff6c       0x4  startup_stm32f411xe.o [1]
  .text              ro code   0x800'ff70       0x4  startup_stm32f411xe.o [1]
  .text              ro code   0x800'ff74       0x4  startup_stm32f411xe.o [1]
  .text              ro code   0x800'ff78       0x4  startup_stm32f411xe.o [1]
  .text              ro code   0x800'ff7c       0x4  startup_stm32f411xe.o [1]
  .text              ro code   0x800'ff80       0x4  startup_stm32f411xe.o [1]
  .text              ro code   0x800'ff84       0x4  startup_stm32f411xe.o [1]
  .text              ro code   0x800'ff88       0x4  startup_stm32f411xe.o [1]
  .text              ro code   0x800'ff8c       0x4  startup_stm32f411xe.o [1]
  .text              ro code   0x800'ff90       0x4  startup_stm32f411xe.o [1]
  .text              ro code   0x800'ff94       0x4  startup_stm32f411xe.o [1]
  .text              ro code   0x800'ff98       0x4  startup_stm32f411xe.o [1]
  .text              ro code   0x800'ff9c       0x4  startup_stm32f411xe.o [1]
  .text              ro code   0x800'ffa0       0x4  startup_stm32f411xe.o [1]
  .text              ro code   0x800'ffa4       0x4  startup_stm32f411xe.o [1]
  .text              ro code   0x800'ffa8       0x4  startup_stm32f411xe.o [1]
  .text              ro code   0x800'ffac       0x4  startup_stm32f411xe.o [1]
  .text              ro code   0x800'ffb0       0x4  startup_stm32f411xe.o [1]
  .text              ro code   0x800'ffb4       0x4  startup_stm32f411xe.o [1]
  .text              ro code   0x800'ffb8       0x4  startup_stm32f411xe.o [1]
  .text              ro code   0x800'ffbc       0x4  startup_stm32f411xe.o [1]
  .text              ro code   0x800'ffc0       0x4  startup_stm32f411xe.o [1]
  .text              ro code   0x800'ffc4       0x4  startup_stm32f411xe.o [1]
  .text              ro code   0x800'ffc8       0x4  startup_stm32f411xe.o [1]
  .text              ro code   0x800'ffcc       0x4  startup_stm32f411xe.o [1]
  .text              ro code   0x800'ffd0       0x4  startup_stm32f411xe.o [1]
  .text              ro code   0x800'ffd4       0x4  startup_stm32f411xe.o [1]
  .text              ro code   0x800'ffd8       0x4  startup_stm32f411xe.o [1]
  .text              ro code   0x800'ffdc       0x4  startup_stm32f411xe.o [1]
  .text              ro code   0x800'ffe0       0x4  startup_stm32f411xe.o [1]
  .text              ro code   0x800'ffe4       0x4  startup_stm32f411xe.o [1]
  .text              ro code   0x800'ffe8       0x4  startup_stm32f411xe.o [1]
  .text              ro code   0x800'ffec       0x4  startup_stm32f411xe.o [1]
  .text              ro code   0x800'fff0       0x4  startup_stm32f411xe.o [1]
  .text              ro code   0x800'fff4       0x4  startup_stm32f411xe.o [1]
  .text              ro code   0x800'fff8       0x4  startup_stm32f411xe.o [1]
  .text              ro code   0x800'fffc       0x4  startup_stm32f411xe.o [1]
  .text              ro code   0x801'0000       0x4  startup_stm32f411xe.o [1]
  .text              ro code   0x801'0004       0x4  startup_stm32f411xe.o [1]
  .text              ro code   0x801'0008       0x4  startup_stm32f411xe.o [1]
  .text              ro code   0x801'000c       0x4  startup_stm32f411xe.o [1]
  .text              ro code   0x801'0010       0x4  startup_stm32f411xe.o [1]
  .rodata            const     0x801'0014       0x0  zero_init3.o [14]
  .rodata            const     0x801'0014       0x0  lz77_init_single.o [14]
  Initializer bytes  const     0x801'0014     0x135  <for P2-1>
                             - 0x801'0149    0xffb1

"P2", part 1 of 3:                            0x3d8
  P2-1                        0x2000'0000     0x3d8  <Init block>
    .data            inited   0x2000'0000      0x10  dhcpserver.o [2]
    .data            inited   0x2000'0010      0x18  FreeRTOS_UDP_IP.o [8]
    .data            inited   0x2000'0028      0x66  led.o [2]
    .data            inited   0x2000'0090      0x58  monitor.o [2]
    .data            inited   0x2000'00e8       0xc  port.o [7]
    .data            inited   0x2000'00f4       0xc  stm32f4xx_hal.o [6]
    .data            inited   0x2000'0100       0x4  system_stm32f4xx.o [5]
    .data            inited   0x2000'0104      0x10  tcp.o [2]
    .data            inited   0x2000'0114      0x50  tcp.o [2]
    .data            inited   0x2000'0164      0x1c  tcp.o [2]
    .data            inited   0x2000'0180      0x1c  usbd_desc.o [3]
    .data            inited   0x2000'019c      0x14  usbd_desc.o [3]
    .data            inited   0x2000'01b0       0x4  usbd_desc.o [3]
    .data            inited   0x2000'01b4      0x1c  usbd_desc.o [3]
    .data            inited   0x2000'01d0      0x9c  usbd_rndis.o [10]
    .data            inited   0x2000'026c       0xc  usbd_rndis.o [10]
    .data            inited   0x2000'0278      0x4c  usbd_rndis.o [10]
    .data            inited   0x2000'02c4      0x38  usbd_rndis.o [10]
    .data            inited   0x2000'02fc       0x8  webserver.o [2]
    .data            inited   0x2000'0304      0x8c  rand.o [12]
    .data            inited   0x2000'0390      0x48  xlocale_c.o [12]
                            - 0x2000'03d8     0x3d8

"P2", part 2 of 3:                         0x1'd788
  .bss               zero     0x2000'03d8  0x1'8020  heap_4.o [7]
  .bss               zero     0x2001'83f8    0x3de0  main.o [2]
  .bss               zero     0x2001'c1d8     0x4fc  tasks.o [7]
  .bss               zero     0x2001'c6d4     0x45c  cmsis_os2.o [7]
  .bss               zero     0x2001'cb30     0x408  usbd_conf.o [4]
  .bss               zero     0x2001'cf38     0x2d0  usb_device.o [3]
  .bss               zero     0x2001'd208     0x25c  cmsis_os2.o [7]
  .bss               zero     0x2001'd464     0x200  usbd_desc.o [3]
  .bss               zero     0x2001'd664     0x1fc  BufferAllocation_2.o [8]
  .bss               zero     0x2001'd860     0x12c  timers.o [7]
  .bss               zero     0x2001'd98c      0x6c  FreeRTOS_IP.o [8]
  .bss               zero     0x2001'd9f8      0x4c  FreeRTOS_ARP.o [8]
  .bss               zero     0x2001'da44      0x48  stm32f4xx_hal_timebase_tim.o [2]
  .bss               zero     0x2001'da8c      0x40  queue.o [7]
  .bss               zero     0x2001'dacc      0x2c  FreeRTOS_Sockets.o [8]
  .bss               zero     0x2001'daf8      0x18  FreeRTOS_TCP_WIN.o [8]
  .bss               zero     0x2001'db10       0xc  dnsserver.o [2]
  .bss               zero     0x2001'db1c       0xc  tcp.o [2]
  .bss               zero     0x2001'db28       0xa  webserver.o [2]
  .bss               zero     0x2001'db32       0x2  FreeRTOS_IP.o [8]
  .bss               zero     0x2001'db34       0x8  usb_device.o [3]
  .bss               zero     0x2001'db3c       0x4  cmsis_os2.o [7]
  .bss               zero     0x2001'db40       0x4  dnsserver.o [2]
  .bss               zero     0x2001'db44       0x4  stm32f4xx_hal_pcd.o [6]
  .bss               zero     0x2001'db48       0x4  usb_device.o [3]
  .bss               zero     0x2001'db4c       0x4  usbd_conf.o [4]
  .bss               zero     0x2001'db50       0x4  usbd_conf.o [4]
  .bss               zero     0x2001'db54       0x4  usbd_core.o [11]
  .bss               zero     0x2001'db58       0x4  webserver.o [2]
  .bss               zero     0x2001'db5c       0x4  webserver.o [2]
                            - 0x2001'db60  0x1'd788

"P2", part 3 of 3:                            0x400
  CSTACK                      0x2001'db60     0x400  <Block>
    CSTACK           uninit   0x2001'db60     0x400  <Block tail>
                            - 0x2001'df60     0x400

Unused ranges:

         From           To      Size
         ----           --      ----
   0x801'0149   0x805'ffff  0x4'feb7
  0x2001'df60  0x2001'ffff    0x20a0


*******************************************************************************
*** INIT TABLE
***

          Address      Size
          -------      ----
Zero (__iar_zero_init3)
    1 destination range, total size 0x1'd788:
          0x2000'03d8  0x1'd788

Copy/lz77 (__iar_lz77_init_single3)
    1 source range, total size 0x135 (31% of destination):
           0x801'0014     0x135
    1 destination range, total size 0x3d8:
          0x2000'0000     0x3d8



*******************************************************************************
*** MODULE SUMMARY
***

    Module                        ro code  ro data  rw data
    ------                        -------  -------  -------
command line/config:
    -------------------------------------------------------
    Total:

D:\GitHub\STM32_HAL_RNDIS\EWARM\ITAT_RNDIS\Obj\Application\EWARM: [1]
    startup_stm32f411xe.o             640
    -------------------------------------------------------
    Total:                            640

D:\GitHub\STM32_HAL_RNDIS\EWARM\ITAT_RNDIS\Obj\Application\User\Core: [2]
    dhcpserver.o                    1'032       53       16
    dnsserver.o                       456       48       16
    led.o                             440       80      102
    main.o                            328            15'840
    monitor.o                         412       80       88
    queuex.o                          704
    stm32f4xx_hal_msp.o                64
    stm32f4xx_hal_timebase_tim.o      128                72
    stm32f4xx_it.o                     44
    tcp.o                             416       91      136
    webserver.o                     1'724    3'931       26
    -------------------------------------------------------
    Total:                          5'748    4'283   16'296

D:\GitHub\STM32_HAL_RNDIS\EWARM\ITAT_RNDIS\Obj\Application\User\USB_DEVICE\App: [3]
    usb_device.o                      260               732
    usbd_desc.o                       284       25      592
    -------------------------------------------------------
    Total:                            544       25    1'324

D:\GitHub\STM32_HAL_RNDIS\EWARM\ITAT_RNDIS\Obj\Application\User\USB_DEVICE\Target: [4]
    usbd_conf.o                       724             1'040
    -------------------------------------------------------
    Total:                            724             1'040

D:\GitHub\STM32_HAL_RNDIS\EWARM\ITAT_RNDIS\Obj\Drivers\CMSIS: [5]
    system_stm32f4xx.o                 32        9        4
    -------------------------------------------------------
    Total:                             32        9        4

D:\GitHub\STM32_HAL_RNDIS\EWARM\ITAT_RNDIS\Obj\Drivers\STM32F4xx_HAL_Driver: [6]
    stm32f4xx_hal.o                   128        4       12
    stm32f4xx_hal_adc.o             1'270
    stm32f4xx_hal_cortex.o            160
    stm32f4xx_hal_gpio.o              472
    stm32f4xx_hal_pcd.o             2'454                 4
    stm32f4xx_hal_pcd_ex.o            152
    stm32f4xx_hal_rcc.o             1'372
    stm32f4xx_hal_tim.o             1'474
    stm32f4xx_hal_tim_ex.o              4
    stm32f4xx_ll_usb.o              2'676
    -------------------------------------------------------
    Total:                         10'162        4       16

D:\GitHub\STM32_HAL_RNDIS\EWARM\ITAT_RNDIS\Obj\Middlewares\FreeRTOS: [7]
    cmsis_os2.o                       328             1'724
    event_groups.o                    584
    heap_4.o                          560            98'336
    list.o                            186
    port.o                            532        4       12
    portasm.o                         176
    queue.o                         2'104                64
    tasks.o                         4'672             1'276
    timers.o                          964               300
    -------------------------------------------------------
    Total:                         10'106        4  101'712

D:\GitHub\STM32_HAL_RNDIS\EWARM\ITAT_RNDIS\Obj\Middlewares\FreeRTOS_TCP: [8]
    BufferAllocation_2.o              348        4      508
    FreeRTOS_ARP.o                  1'068       40       76
    FreeRTOS_IP.o                   3'412               110
    FreeRTOS_Sockets.o              4'212                44
    FreeRTOS_Stream_Buffer.o          308
    FreeRTOS_TCP_IP.o               9'228
    FreeRTOS_TCP_WIN.o              1'986                24
    FreeRTOS_UDP_IP.o                 344        7       24
    NetworkInterface.o                 36
    -------------------------------------------------------
    Total:                         20'942       51      786

D:\GitHub\STM32_HAL_RNDIS\EWARM\ITAT_RNDIS\Obj\Middlewares\PRINTF: [9]
    printf.o                        3'776       80
    -------------------------------------------------------
    Total:                          3'776       80

D:\GitHub\STM32_HAL_RNDIS\EWARM\ITAT_RNDIS\Obj\Middlewares\RNDIS: [10]
    usbd_rndis.o                    1'512      182      300
    -------------------------------------------------------
    Total:                          1'512      182      300

D:\GitHub\STM32_HAL_RNDIS\EWARM\ITAT_RNDIS\Obj\Middlewares\USB_Device_Library: [11]
    usbd_core.o                       810                 4
    usbd_ctlreq.o                   1'452
    usbd_ioreq.o                      156
    -------------------------------------------------------
    Total:                          2'418                 4

dl7M_tlf.a: [12]
    exit.o                              4
    iar_Stolx.o                       144
    iar_Stoulx.o                      320       80
    isspace.o                          20
    low_level_init.o                    4
    rand.o                            172       44      140
    strncmp.o                          40
    tolower.o                          20
    xlocale_c.o                        52       25       72
    -------------------------------------------------------
    Total:                            776      149      212

m7M_tls.a: [13]
    DblAddSub.o                       606
    DblCmpEq.o                         32
    DblCmpGe.o                         52
    DblCmpLe.o                         52
    DblDiv.o                          582
    DblMul.o                          426
    DblToS32.o                         54
    DblToU32.o                         34
    FltToDbl.o                         72
    S32ToDbl.o                         34
    U32ToDbl.o                         28
    fpinit_M.o                         34
    -------------------------------------------------------
    Total:                          2'006

rt7M_tl.a: [14]
    ABImemclr.o                         6
    ABImemclr4.o                        6
    ABImemcpy.o                       166
    ABImemmove.o                      150
    ABImemset.o                       102
    ABImemset48.o                      58
    I64DivMod.o                       560
    I64DivZer.o                         2
    cexit.o                            10
    cmain.o                            30
    cstartup_M.o                       28
    data_init.o                        40
    lz77_init_single.o                118
    memchr.o                           88
    memcmp.o                          104
    memset.o                           20
    strlen.o                           54
    zero_init3.o                       56
    -------------------------------------------------------
    Total:                          1'598

shb_l.a: [15]
    exit.o                             20
    -------------------------------------------------------
    Total:                             20

    Gaps                               40        2        2
    Linker created                              32    1'024
-----------------------------------------------------------
    Grand Total:                   61'044    4'821  122'720


*******************************************************************************
*** ENTRY LIST
***

Entry                       Address      Size  Type      Object
-----                       -------      ----  ----      ------
.iar.init_table$$Base    0x800'fe1c             --   Gb  - Linker created -
.iar.init_table$$Limit   0x800'fe3c             --   Gb  - Linker created -
?main                    0x800'fe5d            Code  Gb  cmain.o [14]
ADC_Handle              0x2000'0090      0x48  Data  Gb  monitor.o [2]
AHBPrescTable            0x800'fe4c      0x10  Data  Gb  system_stm32f4xx.o [5]
APBPrescTable            0x800'ff2c       0x8  Data  Gb  system_stm32f4xx.o [5]
BusFault_Handler         0x800'fc87       0x2  Code  Gb  stm32f4xx_it.o [2]
CSTACK$$Base            0x2001'db60             --   Gb  - Linker created -
CSTACK$$Limit           0x2001'df60             --   Gb  - Linker created -
DebugMon_Handler         0x800'fc8b       0x2  Code  Gb  stm32f4xx_it.o [2]
Error_Handler            0x800'7e21       0x4  Code  Gb  main.o [2]
FS_Desc                 0x2000'0180      0x1c  Data  Gb  usbd_desc.o [3]
FreeRTOS_ClearARP        0x800'6551       0x8  Code  Gb  FreeRTOS_ARP.o [8]
FreeRTOS_GetAddressConfiguration
                         0x800'48fd      0x28  Code  Gb  FreeRTOS_IP.o [8]
FreeRTOS_GetMACAddress   0x800'4d79       0x4  Code  Gb  FreeRTOS_IP.o [8]
FreeRTOS_IPInit          0x800'4797     0x166  Code  Gb  FreeRTOS_IP.o [8]
FreeRTOS_NetworkDown::xNetworkDownEvent
                         0x800'477c       0x8  Data  Lc  FreeRTOS_IP.o [8]
FreeRTOS_OutputARPRequest
                         0x800'64a1      0x48  Code  Gb  FreeRTOS_ARP.o [8]
FreeRTOS_accept          0x800'2f95     0x104  Code  Gb  FreeRTOS_Sockets.o [8]
FreeRTOS_bind            0x800'2a25      0x78  Code  Gb  FreeRTOS_Sockets.o [8]
FreeRTOS_closesocket     0x800'2bf3      0x2e  Code  Gb  FreeRTOS_Sockets.o [8]
FreeRTOS_listen          0x800'336f      0x90  Code  Gb  FreeRTOS_Sockets.o [8]
FreeRTOS_recv            0x800'3099     0x144  Code  Gb  FreeRTOS_Sockets.o [8]
FreeRTOS_recvfrom        0x800'2869      0xde  Code  Gb  FreeRTOS_Sockets.o [8]
FreeRTOS_send            0x800'31dd     0x192  Code  Gb  FreeRTOS_Sockets.o [8]
FreeRTOS_sendto          0x800'2949      0xd4  Code  Gb  FreeRTOS_Sockets.o [8]
FreeRTOS_setsockopt      0x800'2d01     0x1d6  Code  Gb  FreeRTOS_Sockets.o [8]
FreeRTOS_shutdown        0x800'33ff      0x44  Code  Gb  FreeRTOS_Sockets.o [8]
FreeRTOS_socket          0x800'272b     0x13e  Code  Gb  FreeRTOS_Sockets.o [8]
FreeRTOS_tx_size         0x800'35f1      0x24  Code  Gb  FreeRTOS_Sockets.o [8]
HAL_ADC_ConfigChannel    0x800'af3b     0x178  Code  Gb  stm32f4xx_hal_adc.o [6]
HAL_ADC_Init             0x800'abe1     0x170  Code  Gb  stm32f4xx_hal_adc.o [6]
HAL_ADC_MspInit          0x800'ccf3       0x2  Code  Gb  stm32f4xx_hal_adc.o [6]
HAL_ADC_PollForConversion
                         0x800'ae95      0xa6  Code  Gb  stm32f4xx_hal_adc.o [6]
HAL_ADC_Start            0x800'ad51     0x10a  Code  Gb  stm32f4xx_hal_adc.o [6]
HAL_ADC_Stop             0x800'ae5b      0x3a  Code  Gb  stm32f4xx_hal_adc.o [6]
HAL_Delay                0x800'eb15      0x2c  Code  Gb  stm32f4xx_hal.o [6]
HAL_GPIO_Init            0x800'b0e9     0x19e  Code  Gb  stm32f4xx_hal_gpio.o [6]
HAL_GPIO_TogglePin       0x800'b291      0x10  Code  Gb  stm32f4xx_hal_gpio.o [6]
HAL_GPIO_WritePin        0x800'b289       0x8  Code  Gb  stm32f4xx_hal_gpio.o [6]
HAL_GetTick              0x800'c18d       0xc  Code  Gb  stm32f4xx_hal.o [6]
HAL_IncTick              0x800'9a21      0x10  Code  Gb  stm32f4xx_hal.o [6]
HAL_Init                 0x800'9095      0x34  Code  Gb  stm32f4xx_hal.o [6]
HAL_InitTick             0x800'ab21      0x6e  Code  Gb  stm32f4xx_hal_timebase_tim.o [2]
HAL_MspInit              0x800'aba1      0x40  Code  Gb  stm32f4xx_hal_msp.o [2]
HAL_NVIC_EnableIRQ       0x800'aaf5      0x16  Code  Gb  stm32f4xx_hal_cortex.o [6]
HAL_NVIC_SetPriority     0x800'aa9b      0x5a  Code  Gb  stm32f4xx_hal_cortex.o [6]
HAL_NVIC_SetPriorityGrouping
                         0x800'aa81      0x1a  Code  Gb  stm32f4xx_hal_cortex.o [6]
HAL_PCDEx_LPM_Callback   0x800'eb11       0x2  Code  Gb  stm32f4xx_hal_pcd_ex.o [6]
HAL_PCDEx_SetRxFiFo      0x800'e093       0x8  Code  Gb  stm32f4xx_hal_pcd_ex.o [6]
HAL_PCDEx_SetTxFiFo      0x800'e005      0x8e  Code  Gb  stm32f4xx_hal_pcd_ex.o [6]
HAL_PCD_ConnectCallback
                         0x800'ce41       0x8  Code  Gb  usbd_conf.o [4]
HAL_PCD_DataInStageCallback
                         0x800'cdb1      0x22  Code  Gb  usbd_conf.o [4]
HAL_PCD_DataInStageCallback::llCbDataIn
                        0x2001'db50       0x4  Data  Lc  usbd_conf.o [4]
HAL_PCD_DataOutStageCallback
                         0x800'cd8d      0x24  Code  Gb  usbd_conf.o [4]
HAL_PCD_DataOutStageCallback::llCbDataOut
                        0x2001'db4c       0x4  Data  Lc  usbd_conf.o [4]
HAL_PCD_DisconnectCallback
                         0x800'ce49       0x8  Code  Gb  usbd_conf.o [4]
HAL_PCD_EP_Close         0x800'de4f      0x48  Code  Gb  stm32f4xx_hal_pcd.o [6]
HAL_PCD_EP_ClrStall      0x800'dfad      0x56  Code  Gb  stm32f4xx_hal_pcd.o [6]
HAL_PCD_EP_Open          0x800'ddf1      0x5e  Code  Gb  stm32f4xx_hal_pcd.o [6]
HAL_PCD_EP_Receive       0x800'de97      0x50  Code  Gb  stm32f4xx_hal_pcd.o [6]
HAL_PCD_EP_SetStall      0x800'df35      0x78  Code  Gb  stm32f4xx_hal_pcd.o [6]
HAL_PCD_EP_Transmit      0x800'dee7      0x4e  Code  Gb  stm32f4xx_hal_pcd.o [6]
HAL_PCD_IRQHandler       0x800'd859     0x562  Code  Gb  stm32f4xx_hal_pcd.o [6]
HAL_PCD_IRQHandler{1}{2}{18}{19}{20}{21}{22}{23}{24}{25}::lldataIn
                        0x2001'db44       0x4  Data  Lc  stm32f4xx_hal_pcd.o [6]
HAL_PCD_ISOINIncompleteCallback
                         0x800'ce39       0x8  Code  Gb  usbd_conf.o [4]
HAL_PCD_ISOOUTIncompleteCallback
                         0x800'ce31       0x8  Code  Gb  usbd_conf.o [4]
HAL_PCD_Init             0x800'd66d     0x1ac  Code  Gb  stm32f4xx_hal_pcd.o [6]
HAL_PCD_MspInit          0x800'cd05      0x7c  Code  Gb  usbd_conf.o [4]
HAL_PCD_ResetCallback    0x800'cddb      0x24  Code  Gb  usbd_conf.o [4]
HAL_PCD_ResumeCallback   0x800'ce29       0x8  Code  Gb  usbd_conf.o [4]
HAL_PCD_SOFCallback      0x800'cdd3       0x8  Code  Gb  usbd_conf.o [4]
HAL_PCD_SetAddress       0x800'ddc9      0x28  Code  Gb  stm32f4xx_hal_pcd.o [6]
HAL_PCD_SetupStageCallback
                         0x800'cd81       0xc  Code  Gb  usbd_conf.o [4]
HAL_PCD_Start            0x800'd819      0x3e  Code  Gb  stm32f4xx_hal_pcd.o [6]
HAL_PCD_SuspendCallback
                         0x800'cdff      0x2a  Code  Gb  usbd_conf.o [4]
HAL_RCC_ClockConfig      0x800'9895     0x11c  Code  Gb  stm32f4xx_hal_rcc.o [6]
HAL_RCC_GetClockConfig   0x800'99cb      0x3e  Code  Gb  stm32f4xx_hal_rcc.o [6]
HAL_RCC_GetHCLKFreq      0x800'99b1       0x6  Code  Gb  stm32f4xx_hal_rcc.o [6]
HAL_RCC_GetPCLK2Freq     0x800'99b7      0x14  Code  Gb  stm32f4xx_hal_rcc.o [6]
HAL_RCC_GetSysClockFreq
                         0x800'c199      0x60  Code  Gb  stm32f4xx_hal_rcc.o [6]
HAL_RCC_OscConfig        0x800'9525     0x370  Code  Gb  stm32f4xx_hal_rcc.o [6]
HAL_TIMEx_BreakCallback
                         0x800'ccfd       0x2  Code  Gb  stm32f4xx_hal_tim_ex.o [6]
HAL_TIMEx_CommutCallback
                         0x800'cd01       0x2  Code  Gb  stm32f4xx_hal_tim_ex.o [6]
HAL_TIM_Base_Init        0x800'b2c1      0x58  Code  Gb  stm32f4xx_hal_tim.o [6]
HAL_TIM_Base_MspInit     0x800'ccf5       0x2  Code  Gb  stm32f4xx_hal_tim.o [6]
HAL_TIM_Base_Start_IT    0x800'b319      0x64  Code  Gb  stm32f4xx_hal_tim.o [6]
HAL_TIM_IC_CaptureCallback
                         0x800'ccf9       0x2  Code  Gb  stm32f4xx_hal_tim.o [6]
HAL_TIM_IRQHandler       0x800'b4f9     0x14a  Code  Gb  stm32f4xx_hal_tim.o [6]
HAL_TIM_OC_ConfigChannel
                         0x800'b645      0x5e  Code  Gb  stm32f4xx_hal_tim.o [6]
HAL_TIM_OC_DelayElapsedCallback
                         0x800'9333      0x14  Code  Gb  led.o [2]
HAL_TIM_OC_Init          0x800'b37d      0x58  Code  Gb  stm32f4xx_hal_tim.o [6]
HAL_TIM_OC_MspInit       0x800'ccf7       0x2  Code  Gb  stm32f4xx_hal_tim.o [6]
HAL_TIM_OC_Start_IT      0x800'b3d5     0x10a  Code  Gb  stm32f4xx_hal_tim.o [6]
HAL_TIM_PWM_PulseFinishedCallback
                         0x800'ccfb       0x2  Code  Gb  stm32f4xx_hal_tim.o [6]
HAL_TIM_PeriodElapsedCallback
                         0x800'7de5      0x22  Code  Gb  main.o [2]
HAL_TIM_TriggerCallback
                         0x800'ccff       0x2  Code  Gb  stm32f4xx_hal_tim.o [6]
HardFault_Handler        0x800'fc83       0x2  Code  Gb  stm32f4xx_it.o [2]
KernelState             0x2001'db3c       0x4  Data  Lc  cmsis_os2.o [7]
MemManage_Handler        0x800'fc85       0x2  Code  Gb  stm32f4xx_it.o [2]
NMI_Handler              0x800'fc81       0x2  Code  Gb  stm32f4xx_it.o [2]
OIDSupportedList         0x800'faf0      0x58  Data  Gb  usbd_rndis.o [10]
OTG_FS_IRQHandler        0x800'fc99       0x6  Code  Gb  stm32f4xx_it.o [2]
PendSV_Handler           0x800'8fcd            Code  Gb  portasm.o [7]
Region$$Table$$Base      0x800'fe1c             --   Gb  - Linker created -
Region$$Table$$Limit     0x800'fe3c             --   Gb  - Linker created -
SVC_Handler              0x800'9025            Code  Gb  portasm.o [7]
SysTick_Handler          0x800'7ed1      0x20  Code  Gb  cmsis_os2.o [7]
SystemClock_Config       0x800'7d4b      0x9a  Code  Gb  main.o [2]
SystemCoreClock         0x2000'0100       0x4  Data  Gb  system_stm32f4xx.o [5]
SystemInit               0x800'fe3d       0xc  Code  Gb  system_stm32f4xx.o [5]
TIM1_UP_TIM10_IRQHandler
                         0x800'fc8d       0x6  Code  Gb  stm32f4xx_it.o [2]
TIM2_IRQHandler          0x800'fc93       0x6  Code  Gb  stm32f4xx_it.o [2]
TIM_Base_SetConfig       0x800'b6a3      0x82  Code  Gb  stm32f4xx_hal_tim.o [6]
TIM_OC1Struct           0x2000'0070      0x1c  Data  Lc  led.o [2]
TIM_OC1_SetConfig        0x800'b725      0x4c  Code  Lc  stm32f4xx_hal_tim.o [6]
TIM_OC2_SetConfig        0x800'b771      0x54  Code  Gb  stm32f4xx_hal_tim.o [6]
TIM_OC3_SetConfig        0x800'b7c5      0x52  Code  Lc  stm32f4xx_hal_tim.o [6]
TIM_OC4_SetConfig        0x800'b817      0x42  Code  Lc  stm32f4xx_hal_tim.o [6]
USBD_ClrClassConfig      0x800'b8e5      0x14  Code  Gb  usbd_core.o [11]
USBD_CtlContinueRx       0x800'd5d9      0x14  Code  Gb  usbd_ioreq.o [11]
USBD_CtlContinueSendData
                         0x800'd5a3      0x14  Code  Gb  usbd_ioreq.o [11]
USBD_CtlPrepareRx        0x800'd5b7      0x22  Code  Gb  usbd_ioreq.o [11]
USBD_CtlReceiveStatus    0x800'd607      0x1a  Code  Gb  usbd_ioreq.o [11]
USBD_CtlSendData         0x800'd585      0x1e  Code  Gb  usbd_ioreq.o [11]
USBD_CtlSendStatus       0x800'd5ed      0x1a  Code  Gb  usbd_ioreq.o [11]
USBD_FS_ConfigStrDescriptor
                         0x800'fa81      0x14  Code  Gb  usbd_desc.o [3]
USBD_FS_DeviceDesc      0x2000'019c      0x14  Data  Gb  usbd_desc.o [3]
USBD_FS_DeviceDescriptor
                         0x800'f9d5       0x8  Code  Gb  usbd_desc.o [3]
USBD_FS_InterfaceStrDescriptor
                         0x800'fa95      0x14  Code  Gb  usbd_desc.o [3]
USBD_FS_LangIDStrDescriptor
                         0x800'f9dd       0x8  Code  Gb  usbd_desc.o [3]
USBD_FS_ManufacturerStrDescriptor
                         0x800'f9f9      0x12  Code  Gb  usbd_desc.o [3]
USBD_FS_ProductStrDescriptor
                         0x800'f9e5      0x14  Code  Gb  usbd_desc.o [3]
USBD_FS_SerialStrDescriptor
                         0x800'fa0b      0x74  Code  Gb  usbd_desc.o [3]
USBD_GetString           0x800'd4ed      0x98  Code  Gb  usbd_ctlreq.o [11]
USBD_Init                0x800'b879      0x26  Code  Gb  usbd_core.o [11]
USBD_LL_ClearStallEP     0x800'cf41      0x1e  Code  Gb  usbd_conf.o [4]
USBD_LL_CloseEP          0x800'cf05      0x1e  Code  Gb  usbd_conf.o [4]
USBD_LL_DataInStage      0x800'b9cd      0xb4  Code  Gb  usbd_core.o [11]
USBD_LL_DataInStage::usbcoreDataIn
                        0x2001'db54       0x4  Data  Lc  usbd_core.o [11]
USBD_LL_DataOutStage     0x800'b95d      0x70  Code  Gb  usbd_core.o [11]
USBD_LL_DevConnected     0x800'bb81       0x4  Code  Gb  usbd_core.o [11]
USBD_LL_DevDisconnected
                         0x800'bb85      0x1e  Code  Gb  usbd_core.o [11]
USBD_LL_Init             0x800'ce51      0x64  Code  Gb  usbd_conf.o [4]
USBD_LL_IsStallEP        0x800'cf5f      0x20  Code  Gb  usbd_conf.o [4]
USBD_LL_IsoINIncomplete
                         0x800'bb39      0x24  Code  Gb  usbd_core.o [11]
USBD_LL_IsoOUTIncomplete
                         0x800'bb5d      0x24  Code  Gb  usbd_core.o [11]
USBD_LL_OpenEP           0x800'ceef      0x16  Code  Gb  usbd_conf.o [4]
USBD_LL_PrepareReceive   0x800'cfbb      0x1e  Code  Gb  usbd_conf.o [4]
USBD_LL_Reset            0x800'ba85      0x64  Code  Gb  usbd_core.o [11]
USBD_LL_Resume           0x800'bb01      0x14  Code  Gb  usbd_core.o [11]
USBD_LL_SOF              0x800'bb15      0x24  Code  Gb  usbd_core.o [11]
USBD_LL_SetSpeed         0x800'bae9       0x6  Code  Gb  usbd_core.o [11]
USBD_LL_SetUSBAddress    0x800'cf7f      0x1e  Code  Gb  usbd_conf.o [4]
USBD_LL_SetupStage       0x800'b8f9      0x64  Code  Gb  usbd_core.o [11]
USBD_LL_StallEP          0x800'cf23      0x1e  Code  Gb  usbd_conf.o [4]
USBD_LL_Start            0x800'ced1      0x1e  Code  Gb  usbd_conf.o [4]
USBD_LL_Suspend          0x800'baef      0x12  Code  Gb  usbd_core.o [11]
USBD_LL_Transmit         0x800'cf9d      0x1e  Code  Gb  usbd_conf.o [4]
USBD_LangIDDesc         0x2000'01b0       0x4  Data  Gb  usbd_desc.o [3]
USBD_ParseSetupRequest   0x800'd4c5      0x28  Code  Gb  usbd_ctlreq.o [11]
USBD_RDNIS              0x2000'02c4      0x38  Data  Gb  usbd_rndis.o [10]
USBD_RNDIS_CfgDesc      0x2000'0278      0x4c  Data  Lc  usbd_rndis.o [10]
USBD_RNDIS_DataIn        0x800'bfc7      0x42  Code  Lc  usbd_rndis.o [10]
USBD_RNDIS_DataOut       0x800'c009      0x6c  Code  Lc  usbd_rndis.o [10]
USBD_RNDIS_DeInit        0x800'bc05      0x28  Code  Lc  usbd_rndis.o [10]
USBD_RNDIS_DeviceQualifierDesc
                        0x2000'026c       0xc  Data  Lc  usbd_rndis.o [10]
USBD_RNDIS_EP0_RxReady   0x800'bc5d     0x36a  Code  Lc  usbd_rndis.o [10]
USBD_RNDIS_GetDeviceQualifierDescriptor
                         0x800'c10d       0x8  Code  Lc  usbd_rndis.o [10]
USBD_RNDIS_GetFSCfgDesc
                         0x800'c0f7       0xe  Code  Lc  usbd_rndis.o [10]
USBD_RNDIS_GetHSCfgDesc
                         0x800'c105       0x4  Code  Lc  usbd_rndis.o [10]
USBD_RNDIS_GetOtherSpeedCfgDesc
                         0x800'c109       0x4  Code  Lc  usbd_rndis.o [10]
USBD_RNDIS_Init          0x800'bbab      0x5a  Code  Lc  usbd_rndis.o [10]
USBD_RNDIS_Setup         0x800'bc2d      0x30  Code  Lc  usbd_rndis.o [10]
USBD_RNDIS_getClass      0x800'bba5       0x6  Code  Gb  usbd_rndis.o [10]
USBD_RNDIS_send          0x800'c075      0x7a  Code  Gb  usbd_rndis.o [10]
USBD_RNDIS_setBuffer     0x800'c0ef       0x8  Code  Gb  usbd_rndis.o [10]
USBD_RegisterClass       0x800'b89f      0x2a  Code  Gb  usbd_core.o [11]
USBD_SetClassConfig      0x800'b8cd      0x18  Code  Gb  usbd_core.o [11]
USBD_Start               0x800'b8c9       0x4  Code  Gb  usbd_core.o [11]
USBD_StdDevReq           0x800'cfd9     0x320  Code  Gb  usbd_ctlreq.o [11]
USBD_StdEPReq            0x800'd351     0x174  Code  Gb  usbd_ctlreq.o [11]
USBD_StdItfReq           0x800'd2f9      0x58  Code  Gb  usbd_ctlreq.o [11]
USBD_StrDesc            0x2001'd464     0x200  Data  Gb  usbd_desc.o [3]
USBD_StringSerial       0x2000'01b4      0x1c  Data  Gb  usbd_desc.o [3]
USB_ActivateEndpoint     0x800'e545      0x78  Code  Gb  stm32f4xx_ll_usb.o [6]
USB_CoreInit             0x800'e09d      0xd8  Code  Gb  stm32f4xx_ll_usb.o [6]
USB_DeactivateEndpoint   0x800'e5bd      0xb4  Code  Gb  stm32f4xx_ll_usb.o [6]
USB_DevConnect           0x800'e9c1      0x1c  Code  Gb  stm32f4xx_ll_usb.o [6]
USB_DevDisconnect        0x800'e9dd      0x1c  Code  Gb  stm32f4xx_ll_usb.o [6]
USB_DevInit              0x800'e2bd     0x23e  Code  Gb  stm32f4xx_ll_usb.o [6]
USB_DisableGlobalInt     0x800'e24d       0xc  Code  Gb  stm32f4xx_ll_usb.o [6]
USB_EP0StartXfer         0x800'e7fb      0xd6  Code  Gb  stm32f4xx_ll_usb.o [6]
USB_EP0_OutStart         0x800'ea63      0x46  Code  Gb  stm32f4xx_ll_usb.o [6]
USB_EPClearStall         0x800'e971      0x32  Code  Gb  stm32f4xx_ll_usb.o [6]
USB_EPSetStall           0x800'e941      0x30  Code  Gb  stm32f4xx_ll_usb.o [6]
USB_EPStartXfer          0x800'e671     0x18a  Code  Gb  stm32f4xx_ll_usb.o [6]
USB_EnableGlobalInt      0x800'e241       0xc  Code  Gb  stm32f4xx_ll_usb.o [6]
USB_FlushTxFifo          0x800'e4fb      0x2e  Code  Gb  stm32f4xx_ll_usb.o [6]
USB_GetDevSpeed          0x800'e529      0x1c  Code  Gb  stm32f4xx_ll_usb.o [6]
USB_GetMode              0x800'ea5b       0x8  Code  Gb  stm32f4xx_ll_usb.o [6]
USB_ReadDevAllInEpInterrupt
                         0x800'ea11       0xe  Code  Gb  stm32f4xx_ll_usb.o [6]
USB_ReadDevAllOutEpInterrupt
                         0x800'ea03       0xe  Code  Gb  stm32f4xx_ll_usb.o [6]
USB_ReadDevInEPInterrupt
                         0x800'ea35      0x26  Code  Gb  stm32f4xx_ll_usb.o [6]
USB_ReadDevOutEPInterrupt
                         0x800'ea1f      0x16  Code  Gb  stm32f4xx_ll_usb.o [6]
USB_ReadInterrupts       0x800'e9f9       0xa  Code  Gb  stm32f4xx_ll_usb.o [6]
USB_ReadPacket           0x800'e8fd      0x44  Code  Gb  stm32f4xx_ll_usb.o [6]
USB_SetCurrentMode       0x800'e259      0x62  Code  Gb  stm32f4xx_ll_usb.o [6]
USB_SetDevAddress        0x800'e9a5      0x1c  Code  Gb  stm32f4xx_ll_usb.o [6]
USB_SetTurnaroundTime    0x800'e175      0xcc  Code  Gb  stm32f4xx_ll_usb.o [6]
USB_WritePacket          0x800'e8d1      0x2c  Code  Gb  stm32f4xx_ll_usb.o [6]
UsageFault_Handler       0x800'fc89       0x2  Code  Gb  stm32f4xx_it.o [2]
_LocaleC_isspace         0x800'd62d      0x14  Code  Gb  xlocale_c.o [12]
_LocaleC_isupper         0x800'd621       0x2  Code  Gb  xlocale_c.o [12]
_LocaleC_tolower         0x800'd641       0xc  Code  Gb  xlocale_c.o [12]
_Rand_idx               0x2000'038c       0x4  Data  Lc  rand.o [12]
_Rand_rv                0x2000'0304      0x80  Data  Lc  rand.o [12]
_Randinit               0x2000'0384       0x1  Data  Gb  rand.o [12]
_Randseed               0x2000'0388       0x4  Data  Gb  rand.o [12]
__aeabi_cdcmpeq          0x800'c57d            Code  Gb  DblCmpEq.o [13]
__aeabi_cdcmple          0x800'c59d            Code  Gb  DblCmpLe.o [13]
__aeabi_cdrcmple         0x800'c5d1            Code  Gb  DblCmpGe.o [13]
__aeabi_d2iz             0x800'c605            Code  Gb  DblToS32.o [13]
__aeabi_d2uiz            0x800'ca6d            Code  Gb  DblToU32.o [13]
__aeabi_dadd             0x800'c661            Code  Gb  DblAddSub.o [13]
__aeabi_ddiv             0x800'caad            Code  Gb  DblDiv.o [13]
__aeabi_dmul             0x800'c8c1            Code  Gb  DblMul.o [13]
__aeabi_dsub             0x800'c7dd            Code  Gb  DblAddSub.o [13]
__aeabi_f2d              0x800'aa01            Code  Gb  FltToDbl.o [13]
__aeabi_i2d              0x800'c63d            Code  Gb  S32ToDbl.o [13]
__aeabi_ldiv0            0x800'd669            Code  Gb  I64DivZer.o [14]
__aeabi_memclr           0x800'670d            Code  Gb  ABImemclr.o [14]
__aeabi_memclr4          0x800'7669            Code  Gb  ABImemclr4.o [14]
__aeabi_memcpy           0x800'3775            Code  Gb  ABImemcpy.o [14]
__aeabi_memcpy4          0x800'3795            Code  Gb  ABImemcpy.o [14]
__aeabi_memcpy8          0x800'3795            Code  Gb  ABImemcpy.o [14]
__aeabi_memmove          0x800'7671            Code  Gb  ABImemmove.o [14]
__aeabi_memmove4         0x800'7671            Code  Gb  ABImemmove.o [14]
__aeabi_memmove8         0x800'7671            Code  Gb  ABImemmove.o [14]
__aeabi_memset           0x800'8f39            Code  Gb  ABImemset.o [14]
__aeabi_memset4          0x800'78c9            Code  Gb  ABImemset48.o [14]
__aeabi_memset8          0x800'78c9            Code  Gb  ABImemset48.o [14]
__aeabi_ui2d             0x800'ca91            Code  Gb  U32ToDbl.o [13]
__aeabi_uldivmod         0x800'c34d            Code  Gb  I64DivMod.o [14]
__cmain                  0x800'fe5d            Code  Gb  cmain.o [14]
__exit                   0x800'fe91      0x14  Code  Gb  exit.o [15]
__iar_Memchr             0x800'9a31            Code  Gb  memchr.o [14]
__iar_Memset             0x800'8f39            Code  Gb  ABImemset.o [14]
__iar_Memset4_word       0x800'78d1            Code  Gb  ABImemset48.o [14]
__iar_Memset8_word       0x800'78d1            Code  Gb  ABImemset48.o [14]
__iar_Memset_word        0x800'8f41            Code  Gb  ABImemset.o [14]
__iar_Stolx              0x800'9ab1      0x8c  Code  Gb  iar_Stolx.o [12]
__iar_Stoulx             0x800'c20d     0x13a  Code  Gb  iar_Stoulx.o [12]
__iar_data_init3         0x800'fcd5      0x28  Code  Gb  data_init.o [14]
__iar_globLocale        0x2000'0390      0x48  Data  Lc  xlocale_c.o [12]
__iar_global_Locale      0x800'd64d       0x4  Code  Gb  xlocale_c.o [12]
__iar_init_vfp           0x800'fdf9            Code  Gb  fpinit_M.o [13]
__iar_lz77_init_single3
                         0x800'381b      0x76  Code  Gb  lz77_init_single.o [14]
__iar_program_start      0x800'fea5            Code  Gb  cstartup_M.o [14]
__iar_zero_init3         0x800'fbe9      0x38  Code  Gb  zero_init3.o [14]
__low_level_init         0x800'fe7b       0x4  Code  Gb  low_level_init.o [12]
__vector_table           0x800'0000            Data  Gb  startup_stm32f411xe.o [1]
_call_main               0x800'fe69            Code  Gb  cmain.o [14]
_etoa                    0x800'a0b1     0x318  Code  Lc  printf.o [9]
_exit                    0x800'fe85            Code  Gb  cexit.o [14]
_ftoa                    0x800'9de9     0x2be  Code  Lc  printf.o [9]
_ftoa::pow10             0x800'fb48      0x50  Data  Lc  printf.o [9]
_ntoa_format             0x800'9bd1     0x108  Code  Lc  printf.o [9]
_ntoa_long               0x800'9cd9      0x74  Code  Lc  printf.o [9]
_ntoa_long_long          0x800'9d4d      0x9c  Code  Lc  printf.o [9]
_out_buffer              0x800'9b41       0x8  Code  Lc  printf.o [9]
_out_null                0x800'9b49       0x2  Code  Lc  printf.o [9]
_out_rev                 0x800'9b4b      0x86  Code  Lc  printf.o [9]
_vsnprintf               0x800'a3c9     0x592  Code  Lc  printf.o [9]
currentFrame            0x2000'0104       0x8  Data  Lc  tcp.o [2]
dhcpMsg                 0x2000'0008       0x4  Data  Lc  dhcpserver.o [2]
dhcpconf                0x2000'0004       0x4  Data  Lc  dhcpserver.o [2]
dhcpconf                0x2000'0168      0x18  Data  Lc  tcp.o [2]
dhcpserverHandleTaskToNotify
                        0x2000'0000       0x4  Data  Gb  dhcpserver.o [2]
dhcpserverHandleTask_attributes
                         0x800'fcfc      0x24  Data  Gb  dhcpserver.o [2]
dhcpserver_handle        0x800'86c5     0x38c  Code  Lc  dhcpserver.o [2]
dhcpserver_init          0x800'86a9      0x1a  Code  Gb  dhcpserver.o [2]
dhcpserver_lookupFree::empty
                         0x800'8aa0       0x8  Data  Lc  dhcpserver.o [2]
dhcpserver_lookupFreeObj::empty
                         0x800'8aa8       0x8  Data  Lc  dhcpserver.o [2]
dhcpserver_lookupMac     0x800'8a51      0x46  Code  Lc  dhcpserver.o [2]
digits                   0x800'fbc0      0x28  Data  Lc  iar_Stoulx.o [12]
dnsserverHandleTaskToNotify
                        0x2001'db40       0x4  Data  Gb  dnsserver.o [2]
dnsserverHandleTask_attributes
                         0x800'fd20      0x24  Data  Gb  dnsserver.o [2]
dnsserver_handle         0x800'8ac9     0x192  Code  Lc  dnsserver.o [2]
dnsserver_handle::eelse
                        0x2001'db1a       0x2  Data  Lc  dnsserver.o [2]
dnsserver_handle::eintr
                        0x2001'db16       0x2  Data  Lc  dnsserver.o [2]
dnsserver_handle::einval
                        0x2001'db18       0x2  Data  Lc  dnsserver.o [2]
dnsserver_handle::enomem
                        0x2001'db12       0x2  Data  Lc  dnsserver.o [2]
dnsserver_handle::enotconn
                        0x2001'db14       0x2  Data  Lc  dnsserver.o [2]
dnsserver_handle::etimeout
                        0x2001'db10       0x2  Data  Lc  dnsserver.o [2]
dnsserver_init           0x800'8ab1      0x18  Code  Gb  dnsserver.o [2]
duty                    0x2000'008c       0x1  Data  Lc  led.o [2]
eARPGetCacheEntry        0x800'62e3      0xb6  Code  Gb  FreeRTOS_ARP.o [8]
eARPProcessPacket        0x800'6141      0xa6  Code  Gb  FreeRTOS_ARP.o [8]
eConsiderFrameForProcessing
                         0x800'49bd      0x38  Code  Gb  FreeRTOS_IP.o [8]
encapsulated_buffer     0x2000'01d0      0x78  Data  Lc  usbd_rndis.o [10]
exit                     0x800'fe7f       0x4  Code  Gb  exit.o [12]
guestCounter            0x2000'0300       0x4  Data  Lc  webserver.o [2]
hUsbDeviceFS            0x2001'cf38     0x2d0  Data  Gb  usb_device.o [3]
hpcd_USB_OTG_FS         0x2001'cb30     0x408  Data  Gb  usbd_conf.o [4]
htim1                   0x2001'da44      0x48  Data  Gb  stm32f4xx_hal_timebase_tim.o [2]
htim2                   0x2000'0028      0x48  Data  Gb  led.o [2]
isspace                  0x800'c1f9      0x14  Code  Gb  isspace.o [12]
lTCPAddRxdata            0x800'3509      0xe0  Code  Gb  FreeRTOS_Sockets.o [8]
lTCPWindowRxCheck        0x800'3aa9     0x18a  Code  Gb  FreeRTOS_TCP_WIN.o [8]
lTCPWindowTxAdd          0x800'3c35     0x110  Code  Gb  FreeRTOS_TCP_WIN.o [8]
leasetable              0x2000'0114      0x50  Data  Lc  tcp.o [2]
ledTask                  0x800'9385      0x70  Code  Lc  led.o [2]
ledTask_attributes       0x800'fd44      0x24  Data  Gb  led.o [2]
led_getDuty              0x800'9371      0x14  Code  Gb  led.o [2]
led_init                 0x800'9269      0xca  Code  Gb  led.o [2]
led_set                  0x800'9351       0xc  Code  Gb  led.o [2]
led_setDim               0x800'93ff       0xa  Code  Gb  led.o [2]
led_setDuty              0x800'935d      0x14  Code  Gb  led.o [2]
led_setPulse             0x800'93f5       0xa  Code  Gb  led.o [2]
led_toggle               0x800'9347       0xa  Code  Gb  led.o [2]
macReceiveTask_attributes
                         0x800'fd8c      0x24  Data  Gb  tcp.o [2]
mac_statistic           0x2001'db1c       0xc  Data  Lc  tcp.o [2]
magic_cookie            0x2000'000c       0x4  Data  Lc  dhcpserver.o [2]
main                     0x800'7cdd      0x56  Code  Gb  main.o [2]
memchr                   0x800'9a31            Code  Gb  memchr.o [14]
memcmp                   0x800'7861            Code  Gb  memcmp.o [14]
memset                   0x800'b0d5      0x14  Code  Gb  memset.o [14]
monitorTask_attributes   0x800'fd68      0x24  Data  Gb  monitor.o [2]
monitor_getTemperature   0x800'922b       0x8  Code  Gb  monitor.o [2]
monitor_getVoltage       0x800'9233       0x8  Code  Gb  monitor.o [2]
monitor_init             0x800'90cd      0x62  Code  Gb  monitor.o [2]
ndigs                    0x800'fb98      0x28  Data  Lc  iar_Stoulx.o [12]
oid_packet_filter       0x2000'0264       0x4  Data  Lc  usbd_rndis.o [10]
on_usbInTxCplt           0x800'947f       0xe  Code  Gb  usb_device.o [3]
on_usbOutRxPacket        0x800'945d      0x22  Code  Gb  usb_device.o [3]
osKernelInitialize       0x800'7ef1      0x20  Code  Gb  cmsis_os2.o [7]
osKernelStart            0x800'7f11      0x3a  Code  Gb  cmsis_os2.o [7]
osThreadNew              0x800'7f4b      0x94  Code  Gb  cmsis_os2.o [7]
permanent_hwaddr         0x800'c184       0x8  Data  Lc  usbd_rndis.o [10]
processingIdle          0x2000'010c       0x1  Data  Lc  tcp.o [2]
prvAddNewTaskToReadyList
                         0x800'50e5      0xe2  Code  Lc  tasks.o [7]
prvCheckForValidListAndQueue
                         0x800'7c71      0x54  Code  Lc  timers.o [7]
prvCheckForValidListAndQueue{1}{2}{3}{4}::ucStaticTimerQueueStorage
                        0x2001'd8ec      0xa0  Data  Lc  timers.o [7]
prvCheckForValidListAndQueue{1}{2}{3}{4}::xStaticTimerQueue
                        0x2001'd89c      0x50  Data  Lc  timers.o [7]
prvCopyDataFromQueue     0x800'6da9      0x2a  Code  Lc  queue.o [7]
prvCopyDataToQueue       0x800'6d2d      0x7c  Code  Lc  queue.o [7]
prvDeleteTCB             0x800'5d71      0x34  Code  Lc  tasks.o [7]
prvIPTask                0x800'4055     0x6a4  Code  Lc  FreeRTOS_IP.o [8]
prvIPTimerCheck          0x800'473f      0x3c  Code  Lc  FreeRTOS_IP.o [8]
prvIPTimerStart          0x800'4713      0x2c  Code  Lc  FreeRTOS_IP.o [8]
prvIdleTask              0x800'5ce1      0x5e  Code  Lc  tasks.o [7]
prvInitialiseNewQueue    0x800'67d9      0x6a  Code  Lc  queue.o [7]
prvInsertBlockIntoFreeList
                         0x800'73b7      0x64  Code  Lc  heap_4.o [7]
prvInsertTimerInActiveList
                         0x800'7c39      0x38  Code  Lc  timers.o [7]
prvProcessNetworkDownEvent{1}::xCallEventHook
                        0x2001'd9e0       0x4  Data  Lc  FreeRTOS_IP.o [8]
prvSampleTimeNow         0x800'7b85      0xb4  Code  Lc  timers.o [7]
prvSampleTimeNow::xLastTime
                        0x2001'd870       0x4  Data  Lc  timers.o [7]
prvSetSynAckOptions      0x800'0b8d      0x72  Code  Lc  FreeRTOS_TCP_IP.o [8]
prvSocketSetMSS          0x800'0fe9      0x3c  Code  Lc  FreeRTOS_TCP_IP.o [8]
prvSockopt_so_buffer     0x800'2cc1      0x3e  Code  Lc  FreeRTOS_Sockets.o [8]
prvTCPAddTxData          0x800'0da9      0x5a  Code  Lc  FreeRTOS_TCP_IP.o [8]
prvTCPCreateWindow       0x800'0b5f      0x2e  Code  Lc  FreeRTOS_TCP_IP.o [8]
prvTCPHandleFin          0x800'0e05     0x1c2  Code  Lc  FreeRTOS_TCP_IP.o [8]
prvTCPNextTimeout        0x800'0d21      0x82  Code  Lc  FreeRTOS_TCP_IP.o [8]
prvTCPReturnPacket       0x800'0961     0x1fe  Code  Lc  FreeRTOS_TCP_IP.o [8]
prvTCPSendSpecialPacketHelper
                         0x800'0fc7      0x22  Code  Lc  FreeRTOS_TCP_IP.o [8]
prvTCPTouchSocket        0x800'0bff      0x20  Code  Lc  FreeRTOS_TCP_IP.o [8]
prvTCPWindowTxCheckAck   0x800'3f0d      0xc2  Code  Lc  FreeRTOS_TCP_WIN.o [8]
prvTCPWindowTxHasSpace   0x800'3d59      0x42  Code  Lc  FreeRTOS_TCP_WIN.o [8]
prvTaskCheckFreeStackSpace
                         0x800'5d3f      0x32  Code  Lc  tasks.o [7]
prvTaskExitError         0x800'7031      0x1c  Code  Lc  port.o [7]
prvTestWaitCondition     0x800'7651      0x14  Code  Lc  event_groups.o [7]
prvTimerTask             0x800'7971     0x214  Code  Lc  timers.o [7]
prvUnlockQueue           0x800'6dd3      0x60  Code  Lc  queue.o [7]
pulse                   0x2000'008d       0x1  Data  Lc  led.o [2]
pvPortMalloc             0x800'71f1     0x154  Code  Gb  heap_4.o [7]
pvTaskIncrementMutexHeldCount
                         0x800'5f87      0x1a  Code  Gb  tasks.o [7]
pxCurrentTCB            0x2001'c674       0x4  Data  Gb  tasks.o [7]
pxCurrentTimerList      0x2001'd860       0x4  Data  Lc  timers.o [7]
pxDelayedTaskList       0x2001'c678       0x4  Data  Lc  tasks.o [7]
pxEnd                   0x2000'03e0       0x4  Data  Lc  heap_4.o [7]
pxGetNetworkBufferWithDescriptor
                         0x800'260b      0x9a  Code  Gb  BufferAllocation_2.o [8]
pxListFindListItemWithValue
                         0x800'2ed7      0x52  Code  Lc  FreeRTOS_Sockets.o [8]
pxOverflowDelayedTaskList
                        0x2001'c67c       0x4  Data  Lc  tasks.o [7]
pxOverflowTimerList     0x2001'd864       0x4  Data  Lc  timers.o [7]
pxPortInitialiseStack    0x800'7009      0x28  Code  Gb  port.o [7]
pxReadyTasksLists       0x2001'c200     0x460  Data  Lc  tasks.o [7]
pxTCPSocketLookup        0x800'34c5      0x44  Code  Gb  FreeRTOS_Sockets.o [8]
pxUDPPayloadBuffer_to_NetworkBuffer
                         0x800'4785      0x12  Code  Gb  FreeRTOS_IP.o [8]
pxUDPSocketLookup        0x800'2f29      0x28  Code  Gb  FreeRTOS_Sockets.o [8]
queue_dequeue            0x800'8da3      0xac  Code  Gb  queuex.o [2]
queue_enqueue            0x800'8e4f      0xb0  Code  Gb  queuex.o [2]
queue_getHeadBuffer      0x800'8eff      0x22  Code  Gb  queuex.o [2]
queue_init               0x800'8c79      0xa8  Code  Gb  queuex.o [2]
queue_isFull             0x800'8f25      0x14  Code  Gb  queuex.o [2]
queue_manager            0x800'8d21      0x82  Code  Gb  queuex.o [2]
rand                     0x800'7e25      0x90  Code  Gb  rand.o [12]
rndis_rx_buffer         0x2000'0268       0x4  Data  Lc  usbd_rndis.o [10]
rndis_statistic         0x2001'db34       0x8  Data  Lc  usb_device.o [3]
snprintf_                0x800'a95b      0x1c  Code  Gb  printf.o [9]
srand                    0x800'7eb5       0xe  Code  Gb  rand.o [12]
station_hwaddr           0x800'c17c       0x8  Data  Lc  usbd_rndis.o [10]
statusMonitorTask        0x800'9131      0xfa  Code  Lc  monitor.o [2]
statusMonitorTask::ADC_Value
                        0x2000'00e0       0x4  Data  Lc  monitor.o [2]
statusMonitorTask::mvSensing
                        0x2000'00e4       0x4  Data  Lc  monitor.o [2]
strlen                   0x800'aa49            Code  Gb  strlen.o [14]
strncmp                  0x800'9a89      0x28  Code  Gb  strncmp.o [12]
strtol                   0x800'9b3d       0x4  Code  Gb  iar_Stolx.o [12]
tcpQueue                0x2001'83f8    0x1ef0  Data  Gb  main.o [2]
tcp_enqueue              0x800'6693      0x44  Code  Gb  tcp.o [2]
tcp_init                 0x800'656d      0x36  Code  Gb  tcp.o [2]
tcp_macTask              0x800'6631      0x60  Code  Lc  tcp.o [2]
tcp_macTaskToNotify     0x2000'0110       0x4  Data  Gb  tcp.o [2]
tcp_output               0x800'65f3      0x3a  Code  Gb  tcp.o [2]
temperature             0x2000'00d8       0x4  Data  Lc  monitor.o [2]
tolower                  0x800'd655      0x14  Code  Gb  tolower.o [12]
tx                      0x2000'0258       0xc  Data  Lc  usbd_rndis.o [10]
ucDNSServerAddressFLASH
                         0x800'6708       0x4  Data  Gb  tcp.o [2]
ucGatewayAddressFLASH    0x800'6704       0x4  Data  Gb  tcp.o [2]
ucHeap                  0x2000'03f8  0x1'8000  Data  Lc  heap_4.o [7]
ucIPAddressFLASH         0x800'66f4       0x4  Data  Gb  tcp.o [2]
ucMACAddressFLASH        0x800'66f8       0x8  Data  Gb  tcp.o [2]
ucMaxSysCallPriority    0x2000'00e8       0x1  Data  Lc  port.o [7]
ucNetMaskFLASH           0x800'6700       0x4  Data  Gb  tcp.o [2]
ulApplicationGetNextSequenceNumber
                         0x800'65dd      0x16  Code  Gb  tcp.o [2]
ulMaxPRIGROUPValue      0x2000'00f0       0x4  Data  Lc  port.o [7]
ulTCPWindowTxAck         0x800'3fcf      0x10  Code  Gb  FreeRTOS_TCP_WIN.o [8]
ulTCPWindowTxGet         0x800'3e03     0x10a  Code  Gb  FreeRTOS_TCP_WIN.o [8]
ulTCPWindowTxSack        0x800'3fe1      0x72  Code  Gb  FreeRTOS_TCP_WIN.o [8]
ulTaskNotifyTake         0x800'5fa1      0xc0  Code  Gb  tasks.o [7]
usGenerateChecksum       0x800'4c59     0x11a  Code  Gb  FreeRTOS_IP.o [8]
usGenerateProtocolChecksum
                         0x800'4a55     0x204  Code  Gb  FreeRTOS_IP.o [8]
usPacketIdentifier      0x2001'db32       0x2  Data  Gb  FreeRTOS_IP.o [8]
usbQueue                0x2001'a2e8    0x1ef0  Data  Gb  main.o [2]
usb_eth_stat            0x2000'0248      0x10  Data  Lc  usbd_rndis.o [10]
usb_forceHostEnum        0x800'94a1      0x60  Code  Gb  usb_device.o [3]
usb_forceHostEnum::i    0x2001'db48       0x4  Data  Lc  usb_device.o [3]
usb_init                 0x800'9421      0x3c  Code  Gb  usb_device.o [3]
usb_output               0x800'948d      0x14  Code  Gb  usb_device.o [3]
uwTick                  0x2000'00f8       0x4  Data  Gb  stm32f4xx_hal.o [6]
uwTickFreq              0x2000'00f4       0x1  Data  Gb  stm32f4xx_hal.o [6]
uwTickPrio              0x2000'00fc       0x4  Data  Gb  stm32f4xx_hal.o [6]
uxCriticalNesting       0x2000'00ec       0x4  Data  Lc  port.o [7]
uxCurrentNumberOfTasks  0x2001'c684       0x4  Data  Lc  tasks.o [7]
uxDeletedTasksWaitingCleanUp
                        0x2001'c680       0x4  Data  Lc  tasks.o [7]
uxListRemove             0x800'6fe1      0x26  Code  Gb  list.o [7]
uxMinimumFreeNetworkBuffers
                        0x2001'd858       0x4  Data  Lc  BufferAllocation_2.o [8]
uxQueueMessagesWaiting   0x800'6cdd      0x24  Code  Gb  queue.o [7]
uxSchedulerSuspended    0x2001'c6a8       0x4  Data  Lc  tasks.o [7]
uxStreamBufferAdd        0x800'4dcd      0xa8  Code  Gb  FreeRTOS_Stream_Buffer.o [8]
uxStreamBufferGet        0x800'4e75      0x8c  Code  Gb  FreeRTOS_Stream_Buffer.o [8]
uxStreamBufferGetSize    0x800'2701      0x12  Code  Lc  FreeRTOS_Sockets.o [8]
uxTaskGetNumberOfTasks   0x800'5485       0xa  Code  Gb  tasks.o [7]
uxTaskGetSystemState     0x800'5491     0x35e  Code  Gb  tasks.o [7]
uxTaskNumber            0x2001'c6a0       0x4  Data  Lc  tasks.o [7]
uxTaskResetEventItemValue
                         0x800'5f6b      0x1c  Code  Gb  tasks.o [7]
uxTopReadyPriority      0x2001'c68c       0x4  Data  Lc  tasks.o [7]
vARPAgeCache             0x800'6399     0x108  Code  Gb  FreeRTOS_ARP.o [8]
vARPGenerateRequestPacket
                         0x800'64e9      0x68  Code  Gb  FreeRTOS_ARP.o [8]
vARPGenerateRequestPacket::xDefaultPartARPPacketHeader
                         0x800'fcac      0x28  Data  Lc  FreeRTOS_ARP.o [8]
vARPRefreshCacheEntry    0x800'61e9      0xfa  Code  Gb  FreeRTOS_ARP.o [8]
vApplicationGetIdleTaskMemory
                         0x800'7905      0x14  Code  Gb  cmsis_os2.o [7]
vApplicationGetIdleTaskMemory::Idle_Stack
                        0x2001'd264     0x200  Data  Lc  cmsis_os2.o [7]
vApplicationGetIdleTaskMemory::Idle_TCB
                        0x2001'd208      0x5c  Data  Lc  cmsis_os2.o [7]
vApplicationGetTimerTaskMemory
                         0x800'907d      0x18  Code  Gb  cmsis_os2.o [7]
vApplicationGetTimerTaskMemory::Timer_Stack
                        0x2001'c730     0x400  Data  Lc  cmsis_os2.o [7]
vApplicationGetTimerTaskMemory::Timer_TCB
                        0x2001'c6d4      0x5c  Data  Lc  cmsis_os2.o [7]
vApplicationIPNetworkEventHook
                         0x800'65a3      0x22  Code  Gb  tcp.o [2]
vApplicationIPNetworkEventHook::xTasksAlreadyCreated
                        0x2000'0164       0x4  Data  Lc  tcp.o [2]
vApplicationIdleHook     0x800'7d33      0x18  Code  Gb  main.o [2]
vApplicationPingReplyHook
                         0x800'6691       0x2  Code  Gb  tcp.o [2]
vEventGroupDelete        0x800'760d      0x44  Code  Gb  event_groups.o [7]
vListInitialise          0x800'6f4d      0x1a  Code  Gb  list.o [7]
vListInitialiseItem      0x800'6f67       0x6  Code  Gb  list.o [7]
vListInsert              0x800'6f89      0x58  Code  Gb  list.o [7]
vListInsertEnd           0x800'6f6d      0x1c  Code  Gb  list.o [7]
vListInsertFifo          0x800'3891      0x1a  Code  Lc  FreeRTOS_TCP_WIN.o [8]
vNetworkSocketsInit      0x800'2713      0x18  Code  Gb  FreeRTOS_Sockets.o [8]
vPortEnableVFP           0x800'9061            Code  Gb  portasm.o [7]
vPortEnterCritical       0x800'715d      0x32  Code  Gb  port.o [7]
vPortExitCritical        0x800'718f      0x22  Code  Gb  port.o [7]
vPortFree                0x800'7345      0x6c  Code  Gb  heap_4.o [7]
vPortSetupTimerInterrupt
                         0x800'8fa1      0x2c  Code  Gb  port.o [7]
vPortStartFirstTask      0x800'9041            Code  Gb  portasm.o [7]
vProcessGeneratedUDPPacket
                         0x800'7709      0xcc  Code  Gb  FreeRTOS_UDP_IP.o [8]
vQueueAddToRegistry      0x800'6e33      0x68  Code  Gb  queue.o [7]
vQueueDelete             0x800'6d01      0x2c  Code  Gb  queue.o [7]
vQueueUnregisterQueue    0x800'6e9b      0x64  Code  Gb  queue.o [7]
vQueueWaitForMessageRestricted
                         0x800'6f05      0x48  Code  Gb  queue.o [7]
vReleaseNetworkBufferAndDescriptor
                         0x800'26a5      0x4c  Code  Gb  BufferAllocation_2.o [8]
vSetMultiCastIPv4MacAddress
                         0x800'4a21      0x32  Code  Gb  FreeRTOS_IP.o [8]
vSocketBind              0x800'2a9d     0x156  Code  Gb  FreeRTOS_Sockets.o [8]
vSocketClose             0x800'2c21      0xa0  Code  Gb  FreeRTOS_Sockets.o [8]
vSocketSelect            0x800'3615     0x156  Code  Gb  FreeRTOS_Sockets.o [8]
vSocketWakeUpUser        0x800'2f59      0x3a  Code  Gb  FreeRTOS_Sockets.o [8]
vTCPStateChange          0x800'0c21     0x100  Code  Gb  FreeRTOS_TCP_IP.o [8]
vTCPWindowCreate         0x800'3999      0xc6  Code  Gb  FreeRTOS_TCP_WIN.o [8]
vTCPWindowDestroy        0x800'3935      0x62  Code  Gb  FreeRTOS_TCP_WIN.o [8]
vTCPWindowFree           0x800'3901      0x32  Code  Lc  FreeRTOS_TCP_WIN.o [8]
vTCPWindowInit           0x800'3a5f      0x48  Code  Gb  FreeRTOS_TCP_WIN.o [8]
vTaskDelay               0x800'527f      0x84  Code  Gb  tasks.o [7]
vTaskDelete              0x800'51c7      0xb8  Code  Gb  tasks.o [7]
vTaskInternalSetTimeOutState
                         0x800'5c47      0x12  Code  Gb  tasks.o [7]
vTaskMissedYield         0x800'5cd5       0xc  Code  Gb  tasks.o [7]
vTaskPlaceOnEventList    0x800'5971      0x82  Code  Gb  tasks.o [7]
vTaskPlaceOnEventListRestricted
                         0x800'5a9b      0x94  Code  Gb  tasks.o [7]
vTaskPlaceOnUnorderedEventList
                         0x800'59f9      0xa2  Code  Gb  tasks.o [7]
vTaskPriorityDisinheritAfterTimeout
                         0x800'5ed1      0x9a  Code  Gb  tasks.o [7]
vTaskRemoveFromUnorderedEventList
                         0x800'5b9f      0x76  Code  Gb  tasks.o [7]
vTaskSetTimeOutState     0x800'5c15      0x32  Code  Gb  tasks.o [7]
vTaskStartScheduler      0x800'5305      0x7c  Code  Gb  tasks.o [7]
vTaskSuspendAll          0x800'5389      0x10  Code  Gb  tasks.o [7]
vTaskSwitchContext       0x800'5905      0x6c  Code  Gb  tasks.o [7]
voltage                 0x2000'00dc       0x4  Data  Lc  monitor.o [2]
webserverHandleTaskToNotify
                        0x2001'db5c       0x4  Data  Gb  webserver.o [2]
webserverHandleTask_attributes
                         0x800'fdd4      0x24  Data  Gb  webserver.o [2]
webserverListenTaskToNotify
                        0x2001'db58       0x4  Data  Gb  webserver.o [2]
webserverListenTask_attributes
                         0x800'fdb0      0x24  Data  Gb  webserver.o [2]
webserver_204            0x800'8573      0x5a  Code  Lc  webserver.o [2]
webserver_400            0x800'85cd      0x5a  Code  Lc  webserver.o [2]
webserver_handle         0x800'80a1     0x20e  Code  Lc  webserver.o [2]
webserver_handle::eelse
                        0x2001'db2e       0x2  Data  Lc  webserver.o [2]
webserver_handle::eintr
                        0x2001'db2c       0x2  Data  Lc  webserver.o [2]
webserver_handle::etimeout
                        0x2001'db2a       0x2  Data  Lc  webserver.o [2]
webserver_handle::serverInstanceMallocError
                        0x2001'db28       0x1  Data  Lc  webserver.o [2]
webserver_handle::uriTooLongError
                        0x2001'db30       0x2  Data  Lc  webserver.o [2]
webserver_homepage       0x800'82b1     0x2c2  Code  Lc  webserver.o [2]
webserver_init           0x800'7fed      0x1c  Code  Gb  webserver.o [2]
webserver_listen         0x800'8009      0x98  Code  Lc  webserver.o [2]
xARPCache               0x2001'd9f8      0x48  Data  Lc  FreeRTOS_ARP.o [8]
xARPTimer               0x2001'd9a0      0x14  Data  Lc  FreeRTOS_IP.o [8]
xActiveTimerList1       0x2001'd874      0x14  Data  Lc  timers.o [7]
xActiveTimerList2       0x2001'd888      0x14  Data  Lc  timers.o [7]
xApplicationGetRandomNumber
                         0x800'65c5      0x18  Code  Gb  tcp.o [2]
xBlockAllocatedBit      0x2000'03f4       0x4  Data  Lc  heap_4.o [7]
xBoundTCPSocketsList    0x2001'dacc      0x14  Data  Gb  FreeRTOS_Sockets.o [8]
xBoundUDPSocketsList    0x2001'dae0      0x14  Data  Gb  FreeRTOS_Sockets.o [8]
xBroadcastMACAddress     0x800'4da0       0x8  Data  Gb  FreeRTOS_IP.o [8]
xBufferAllocFixedSize    0x800'ff34       0x4  Data  Gb  BufferAllocation_2.o [8]
xDefaultAddressing      0x2001'd9e4      0x14  Data  Gb  FreeRTOS_IP.o [8]
xDefaultPartUDPPacketHeader
                        0x2000'0010      0x18  Data  Gb  FreeRTOS_UDP_IP.o [8]
xDelayedTaskList1       0x2001'c6ac      0x14  Data  Lc  tasks.o [7]
xDelayedTaskList2       0x2001'c6c0      0x14  Data  Lc  tasks.o [7]
xEventGroupClearBits     0x800'7539      0x42  Code  Gb  event_groups.o [7]
xEventGroupCreate        0x800'7421      0x1e  Code  Gb  event_groups.o [7]
xEventGroupSetBits       0x800'757b      0x8e  Code  Gb  event_groups.o [7]
xEventGroupWaitBits      0x800'743f      0xfa  Code  Gb  event_groups.o [7]
xFreeBuffersList        0x2001'd844      0x14  Data  Lc  BufferAllocation_2.o [8]
xFreeBytesRemaining     0x2000'03e4       0x4  Data  Lc  heap_4.o [7]
xIPIsNetworkTaskReady    0x800'4d7d       0x6  Code  Gb  FreeRTOS_IP.o [8]
xIPTaskHandle           0x2001'd9d0       0x4  Data  Lc  FreeRTOS_IP.o [8]
xIPTaskInitialised      0x2001'd9dc       0x4  Data  Lc  FreeRTOS_IP.o [8]
xIsCallingFromIPTask     0x800'46f9      0x1a  Code  Gb  FreeRTOS_IP.o [8]
xIsIPv4Multicast         0x800'49fd      0x24  Code  Gb  FreeRTOS_IP.o [8]
xLastGratuitousARPTime  0x2001'da40       0x4  Data  Lc  FreeRTOS_ARP.o [8]
xMinimumEverFreeBytesRemaining
                        0x2000'03e8       0x4  Data  Lc  heap_4.o [7]
xNetworkAddressing      0x2001'd98c      0x14  Data  Gb  FreeRTOS_IP.o [8]
xNetworkBufferDescriptors
                        0x2001'd664     0x1e0  Data  Lc  BufferAllocation_2.o [8]
xNetworkBufferSemaphore
                        0x2001'd85c       0x4  Data  Lc  BufferAllocation_2.o [8]
xNetworkBuffersInitialise
                         0x800'25a5      0x66  Code  Gb  BufferAllocation_2.o [8]
xNetworkDownEventPending
                        0x2001'd9cc       0x4  Data  Lc  FreeRTOS_IP.o [8]
xNetworkEventQueue      0x2001'd9c8       0x4  Data  Gb  FreeRTOS_IP.o [8]
xNetworkInterfaceInitialise
                         0x800'4da9       0x4  Code  Gb  NetworkInterface.o [8]
xNetworkInterfaceOutput
                         0x800'4dad      0x20  Code  Gb  NetworkInterface.o [8]
xNetworkUp              0x2001'd9d8       0x4  Data  Lc  FreeRTOS_IP.o [8]
xNextTaskUnblockTime    0x2001'c6a4       0x4  Data  Lc  tasks.o [7]
xNumOfOverflows         0x2001'c69c       0x4  Data  Lc  tasks.o [7]
xNumberOfSuccessfulAllocations
                        0x2000'03ec       0x4  Data  Lc  heap_4.o [7]
xNumberOfSuccessfulFrees
                        0x2000'03f0       0x4  Data  Lc  heap_4.o [7]
xPendedTicks            0x2001'c694       0x4  Data  Lc  tasks.o [7]
xPendingReadyList       0x2001'c1d8      0x14  Data  Lc  tasks.o [7]
xPortGetFreeHeapSize     0x800'73b1       0x6  Code  Gb  heap_4.o [7]
xPortStartScheduler      0x800'704d     0x110  Code  Gb  port.o [7]
xPortSysTickHandler      0x800'71b1      0x2a  Code  Gb  port.o [7]
xProcessReceivedTCPPacket
                         0x800'103d    0x1516  Code  Gb  FreeRTOS_TCP_IP.o [8]
xProcessReceivedUDPPacket
                         0x800'77d9      0x88  Code  Gb  FreeRTOS_UDP_IP.o [8]
xProcessedTCPMessage    0x2001'd9d4       0x4  Data  Lc  FreeRTOS_IP.o [8]
xQueueCreateCountingSemaphore
                         0x800'6843      0x38  Code  Gb  queue.o [7]
xQueueGenericCreate      0x800'6793      0x46  Code  Gb  queue.o [7]
xQueueGenericCreateStatic
                         0x800'6715      0x7e  Code  Gb  queue.o [7]
xQueueGenericSend        0x800'687d     0x174  Code  Gb  queue.o [7]
xQueueReceive            0x800'69f1     0x152  Code  Gb  queue.o [7]
xQueueRegistry          0x2001'da8c      0x40  Data  Gb  queue.o [7]
xQueueSemaphoreTake      0x800'6b45     0x192  Code  Gb  queue.o [7]
xSchedulerRunning       0x2001'c690       0x4  Data  Lc  tasks.o [7]
xSegmentList            0x2001'daf8      0x14  Data  Lc  FreeRTOS_TCP_WIN.o [8]
xSendEventStructToIPTask
                         0x800'4973      0x4a  Code  Gb  FreeRTOS_IP.o [8]
xSendEventToIPTask       0x800'4925      0x4e  Code  Gb  FreeRTOS_IP.o [8]
xStart                  0x2000'03d8       0x8  Data  Lc  heap_4.o [7]
xSuspendedTaskList      0x2001'c660      0x14  Data  Lc  tasks.o [7]
xTCPCheckNewClient       0x800'2553      0x42  Code  Gb  FreeRTOS_TCP_IP.o [8]
xTCPSegments            0x2001'db0c       0x4  Data  Lc  FreeRTOS_TCP_WIN.o [8]
xTCPSocketCheck          0x800'0199     0x7c8  Code  Gb  FreeRTOS_TCP_IP.o [8]
xTCPTimer               0x2001'd9b4      0x14  Data  Lc  FreeRTOS_IP.o [8]
xTCPTimerCheck           0x800'3445      0x80  Code  Gb  FreeRTOS_Sockets.o [8]
xTCPTimerCheck::xLastTime
                        0x2001'daf4       0x4  Data  Lc  FreeRTOS_Sockets.o [8]
xTCPWindowGetHead        0x800'38eb      0x16  Code  Lc  FreeRTOS_TCP_WIN.o [8]
xTCPWindowRxEmpty        0x800'38cf      0x1c  Code  Gb  FreeRTOS_TCP_WIN.o [8]
xTCPWindowRxFind         0x800'38ab      0x24  Code  Lc  FreeRTOS_TCP_WIN.o [8]
xTCPWindowTxDone         0x800'3d4d       0xc  Code  Gb  FreeRTOS_TCP_WIN.o [8]
xTCPWindowTxHasData      0x800'3d9b      0x68  Code  Gb  FreeRTOS_TCP_WIN.o [8]
xTaskCheckForTimeOut     0x800'5c59      0x7c  Code  Gb  tasks.o [7]
xTaskCreate              0x800'4fff      0xe6  Code  Gb  tasks.o [7]
xTaskCreateStatic        0x800'4f01      0xfe  Code  Gb  tasks.o [7]
xTaskGenericNotify       0x800'6061      0xd6  Code  Gb  tasks.o [7]
xTaskGetCurrentTaskHandle
                         0x800'5da5       0xa  Code  Gb  tasks.o [7]
xTaskGetSchedulerState   0x800'5daf      0x1c  Code  Gb  tasks.o [7]
xTaskGetTickCount        0x800'547b       0xa  Code  Gb  tasks.o [7]
xTaskIncrementTick       0x800'57f1     0x110  Code  Gb  tasks.o [7]
xTaskPriorityDisinherit
                         0x800'5e55      0x7c  Code  Gb  tasks.o [7]
xTaskPriorityInherit     0x800'5dcb      0x8a  Code  Gb  tasks.o [7]
xTaskRemoveFromEventList
                         0x800'5b2f      0x70  Code  Gb  tasks.o [7]
xTaskResumeAll           0x800'5399      0xe2  Code  Gb  tasks.o [7]
xTasksWaitingTermination
                        0x2001'c1ec      0x14  Data  Lc  tasks.o [7]
xTickCount              0x2001'c688       0x4  Data  Lc  tasks.o [7]
xTimerCreateTimerTask    0x800'7919      0x58  Code  Gb  timers.o [7]
xTimerQueue             0x2001'd868       0x4  Data  Lc  timers.o [7]
xTimerTaskHandle        0x2001'd86c       0x4  Data  Lc  timers.o [7]
xTrueValue              0x2000'02fc       0x4  Data  Lc  webserver.o [2]
xYieldPending           0x2001'c698       0x4  Data  Lc  tasks.o [7]


[1] = D:\GitHub\STM32_HAL_RNDIS\EWARM\ITAT_RNDIS\Obj\Application\EWARM
[2] = D:\GitHub\STM32_HAL_RNDIS\EWARM\ITAT_RNDIS\Obj\Application\User\Core
[3] = D:\GitHub\STM32_HAL_RNDIS\EWARM\ITAT_RNDIS\Obj\Application\User\USB_DEVICE\App
[4] = D:\GitHub\STM32_HAL_RNDIS\EWARM\ITAT_RNDIS\Obj\Application\User\USB_DEVICE\Target
[5] = D:\GitHub\STM32_HAL_RNDIS\EWARM\ITAT_RNDIS\Obj\Drivers\CMSIS
[6] = D:\GitHub\STM32_HAL_RNDIS\EWARM\ITAT_RNDIS\Obj\Drivers\STM32F4xx_HAL_Driver
[7] = D:\GitHub\STM32_HAL_RNDIS\EWARM\ITAT_RNDIS\Obj\Middlewares\FreeRTOS
[8] = D:\GitHub\STM32_HAL_RNDIS\EWARM\ITAT_RNDIS\Obj\Middlewares\FreeRTOS_TCP
[9] = D:\GitHub\STM32_HAL_RNDIS\EWARM\ITAT_RNDIS\Obj\Middlewares\PRINTF
[10] = D:\GitHub\STM32_HAL_RNDIS\EWARM\ITAT_RNDIS\Obj\Middlewares\RNDIS
[11] = D:\GitHub\STM32_HAL_RNDIS\EWARM\ITAT_RNDIS\Obj\Middlewares\USB_Device_Library
[12] = dl7M_tlf.a
[13] = m7M_tls.a
[14] = rt7M_tl.a
[15] = shb_l.a

   61'044 bytes of readonly  code memory
    4'821 bytes of readonly  data memory
  122'720 bytes of readwrite data memory

Errors: none
Warnings: none
